Archive member included to satisfy reference by file (symbol)

library.a(initialize.o)       obj/main.o (InitializeHardware)
library.a(stm32f429i_discovery.o)
                              library.a(initialize.o) (BSP_PB_Init)
library.a(stm32f429i_discovery_lcd.o)
                              library.a(initialize.o) (BSP_LCD_Init)
library.a(stm32f429i_discovery_sdram.o)
                              library.a(stm32f429i_discovery_lcd.o) (BSP_SDRAM_Init)
library.a(stm32f4xx_hal.o)    library.a(initialize.o) (HAL_Init)
library.a(stm32f4xx_hal_cortex.o)
                              library.a(stm32f4xx_hal.o) (HAL_NVIC_SetPriorityGrouping)
library.a(stm32f4xx_hal_dma.o)
                              library.a(stm32f429i_discovery_sdram.o) (HAL_DMA_Init)
library.a(stm32f4xx_hal_dma2d.o)
                              library.a(stm32f429i_discovery_lcd.o) (HAL_DMA2D_Init)
library.a(stm32f4xx_hal_gpio.o)
                              library.a(stm32f429i_discovery.o) (HAL_GPIO_Init)
library.a(stm32f4xx_hal_i2c.o)
                              library.a(stm32f429i_discovery.o) (HAL_I2C_Init)
library.a(stm32f4xx_hal_ltdc.o)
                              library.a(stm32f429i_discovery_lcd.o) (HAL_LTDC_Init)
library.a(stm32f4xx_hal_rcc.o)
                              library.a(initialize.o) (HAL_RCC_OscConfig)
library.a(stm32f4xx_hal_rcc_ex.o)
                              library.a(stm32f429i_discovery_lcd.o) (HAL_RCCEx_PeriphCLKConfig)
library.a(stm32f4xx_hal_sdram.o)
                              library.a(stm32f429i_discovery_sdram.o) (HAL_SDRAM_Init)
library.a(stm32f4xx_hal_spi.o)
                              library.a(stm32f429i_discovery.o) (HAL_SPI_Init)
library.a(stm32f4xx_it.o)     library.a(initialize.o) (IncludeThis)
library.a(stm32f4xx_ll_fmc.o)
                              library.a(stm32f4xx_hal_sdram.o) (FMC_SDRAM_Init)
library.a(system_stm32f4xx.o)
                              library.a(stm32f4xx_hal_rcc.o) (SystemCoreClock)
library.a(startup_stm32f429xx.o)
                              library.a(initialize.o) (Reset_Handler)
library.a(ili9341.o)          library.a(stm32f429i_discovery_lcd.o) (ili9341_drv)
/usr/bin/../lib/gcc/arm-none-eabi/7.3.1/../../../../arm-none-eabi/lib/thumb/v7e-m/fpv4-sp/hard/libc.a(lib_a-exit.o)
                              /usr/bin/../lib/gcc/arm-none-eabi/7.3.1/../../../../arm-none-eabi/lib/thumb/v7e-m/fpv4-sp/hard/crt0.o (exit)
/usr/bin/../lib/gcc/arm-none-eabi/7.3.1/../../../../arm-none-eabi/lib/thumb/v7e-m/fpv4-sp/hard/libc.a(lib_a-impure.o)
                              /usr/bin/../lib/gcc/arm-none-eabi/7.3.1/../../../../arm-none-eabi/lib/thumb/v7e-m/fpv4-sp/hard/libc.a(lib_a-exit.o) (_global_impure_ptr)
/usr/bin/../lib/gcc/arm-none-eabi/7.3.1/../../../../arm-none-eabi/lib/thumb/v7e-m/fpv4-sp/hard/libc.a(lib_a-init.o)
                              /usr/bin/../lib/gcc/arm-none-eabi/7.3.1/../../../../arm-none-eabi/lib/thumb/v7e-m/fpv4-sp/hard/crt0.o (__libc_init_array)
/usr/bin/../lib/gcc/arm-none-eabi/7.3.1/../../../../arm-none-eabi/lib/thumb/v7e-m/fpv4-sp/hard/libc.a(lib_a-memset.o)
                              /usr/bin/../lib/gcc/arm-none-eabi/7.3.1/../../../../arm-none-eabi/lib/thumb/v7e-m/fpv4-sp/hard/crt0.o (memset)
/usr/bin/../lib/gcc/arm-none-eabi/7.3.1/../../../../arm-none-eabi/lib/thumb/v7e-m/fpv4-sp/hard/libc.a(lib_a-rand.o)
                              obj/main.o (srand)
/usr/bin/../lib/gcc/arm-none-eabi/7.3.1/../../../../arm-none-eabi/lib/thumb/v7e-m/fpv4-sp/hard/libc.a(lib_a-strcpy.o)
                              library.a(initialize.o) (strcpy)
/usr/bin/../lib/gcc/arm-none-eabi/7.3.1/../../../../arm-none-eabi/lib/thumb/v7e-m/fpv4-sp/hard/libc.a(lib_a-vsprintf.o)
                              obj/main.o (vsprintf)
/usr/bin/../lib/gcc/arm-none-eabi/7.3.1/../../../../arm-none-eabi/lib/thumb/v7e-m/fpv4-sp/hard/libc.a(lib_a-__call_atexit.o)
                              /usr/bin/../lib/gcc/arm-none-eabi/7.3.1/../../../../arm-none-eabi/lib/thumb/v7e-m/fpv4-sp/hard/libc.a(lib_a-exit.o) (__call_exitprocs)
/usr/bin/../lib/gcc/arm-none-eabi/7.3.1/../../../../arm-none-eabi/lib/thumb/v7e-m/fpv4-sp/hard/libc.a(lib_a-atexit.o)
                              /usr/bin/../lib/gcc/arm-none-eabi/7.3.1/../../../../arm-none-eabi/lib/thumb/v7e-m/fpv4-sp/hard/libc.a(lib_a-__call_atexit.o) (atexit)
/usr/bin/../lib/gcc/arm-none-eabi/7.3.1/../../../../arm-none-eabi/lib/thumb/v7e-m/fpv4-sp/hard/libc.a(lib_a-fini.o)
                              /usr/bin/../lib/gcc/arm-none-eabi/7.3.1/../../../../arm-none-eabi/lib/thumb/v7e-m/fpv4-sp/hard/libc.a(lib_a-__call_atexit.o) (__libc_fini_array)
/usr/bin/../lib/gcc/arm-none-eabi/7.3.1/../../../../arm-none-eabi/lib/thumb/v7e-m/fpv4-sp/hard/libc.a(lib_a-lock.o)
                              /usr/bin/../lib/gcc/arm-none-eabi/7.3.1/../../../../arm-none-eabi/lib/thumb/v7e-m/fpv4-sp/hard/libc.a(lib_a-__call_atexit.o) (__retarget_lock_acquire_recursive)
[...]
Memory Configuration

Name             Origin             Length             Attributes
ROM              0x0000000008000000 0x0000000000200000 xr
RAM              0x0000000020000000 0x0000000000030000 xrw
CCM              0x0000000010000000 0x0000000000010000 xrw
*default*        0x0000000000000000 0xffffffffffffffff

Linker script and memory map

LOAD /usr/bin/../lib/gcc/arm-none-eabi/7.3.1/thumb/v7e-m/fpv4-sp/hard/crti.o
LOAD /usr/bin/../lib/gcc/arm-none-eabi/7.3.1/thumb/v7e-m/fpv4-sp/hard/crtbegin.o
LOAD /usr/bin/../lib/gcc/arm-none-eabi/7.3.1/../../../../arm-none-eabi/lib/thumb/v7e-m/fpv4-sp/hard/crt0.o
LOAD obj/main.o
LOAD obj/lab2.o
LOAD library.a
LOAD library.a
LOAD /usr/bin/../lib/gcc/arm-none-eabi/7.3.1/../../../../arm-none-eabi/lib/thumb/v7e-m/fpv4-sp/hard/libc.a
LOAD /usr/bin/../lib/gcc/arm-none-eabi/7.3.1/../../../../arm-none-eabi/lib/thumb/v7e-m/fpv4-sp/hard/libnosys.a
LOAD /usr/bin/../lib/gcc/arm-none-eabi/7.3.1/../../../../arm-none-eabi/lib/thumb/v7e-m/fpv4-sp/hard/libc.a
START GROUP
LOAD /usr/bin/../lib/gcc/arm-none-eabi/7.3.1/thumb/v7e-m/fpv4-sp/hard/libgcc.a
LOAD /usr/bin/../lib/gcc/arm-none-eabi/7.3.1/../../../../arm-none-eabi/lib/thumb/v7e-m/fpv4-sp/hard/libc.a
END GROUP
LOAD /usr/bin/../lib/gcc/arm-none-eabi/7.3.1/thumb/v7e-m/fpv4-sp/hard/crtend.o
LOAD /usr/bin/../lib/gcc/arm-none-eabi/7.3.1/thumb/v7e-m/fpv4-sp/hard/crtn.o

.text           0x0000000008000000     0xbd84
 *(.isr_vector)
 .isr_vector    0x0000000008000000      0x1ac library.a(startup_stm32f429xx.o)
                0x0000000008000000                __isr_vector
 *(.text*)
 .text          0x00000000080001ac       0x40 /usr/bin/../lib/gcc/arm-none-eabi/7.3.1/thumb/v7e-m/fpv4-sp/hard/crtbegin.o
 .text          0x00000000080001ec       0x74 /usr/bin/../lib/gcc/arm-none-eabi/7.3.1/../../../../arm-none-eabi/lib/thumb/v7e-m/fpv4-sp/hard/crt0.o
                0x00000000080001ec                _mainCRTStartup
                0x00000000080001ec                _start
 .text.PutValueAt
                0x0000000008000260       0x5c obj/main.o
 .text.PaintBackground
                0x00000000080002bc       0x54 obj/main.o
 .text.PutStringAt.constprop.0
                0x0000000008000310       0x30 obj/main.o
 .text.startup.main
                0x0000000008000340      0x234 obj/main.o
                0x0000000008000340                main
 .text.printf   0x0000000008000574       0xa4 obj/main.o
                0x0000000008000574                printf
 .text          0x0000000008000618       0x54 obj/lab2.o
                0x0000000008000618                Ten32
                0x0000000008000620                Ten64
                0x000000000800062c                Incr
                0x0000000008000634                Nested1
                0x0000000008000640                Nested2
                0x0000000008000654                PrintTwo
 .text.DisplayHeader
                0x000000000800066c       0x80 library.a(initialize.o)
                0x000000000800066c                DisplayHeader
 .text.DisplayFooter
                0x00000000080006ec       0x58 library.a(initialize.o)
                0x00000000080006ec                DisplayFooter
 .text.InitializeHardware
                0x0000000008000744      0x110 library.a(initialize.o)
                0x0000000008000744                InitializeHardware
 .text.GetRandomNumber
                0x0000000008000854       0x18 library.a(initialize.o)
                0x0000000008000854                GetRandomNumber
 .text.SPIx_Init
                0x000000000800086c       0x94 library.a(stm32f429i_discovery.o)
 .text.SPIx_Write
                0x0000000008000900       0x30 library.a(stm32f429i_discovery.o)
 .text.BSP_PB_Init
                0x0000000008000930       0x70 library.a(stm32f429i_discovery.o)
                0x0000000008000930                BSP_PB_Init
 .text.LCD_IO_Init
                0x00000000080009a0       0xb0 library.a(stm32f429i_discovery.o)
                0x00000000080009a0                LCD_IO_Init
 .text.LCD_IO_WriteData
                0x0000000008000a50       0x38 library.a(stm32f429i_discovery.o)
                0x0000000008000a50                LCD_IO_WriteData
 .text.LCD_IO_WriteReg
                0x0000000008000a88       0x38 library.a(stm32f429i_discovery.o)
                0x0000000008000a88                LCD_IO_WriteReg
 .text.LCD_IO_ReadData
                0x0000000008000ac0       0x6c library.a(stm32f429i_discovery.o)
                0x0000000008000ac0                LCD_IO_ReadData
 .text.LCD_Delay
                0x0000000008000b2c        0x4 library.a(stm32f429i_discovery.o)
                0x0000000008000b2c                LCD_Delay
 .text.FillBuffer
                0x0000000008000b30       0x64 library.a(stm32f429i_discovery_lcd.o)
 .text.BSP_LCD_Init
                0x0000000008000b94      0x1cc library.a(stm32f429i_discovery_lcd.o)
                0x0000000008000b94                BSP_LCD_Init
 .text.BSP_LCD_GetXSize
                0x0000000008000d60       0x10 library.a(stm32f429i_discovery_lcd.o)
                0x0000000008000d60                BSP_LCD_GetXSize
 .text.BSP_LCD_GetYSize
                0x0000000008000d70       0x10 library.a(stm32f429i_discovery_lcd.o)
                0x0000000008000d70                BSP_LCD_GetYSize
 .text.BSP_LCD_LayerDefaultInit
                0x0000000008000d80       0x7c library.a(stm32f429i_discovery_lcd.o)
                0x0000000008000d80                BSP_LCD_LayerDefaultInit
 .text.BSP_LCD_SelectLayer
                0x0000000008000dfc        0xc library.a(stm32f429i_discovery_lcd.o)
                0x0000000008000dfc                BSP_LCD_SelectLayer
 .text.BSP_LCD_SetTextColor
                0x0000000008000e08       0x18 library.a(stm32f429i_discovery_lcd.o)
                0x0000000008000e08                BSP_LCD_SetTextColor
 .text.BSP_LCD_SetBackColor
                0x0000000008000e20       0x18 library.a(stm32f429i_discovery_lcd.o)
                0x0000000008000e20                BSP_LCD_SetBackColor
 .text.BSP_LCD_SetFont
                0x0000000008000e38       0x18 library.a(stm32f429i_discovery_lcd.o)
                0x0000000008000e38                BSP_LCD_SetFont
 .text.BSP_LCD_Clear
                0x0000000008000e50       0x3c library.a(stm32f429i_discovery_lcd.o)
                0x0000000008000e50                BSP_LCD_Clear
 .text.BSP_LCD_DrawHLine
                0x0000000008000e8c       0x50 library.a(stm32f429i_discovery_lcd.o)
                0x0000000008000e8c                BSP_LCD_DrawHLine
 .text.BSP_LCD_DrawVLine
                0x0000000008000edc       0x58 library.a(stm32f429i_discovery_lcd.o)
                0x0000000008000edc                BSP_LCD_DrawVLine
 .text.BSP_LCD_DrawRect
                0x0000000008000f34       0x34 library.a(stm32f429i_discovery_lcd.o)
                0x0000000008000f34                BSP_LCD_DrawRect
 .text.BSP_LCD_FillRect
                0x0000000008000f68       0x5c library.a(stm32f429i_discovery_lcd.o)
                0x0000000008000f68                BSP_LCD_FillRect
 .text.BSP_LCD_DisplayOn
                0x0000000008000fc4       0x10 library.a(stm32f429i_discovery_lcd.o)
                0x0000000008000fc4                BSP_LCD_DisplayOn
 .text.BSP_LCD_DrawPixel
                0x0000000008000fd4       0x2c library.a(stm32f429i_discovery_lcd.o)
                0x0000000008000fd4                BSP_LCD_DrawPixel
 .text.BSP_LCD_DisplayChar
                0x0000000008001000       0xd0 library.a(stm32f429i_discovery_lcd.o)
                0x0000000008001000                BSP_LCD_DisplayChar
 .text.BSP_LCD_DisplayStringAt
                0x00000000080010d0       0xb8 library.a(stm32f429i_discovery_lcd.o)
                0x00000000080010d0                BSP_LCD_DisplayStringAt
 .text.BSP_SDRAM_Initialization_sequence
                0x0000000008001188       0x94 library.a(stm32f429i_discovery_sdram.o)
                0x0000000008001188                BSP_SDRAM_Initialization_sequence
 .text.BSP_SDRAM_Init
                0x000000000800121c      0x1d4 library.a(stm32f429i_discovery_sdram.o)
                0x000000000800121c                BSP_SDRAM_Init
 .text.HAL_MspInit
                0x00000000080013f0        0x2 library.a(stm32f4xx_hal.o)
                0x00000000080013f0                HAL_MspInit
 .text.HAL_InitTick
                0x00000000080013f2       0x24 library.a(stm32f4xx_hal.o)
                0x00000000080013f2                HAL_InitTick
 *fill*         0x0000000008001416        0x2 
 .text.HAL_Init
                0x0000000008001418       0x34 library.a(stm32f4xx_hal.o)
                0x0000000008001418                HAL_Init
 .text.HAL_IncTick
                0x000000000800144c       0x10 library.a(stm32f4xx_hal.o)
                0x000000000800144c                HAL_IncTick
 .text.HAL_GetTick
                0x000000000800145c        0xc library.a(stm32f4xx_hal.o)
                0x000000000800145c                HAL_GetTick
 .text.HAL_Delay
                0x0000000008001468       0x1a library.a(stm32f4xx_hal.o)
                0x0000000008001468                HAL_Delay
 *fill*         0x0000000008001482        0x2 
 .text.HAL_NVIC_SetPriorityGrouping
                0x0000000008001484       0x24 library.a(stm32f4xx_hal_cortex.o)
                0x0000000008001484                HAL_NVIC_SetPriorityGrouping
 .text.HAL_NVIC_SetPriority
                0x00000000080014a8       0x68 library.a(stm32f4xx_hal_cortex.o)
                0x00000000080014a8                HAL_NVIC_SetPriority
 .text.HAL_NVIC_EnableIRQ
                0x0000000008001510       0x18 library.a(stm32f4xx_hal_cortex.o)
                0x0000000008001510                HAL_NVIC_EnableIRQ
 .text.HAL_SYSTICK_Config
                0x0000000008001528       0x2c library.a(stm32f4xx_hal_cortex.o)
                0x0000000008001528                HAL_SYSTICK_Config
 .text.HAL_DMA_Init
                0x0000000008001554       0x78 library.a(stm32f4xx_hal_dma.o)
                0x0000000008001554                HAL_DMA_Init
 .text.HAL_DMA_DeInit
                0x00000000080015cc      0xac4 library.a(stm32f4xx_hal_dma.o)
                0x00000000080015cc                HAL_DMA_DeInit
 .text.DMA2D_SetConfig
                0x0000000008002090       0x80 library.a(stm32f4xx_hal_dma2d.o)
 .text.HAL_DMA2D_MspInit
                0x0000000008002110        0x2 library.a(stm32f4xx_hal_dma2d.o)
                0x0000000008002110                HAL_DMA2D_MspInit
 .text.HAL_DMA2D_Init
                0x0000000008002112       0x5c library.a(stm32f4xx_hal_dma2d.o)
                0x0000000008002112                HAL_DMA2D_Init
 .text.HAL_DMA2D_Start
                0x000000000800216e       0x40 library.a(stm32f4xx_hal_dma2d.o)
                0x000000000800216e                HAL_DMA2D_Start
 .text.HAL_DMA2D_PollForTransfer
                0x00000000080021ae       0xc2 library.a(stm32f4xx_hal_dma2d.o)
                0x00000000080021ae                HAL_DMA2D_PollForTransfer
 .text.HAL_DMA2D_ConfigLayer
                0x0000000008002270       0xe8 library.a(stm32f4xx_hal_dma2d.o)
                0x0000000008002270                HAL_DMA2D_ConfigLayer
 .text.HAL_GPIO_Init
                0x0000000008002358      0x1d8 library.a(stm32f4xx_hal_gpio.o)
                0x0000000008002358                HAL_GPIO_Init
 .text.HAL_GPIO_WritePin
                0x0000000008002530        0xa library.a(stm32f4xx_hal_gpio.o)
                0x0000000008002530                HAL_GPIO_WritePin
 .text.LTDC_SetConfig
                0x000000000800253a      0x148 library.a(stm32f4xx_hal_ltdc.o)
 .text.HAL_LTDC_MspInit
                0x0000000008002682        0x2 library.a(stm32f4xx_hal_ltdc.o)
                0x0000000008002682                HAL_LTDC_MspInit
 .text.HAL_LTDC_Init
                0x0000000008002684       0xfc library.a(stm32f4xx_hal_ltdc.o)
                0x0000000008002684                HAL_LTDC_Init
 .text.HAL_LTDC_ConfigLayer
                0x0000000008002780       0x52 library.a(stm32f4xx_hal_ltdc.o)
                0x0000000008002780                HAL_LTDC_ConfigLayer
 *fill*         0x00000000080027d2        0x2 
 .text.HAL_LTDC_EnableDither
                0x00000000080027d4       0x34 library.a(stm32f4xx_hal_ltdc.o)
                0x00000000080027d4                HAL_LTDC_EnableDither
 .text.HAL_RCC_OscConfig
                0x0000000008002808      0x33c library.a(stm32f4xx_hal_rcc.o)
                0x0000000008002808                HAL_RCC_OscConfig
 .text.HAL_RCC_ClockConfig
                0x0000000008002b44      0x1f8 library.a(stm32f4xx_hal_rcc.o)
                0x0000000008002b44                HAL_RCC_ClockConfig
 .text.HAL_RCC_GetSysClockFreq
                0x0000000008002d3c       0x78 library.a(stm32f4xx_hal_rcc.o)
                0x0000000008002d3c                HAL_RCC_GetSysClockFreq
 .text.HAL_RCC_GetHCLKFreq
                0x0000000008002db4       0x38 library.a(stm32f4xx_hal_rcc.o)
                0x0000000008002db4                HAL_RCC_GetHCLKFreq
 .text.HAL_RCCEx_PeriphCLKConfig
                0x0000000008002dec      0x2e8 library.a(stm32f4xx_hal_rcc_ex.o)
                0x0000000008002dec                HAL_RCCEx_PeriphCLKConfig
 .text.HAL_SDRAM_MspInit
                0x00000000080030d4        0x2 library.a(stm32f4xx_hal_sdram.o)
                0x00000000080030d4                HAL_SDRAM_MspInit
 .text.HAL_SDRAM_Init
                0x00000000080030d6       0x40 library.a(stm32f4xx_hal_sdram.o)
                0x00000000080030d6                HAL_SDRAM_Init
 .text.HAL_SDRAM_SendCommand
                0x0000000008003116       0x2e library.a(stm32f4xx_hal_sdram.o)
                0x0000000008003116                HAL_SDRAM_SendCommand
 .text.HAL_SDRAM_ProgramRefreshRate
                0x0000000008003144       0x24 library.a(stm32f4xx_hal_sdram.o)
                0x0000000008003144                HAL_SDRAM_ProgramRefreshRate
 .text.SPI_WaitOnFlagUntilTimeout
                0x0000000008003168       0x94 library.a(stm32f4xx_hal_spi.o)
 .text.HAL_SPI_MspInit
                0x00000000080031fc        0x2 library.a(stm32f4xx_hal_spi.o)
                0x00000000080031fc                HAL_SPI_MspInit
 .text.HAL_SPI_Init
                0x00000000080031fe       0x82 library.a(stm32f4xx_hal_spi.o)
                0x00000000080031fe                HAL_SPI_Init
 .text.HAL_SPI_MspDeInit
                0x0000000008003280        0x2 library.a(stm32f4xx_hal_spi.o)
                0x0000000008003280                HAL_SPI_MspDeInit
 .text.HAL_SPI_DeInit
                0x0000000008003282       0x26 library.a(stm32f4xx_hal_spi.o)
                0x0000000008003282                HAL_SPI_DeInit
 .text.HAL_SPI_Transmit
                0x00000000080032a8      0x148 library.a(stm32f4xx_hal_spi.o)
                0x00000000080032a8                HAL_SPI_Transmit
 .text.HAL_SPI_TransmitReceive
                0x00000000080033f0      0x2c4 library.a(stm32f4xx_hal_spi.o)
                0x00000000080033f0                HAL_SPI_TransmitReceive
 .text.HAL_SPI_Receive
                0x00000000080036b4      0x1d0 library.a(stm32f4xx_hal_spi.o)
                0x00000000080036b4                HAL_SPI_Receive
 .text.HAL_SPI_GetState
                0x0000000008003884        0x6 library.a(stm32f4xx_hal_spi.o)
                0x0000000008003884                HAL_SPI_GetState
 .text.NMI_Handler
                0x000000000800388a        0x2 library.a(stm32f4xx_it.o)
                0x000000000800388a                NMI_Handler
 .text.SVC_Handler
                0x000000000800388c        0x2 library.a(stm32f4xx_it.o)
                0x000000000800388c                SVC_Handler
 .text.DebugMon_Handler
                0x000000000800388e        0x2 library.a(stm32f4xx_it.o)
                0x000000000800388e                DebugMon_Handler
 .text.PendSV_Handler
                0x0000000008003890        0x2 library.a(stm32f4xx_it.o)
                0x0000000008003890                PendSV_Handler
 .text.SysTick_Handler
                0x0000000008003892        0x4 library.a(stm32f4xx_it.o)
                0x0000000008003892                SysTick_Handler
 *fill*         0x0000000008003896        0x2 
 .text.FMC_SDRAM_Init
                0x0000000008003898       0x6c library.a(stm32f4xx_ll_fmc.o)
                0x0000000008003898                FMC_SDRAM_Init
 .text.FMC_SDRAM_Timing_Init
                0x0000000008003904       0x70 library.a(stm32f4xx_ll_fmc.o)
                0x0000000008003904                FMC_SDRAM_Timing_Init
 .text.FMC_SDRAM_SendCommand
                0x0000000008003974       0x4c library.a(stm32f4xx_ll_fmc.o)
                0x0000000008003974                FMC_SDRAM_SendCommand
 .text.FMC_SDRAM_ProgramRefreshRate
                0x00000000080039c0        0xc library.a(stm32f4xx_ll_fmc.o)
                0x00000000080039c0                FMC_SDRAM_ProgramRefreshRate
 .text.SystemInit
                0x00000000080039cc       0x4c library.a(system_stm32f4xx.o)
                0x00000000080039cc                SystemInit
 .text          0x0000000008003a18      0x118 library.a(startup_stm32f429xx.o)
                0x0000000008003a18                Reset_Handler
                0x0000000008003a68                HardFault_Handler
                0x0000000008003a6a                MemManage_Handler
                0x0000000008003a6c                BusFault_Handler
                0x0000000008003a6e                UsageFault_Handler
                0x0000000008003a70                Default_Handler
                0x0000000008003a72                WWDG_IRQHandler
                0x0000000008003a74                PVD_IRQHandler
                0x0000000008003a76                TAMP_STAMP_IRQHandler
                0x0000000008003a78                RTC_WKUP_IRQHandler
                0x0000000008003a7a                FLASH_IRQHandler
                0x0000000008003a7c                RCC_IRQHandler
                0x0000000008003a7e                EXTI0_IRQHandler
                0x0000000008003a80                EXTI1_IRQHandler
                0x0000000008003a82                EXTI2_IRQHandler
                0x0000000008003a84                EXTI3_IRQHandler
                0x0000000008003a86                EXTI4_IRQHandler
                0x0000000008003a88                DMA1_Stream0_IRQHandler
                0x0000000008003a8a                DMA1_Stream1_IRQHandler
                0x0000000008003a8c                DMA1_Stream2_IRQHandler
                0x0000000008003a8e                DMA1_Stream3_IRQHandler
                0x0000000008003a90                DMA1_Stream4_IRQHandler
                0x0000000008003a92                DMA1_Stream5_IRQHandler
                0x0000000008003a94                DMA1_Stream6_IRQHandler
                0x0000000008003a96                ADC_IRQHandler
                0x0000000008003a98                CAN1_TX_IRQHandler
                0x0000000008003a9a                CAN1_RX0_IRQHandler
                0x0000000008003a9c                CAN1_RX1_IRQHandler
                0x0000000008003a9e                CAN1_SCE_IRQHandler
                0x0000000008003aa0                EXTI9_5_IRQHandler
                0x0000000008003aa2                TIM1_BRK_TIM9_IRQHandler
                0x0000000008003aa4                TIM1_UP_TIM10_IRQHandler
                0x0000000008003aa6                TIM1_TRG_COM_TIM11_IRQHandler
                0x0000000008003aa8                TIM1_CC_IRQHandler
                0x0000000008003aaa                TIM2_IRQHandler
                0x0000000008003aac                TIM3_IRQHandler
                0x0000000008003aae                TIM4_IRQHandler
                0x0000000008003ab0                I2C1_EV_IRQHandler
                0x0000000008003ab2                I2C1_ER_IRQHandler
                0x0000000008003ab4                I2C2_EV_IRQHandler
                0x0000000008003ab6                I2C2_ER_IRQHandler
                0x0000000008003ab8                SPI1_IRQHandler
                0x0000000008003aba                SPI2_IRQHandler
                0x0000000008003abc                USART1_IRQHandler
                0x0000000008003abe                USART2_IRQHandler
                0x0000000008003ac0                USART3_IRQHandler
                0x0000000008003ac2                EXTI15_10_IRQHandler
                0x0000000008003ac4                RTC_Alarm_IRQHandler
                0x0000000008003ac6                OTG_FS_WKUP_IRQHandler
                0x0000000008003ac8                TIM8_BRK_TIM12_IRQHandler
                0x0000000008003aca                TIM8_UP_TIM13_IRQHandler
                0x0000000008003acc                TIM8_TRG_COM_TIM14_IRQHandler
                0x0000000008003ace                TIM8_CC_IRQHandler
                0x0000000008003ad0                DMA1_Stream7_IRQHandler
                0x0000000008003ad2                FSMC_IRQHandler
                0x0000000008003ad4                SDIO_IRQHandler
                0x0000000008003ad6                TIM5_IRQHandler
                0x0000000008003ad8                SPI3_IRQHandler
                0x0000000008003ada                UART4_IRQHandler
                0x0000000008003adc                UART5_IRQHandler
                0x0000000008003ade                TIM6_DAC_IRQHandler
                0x0000000008003ae0                TIM7_IRQHandler
                0x0000000008003ae2                DMA2_Stream0_IRQHandler
                0x0000000008003ae4                DMA2_Stream1_IRQHandler
                0x0000000008003ae6                DMA2_Stream2_IRQHandler
                0x0000000008003ae8                DMA2_Stream3_IRQHandler
                0x0000000008003aea                DMA2_Stream4_IRQHandler
                0x0000000008003aec                ETH_IRQHandler
                0x0000000008003aee                ETH_WKUP_IRQHandler
                0x0000000008003af0                CAN2_TX_IRQHandler
                0x0000000008003af2                CAN2_RX0_IRQHandler
                0x0000000008003af4                CAN2_RX1_IRQHandler
                0x0000000008003af6                CAN2_SCE_IRQHandler
                0x0000000008003af8                OTG_FS_IRQHandler
                0x0000000008003afa                DMA2_Stream5_IRQHandler
                0x0000000008003afc                DMA2_Stream6_IRQHandler
                0x0000000008003afe                DMA2_Stream7_IRQHandler
                0x0000000008003b00                USART6_IRQHandler
                0x0000000008003b02                I2C3_EV_IRQHandler
                0x0000000008003b04                I2C3_ER_IRQHandler
                0x0000000008003b06                OTG_HS_EP1_OUT_IRQHandler
                0x0000000008003b08                OTG_HS_EP1_IN_IRQHandler
                0x0000000008003b0a                OTG_HS_WKUP_IRQHandler
                0x0000000008003b0c                OTG_HS_IRQHandler
                0x0000000008003b0e                DCMI_IRQHandler
                0x0000000008003b10                CRYP_IRQHandler
                0x0000000008003b12                HASH_RNG_IRQHandler
                0x0000000008003b14                FPU_IRQHandler
                0x0000000008003b16                UART7_IRQHandler
                0x0000000008003b18                UART8_IRQHandler
                0x0000000008003b1a                SPI4_IRQHandler
                0x0000000008003b1c                SPI5_IRQHandler
                0x0000000008003b1e                SPI6_IRQHandler
                0x0000000008003b20                SAI1_IRQHandler
                0x0000000008003b22                LTDC_IRQHandler
                0x0000000008003b24                LTDC_ER_IRQHandler
                0x0000000008003b26                DMA2D_IRQHandler
 .text.ili9341_GetLcdPixelWidth
                0x0000000008003b30        0x4 library.a(ili9341.o)
                0x0000000008003b30                ili9341_GetLcdPixelWidth
 .text.ili9341_GetLcdPixelHeight
                0x0000000008003b34        0x6 library.a(ili9341.o)
                0x0000000008003b34                ili9341_GetLcdPixelHeight
 .text.ili9341_DisplayOn
                0x0000000008003b3a        0x6 library.a(ili9341.o)
                0x0000000008003b3a                ili9341_DisplayOn
 .text.ili9341_DisplayOff
                0x0000000008003b40        0x6 library.a(ili9341.o)
                0x0000000008003b40                ili9341_DisplayOff
 .text.ili9341_Init
                0x0000000008003b46      0x292 library.a(ili9341.o)
                0x0000000008003b46                ili9341_Init
 .text.ili9341_ReadID
                0x0000000008003dd8       0x12 library.a(ili9341.o)
                0x0000000008003dd8                ili9341_ReadID
 *fill*         0x0000000008003dea        0x2 
 .text.exit     0x0000000008003dec       0x20 /usr/bin/../lib/gcc/arm-none-eabi/7.3.1/../../../../arm-none-eabi/lib/thumb/v7e-m/fpv4-sp/hard/libc.a(lib_a-exit.o)
                0x0000000008003dec                exit
 .text.__libc_init_array
                0x0000000008003e0c       0x48 /usr/bin/../lib/gcc/arm-none-eabi/7.3.1/../../../../arm-none-eabi/lib/thumb/v7e-m/fpv4-sp/hard/libc.a(lib_a-init.o)
                0x0000000008003e0c                __libc_init_array
 .text.memset   0x0000000008003e54       0x94 /usr/bin/../lib/gcc/arm-none-eabi/7.3.1/../../../../arm-none-eabi/lib/thumb/v7e-m/fpv4-sp/hard/libc.a(lib_a-memset.o)
                0x0000000008003e54                memset
 .text.srand    0x0000000008003ee8       0x10 /usr/bin/../lib/gcc/arm-none-eabi/7.3.1/../../../../arm-none-eabi/lib/thumb/v7e-m/fpv4-sp/hard/libc.a(lib_a-rand.o)
                0x0000000008003ee8                srand
 .text.rand     0x0000000008003ef8       0x3c /usr/bin/../lib/gcc/arm-none-eabi/7.3.1/../../../../arm-none-eabi/lib/thumb/v7e-m/fpv4-sp/hard/libc.a(lib_a-rand.o)
                0x0000000008003ef8                rand
 .text._vsprintf_r
                0x0000000008003f34       0x28 /usr/bin/../lib/gcc/arm-none-eabi/7.3.1/../../../../arm-none-eabi/lib/thumb/v7e-m/fpv4-sp/hard/libc.a(lib_a-vsprintf.o)
                0x0000000008003f34                _vsprintf_r
 .text.vsprintf
                0x0000000008003f5c       0x18 /usr/bin/../lib/gcc/arm-none-eabi/7.3.1/../../../../arm-none-eabi/lib/thumb/v7e-m/fpv4-sp/hard/libc.a(lib_a-vsprintf.o)
                0x0000000008003f5c                vsprintf
 .text.startup.register_fini
                0x0000000008003f74       0x14 /usr/bin/../lib/gcc/arm-none-eabi/7.3.1/../../../../arm-none-eabi/lib/thumb/v7e-m/fpv4-sp/hard/libc.a(lib_a-__call_atexit.o)
 .text.__call_exitprocs
                0x0000000008003f88       0xe8 /usr/bin/../lib/gcc/arm-none-eabi/7.3.1/../../../../arm-none-eabi/lib/thumb/v7e-m/fpv4-sp/hard/libc.a(lib_a-__call_atexit.o)
                0x0000000008003f88                __call_exitprocs
 .text.atexit   0x0000000008004070        0xc /usr/bin/../lib/gcc/arm-none-eabi/7.3.1/../../../../arm-none-eabi/lib/thumb/v7e-m/fpv4-sp/hard/libc.a(lib_a-atexit.o)
                0x0000000008004070                atexit
 .text.__libc_fini_array
                0x000000000800407c       0x34 /usr/bin/../lib/gcc/arm-none-eabi/7.3.1/../../../../arm-none-eabi/lib/thumb/v7e-m/fpv4-sp/hard/libc.a(lib_a-fini.o)
                0x000000000800407c                __libc_fini_array
 .text.__retarget_lock_acquire_recursive
                0x00000000080040b0        0x4 /usr/bin/../lib/gcc/arm-none-eabi/7.3.1/../../../../arm-none-eabi/lib/thumb/v7e-m/fpv4-sp/hard/libc.a(lib_a-lock.o)
                0x00000000080040b0                __retarget_lock_acquire_recursive
 .text.__retarget_lock_release_recursive
                0x00000000080040b4        0x4 /usr/bin/../lib/gcc/arm-none-eabi/7.3.1/../../../../arm-none-eabi/lib/thumb/v7e-m/fpv4-sp/hard/libc.a(lib_a-lock.o)
                0x00000000080040b4                __retarget_lock_release_recursive
 .text._svfprintf_r
                0x00000000080040b8     0x19cc /usr/bin/../lib/gcc/arm-none-eabi/7.3.1/../../../../arm-none-eabi/lib/thumb/v7e-m/fpv4-sp/hard/libc.a(lib_a-svfprintf.o)
                0x00000000080040b8                _svfprintf_r
 .text.__register_exitproc
                0x0000000008005a84       0xc0 /usr/bin/../lib/gcc/arm-none-eabi/7.3.1/../../../../arm-none-eabi/lib/thumb/v7e-m/fpv4-sp/hard/libc.a(lib_a-__atexit.o)
                0x0000000008005a84                __register_exitproc
 .text.quorem   0x0000000008005b44      0x124 /usr/bin/../lib/gcc/arm-none-eabi/7.3.1/../../../../arm-none-eabi/lib/thumb/v7e-m/fpv4-sp/hard/libc.a(lib_a-dtoa.o)
 .text._dtoa_r  0x0000000008005c68      0xe20 /usr/bin/../lib/gcc/arm-none-eabi/7.3.1/../../../../arm-none-eabi/lib/thumb/v7e-m/fpv4-sp/hard/libc.a(lib_a-dtoa.o)
                0x0000000008005c68                _dtoa_r
 .text._malloc_trim_r
                0x0000000008006a88       0xa0 /usr/bin/../lib/gcc/arm-none-eabi/7.3.1/../../../../arm-none-eabi/lib/thumb/v7e-m/fpv4-sp/hard/libc.a(lib_a-freer.o)
                0x0000000008006a88                _malloc_trim_r
 .text._free_r  0x0000000008006b28      0x1e8 /usr/bin/../lib/gcc/arm-none-eabi/7.3.1/../../../../arm-none-eabi/lib/thumb/v7e-m/fpv4-sp/hard/libc.a(lib_a-freer.o)
                0x0000000008006b28                _free_r
 .text._localeconv_r
                0x0000000008006d10       0x1c /usr/bin/../lib/gcc/arm-none-eabi/7.3.1/../../../../arm-none-eabi/lib/thumb/v7e-m/fpv4-sp/hard/libc.a(lib_a-localeconv.o)
                0x0000000008006d10                _localeconv_r
 .text._malloc_r
                0x0000000008006d2c      0x548 /usr/bin/../lib/gcc/arm-none-eabi/7.3.1/../../../../arm-none-eabi/lib/thumb/v7e-m/fpv4-sp/hard/libc.a(lib_a-mallocr.o)
                0x0000000008006d2c                _malloc_r
 *fill*         0x0000000008007274        0xc 
 .text          0x0000000008007280       0xa0 /usr/bin/../lib/gcc/arm-none-eabi/7.3.1/../../../../arm-none-eabi/lib/thumb/v7e-m/fpv4-sp/hard/libc.a(lib_a-memchr.o)
                0x0000000008007280                memchr
 .text          0x0000000008007320      0x134 /usr/bin/../lib/gcc/arm-none-eabi/7.3.1/../../../../arm-none-eabi/lib/thumb/v7e-m/fpv4-sp/hard/libc.a(lib_a-memcpy.o)
                0x0000000008007320                memcpy
 .text.__malloc_lock
                0x0000000008007454        0xc /usr/bin/../lib/gcc/arm-none-eabi/7.3.1/../../../../arm-none-eabi/lib/thumb/v7e-m/fpv4-sp/hard/libc.a(lib_a-mlock.o)
                0x0000000008007454                __malloc_lock
 .text.__malloc_unlock
                0x0000000008007460        0xc /usr/bin/../lib/gcc/arm-none-eabi/7.3.1/../../../../arm-none-eabi/lib/thumb/v7e-m/fpv4-sp/hard/libc.a(lib_a-mlock.o)
                0x0000000008007460                __malloc_unlock
 .text._Balloc  0x000000000800746c       0x4c /usr/bin/../lib/gcc/arm-none-eabi/7.3.1/../../../../arm-none-eabi/lib/thumb/v7e-m/fpv4-sp/hard/libc.a(lib_a-mprec.o)
                0x000000000800746c                _Balloc
 .text._Bfree   0x00000000080074b8       0x14 /usr/bin/../lib/gcc/arm-none-eabi/7.3.1/../../../../arm-none-eabi/lib/thumb/v7e-m/fpv4-sp/hard/libc.a(lib_a-mprec.o)
                0x00000000080074b8                _Bfree
 .text.__multadd
                0x00000000080074cc       0x80 /usr/bin/../lib/gcc/arm-none-eabi/7.3.1/../../../../arm-none-eabi/lib/thumb/v7e-m/fpv4-sp/hard/libc.a(lib_a-mprec.o)
                0x00000000080074cc                __multadd
 .text.__hi0bits
                0x000000000800754c       0x40 /usr/bin/../lib/gcc/arm-none-eabi/7.3.1/../../../../arm-none-eabi/lib/thumb/v7e-m/fpv4-sp/hard/libc.a(lib_a-mprec.o)
                0x000000000800754c                __hi0bits
 .text.__lo0bits
                0x000000000800758c       0x60 /usr/bin/../lib/gcc/arm-none-eabi/7.3.1/../../../../arm-none-eabi/lib/thumb/v7e-m/fpv4-sp/hard/libc.a(lib_a-mprec.o)
                0x000000000800758c                __lo0bits
 .text.__i2b    0x00000000080075ec       0x14 /usr/bin/../lib/gcc/arm-none-eabi/7.3.1/../../../../arm-none-eabi/lib/thumb/v7e-m/fpv4-sp/hard/libc.a(lib_a-mprec.o)
                0x00000000080075ec                __i2b
 .text.__multiply
                0x0000000008007600      0x14c /usr/bin/../lib/gcc/arm-none-eabi/7.3.1/../../../../arm-none-eabi/lib/thumb/v7e-m/fpv4-sp/hard/libc.a(lib_a-mprec.o)
                0x0000000008007600                __multiply
 .text.__pow5mult
                0x000000000800774c       0xa0 /usr/bin/../lib/gcc/arm-none-eabi/7.3.1/../../../../arm-none-eabi/lib/thumb/v7e-m/fpv4-sp/hard/libc.a(lib_a-mprec.o)
                0x000000000800774c                __pow5mult
 .text.__lshift
                0x00000000080077ec       0xac /usr/bin/../lib/gcc/arm-none-eabi/7.3.1/../../../../arm-none-eabi/lib/thumb/v7e-m/fpv4-sp/hard/libc.a(lib_a-mprec.o)
                0x00000000080077ec                __lshift
 .text.__mcmp   0x0000000008007898       0x38 /usr/bin/../lib/gcc/arm-none-eabi/7.3.1/../../../../arm-none-eabi/lib/thumb/v7e-m/fpv4-sp/hard/libc.a(lib_a-mprec.o)
                0x0000000008007898                __mcmp
 .text.__mdiff  0x00000000080078d0       0xec /usr/bin/../lib/gcc/arm-none-eabi/7.3.1/../../../../arm-none-eabi/lib/thumb/v7e-m/fpv4-sp/hard/libc.a(lib_a-mprec.o)
                0x00000000080078d0                __mdiff
 .text.__d2b    0x00000000080079bc       0xc4 /usr/bin/../lib/gcc/arm-none-eabi/7.3.1/../../../../arm-none-eabi/lib/thumb/v7e-m/fpv4-sp/hard/libc.a(lib_a-mprec.o)
                0x00000000080079bc                __d2b
 .text.frexp    0x0000000008007a80       0x68 /usr/bin/../lib/gcc/arm-none-eabi/7.3.1/../../../../arm-none-eabi/lib/thumb/v7e-m/fpv4-sp/hard/libc.a(lib_a-s_frexp.o)
                0x0000000008007a80                frexp
 .text._sbrk_r  0x0000000008007ae8       0x24 /usr/bin/../lib/gcc/arm-none-eabi/7.3.1/../../../../arm-none-eabi/lib/thumb/v7e-m/fpv4-sp/hard/libc.a(lib_a-sbrkr.o)
                0x0000000008007ae8                _sbrk_r
 *fill*         0x0000000008007b0c       0x34 
 .text          0x0000000008007b40       0xdc /usr/bin/../lib/gcc/arm-none-eabi/7.3.1/../../../../arm-none-eabi/lib/thumb/v7e-m/fpv4-sp/hard/libc.a(lib_a-strlen.o)
                0x0000000008007b40                strlen
 .text.strncpy  0x0000000008007c1c       0x64 /usr/bin/../lib/gcc/arm-none-eabi/7.3.1/../../../../arm-none-eabi/lib/thumb/v7e-m/fpv4-sp/hard/libc.a(lib_a-strncpy.o)
                0x0000000008007c1c                strncpy
 .text.__ssprint_r
                0x0000000008007c80       0xf4 /usr/bin/../lib/gcc/arm-none-eabi/7.3.1/../../../../arm-none-eabi/lib/thumb/v7e-m/fpv4-sp/hard/libc.a(lib_a-svfiprintf.o)
                0x0000000008007c80                __ssprint_r
 .text._calloc_r
                0x0000000008007d74       0x68 /usr/bin/../lib/gcc/arm-none-eabi/7.3.1/../../../../arm-none-eabi/lib/thumb/v7e-m/fpv4-sp/hard/libc.a(lib_a-callocr.o)
                0x0000000008007d74                _calloc_r
 .text.__ascii_mbtowc
                0x0000000008007ddc       0x2c /usr/bin/../lib/gcc/arm-none-eabi/7.3.1/../../../../arm-none-eabi/lib/thumb/v7e-m/fpv4-sp/hard/libc.a(lib_a-mbtowc_r.o)
                0x0000000008007ddc                __ascii_mbtowc
 .text.memmove  0x0000000008007e08       0xc8 /usr/bin/../lib/gcc/arm-none-eabi/7.3.1/../../../../arm-none-eabi/lib/thumb/v7e-m/fpv4-sp/hard/libc.a(lib_a-memmove.o)
                0x0000000008007e08                memmove
 .text._realloc_r
                0x0000000008007ed0      0x35c /usr/bin/../lib/gcc/arm-none-eabi/7.3.1/../../../../arm-none-eabi/lib/thumb/v7e-m/fpv4-sp/hard/libc.a(lib_a-reallocr.o)
                0x0000000008007ed0                _realloc_r
 .text.__ascii_wctomb
                0x000000000800822c       0x1c /usr/bin/../lib/gcc/arm-none-eabi/7.3.1/../../../../arm-none-eabi/lib/thumb/v7e-m/fpv4-sp/hard/libc.a(lib_a-wctomb_r.o)
                0x000000000800822c                __ascii_wctomb
 .text._sbrk    0x0000000008008248       0x1c /usr/bin/../lib/gcc/arm-none-eabi/7.3.1/../../../../arm-none-eabi/lib/thumb/v7e-m/fpv4-sp/hard/libnosys.a(sbrk.o)
                0x0000000008008248                _sbrk
 .text._exit    0x0000000008008264        0x4 /usr/bin/../lib/gcc/arm-none-eabi/7.3.1/../../../../arm-none-eabi/lib/thumb/v7e-m/fpv4-sp/hard/libnosys.a(_exit.o)
                0x0000000008008264                _exit
 .text          0x0000000008008268      0x378 /usr/bin/../lib/gcc/arm-none-eabi/7.3.1/thumb/v7e-m/fpv4-sp/hard/libgcc.a(_arm_addsubdf3.o)
                0x0000000008008268                __aeabi_drsub
                0x0000000008008270                __aeabi_dsub
                0x0000000008008270                __subdf3
                0x0000000008008274                __adddf3
                0x0000000008008274                __aeabi_dadd
                0x00000000080084ec                __aeabi_ui2d
                0x00000000080084ec                __floatunsidf
                0x000000000800850c                __floatsidf
                0x000000000800850c                __aeabi_i2d
                0x0000000008008530                __extendsfdf2
                0x0000000008008530                __aeabi_f2d
                0x0000000008008574                __aeabi_ul2d
                0x0000000008008574                __floatundidf
                0x0000000008008584                __floatdidf
                0x0000000008008584                __aeabi_l2d
 .text          0x00000000080085e0      0x424 /usr/bin/../lib/gcc/arm-none-eabi/7.3.1/thumb/v7e-m/fpv4-sp/hard/libgcc.a(_arm_muldivdf3.o)
                0x00000000080085e0                __aeabi_dmul
                0x00000000080085e0                __muldf3
                0x0000000008008834                __aeabi_ddiv
                0x0000000008008834                __divdf3
 .text          0x0000000008008a04      0x110 /usr/bin/../lib/gcc/arm-none-eabi/7.3.1/thumb/v7e-m/fpv4-sp/hard/libgcc.a(_arm_cmpdf2.o)
                0x0000000008008a04                __gtdf2
                0x0000000008008a04                __gedf2
                0x0000000008008a0c                __ltdf2
                0x0000000008008a0c                __ledf2
                0x0000000008008a14                __cmpdf2
                0x0000000008008a14                __eqdf2
                0x0000000008008a14                __nedf2
                0x0000000008008a90                __aeabi_cdrcmple
                0x0000000008008aa0                __aeabi_cdcmple
                0x0000000008008aa0                __aeabi_cdcmpeq
                0x0000000008008ab0                __aeabi_dcmpeq
                0x0000000008008ac4                __aeabi_dcmplt
                0x0000000008008ad8                __aeabi_dcmple
                0x0000000008008aec                __aeabi_dcmpge
                0x0000000008008b00                __aeabi_dcmpgt
 .text          0x0000000008008b14       0x2c /usr/bin/../lib/gcc/arm-none-eabi/7.3.1/thumb/v7e-m/fpv4-sp/hard/libgcc.a(_arm_unorddf2.o)
                0x0000000008008b14                __aeabi_dcmpun
                0x0000000008008b14                __unorddf2
 .text          0x0000000008008b40       0x50 /usr/bin/../lib/gcc/arm-none-eabi/7.3.1/thumb/v7e-m/fpv4-sp/hard/libgcc.a(_arm_fixdfsi.o)
                0x0000000008008b40                __fixdfsi
                0x0000000008008b40                __aeabi_d2iz
 .text          0x0000000008008b90       0x30 /usr/bin/../lib/gcc/arm-none-eabi/7.3.1/thumb/v7e-m/fpv4-sp/hard/libgcc.a(_aeabi_uldivmod.o)
                0x0000000008008b90                __aeabi_uldivmod
 .text          0x0000000008008bc0      0x2cc /usr/bin/../lib/gcc/arm-none-eabi/7.3.1/thumb/v7e-m/fpv4-sp/hard/libgcc.a(_udivmoddi4.o)
                0x0000000008008bc0                __udivmoddi4
 .text          0x0000000008008e8c        0x4 /usr/bin/../lib/gcc/arm-none-eabi/7.3.1/thumb/v7e-m/fpv4-sp/hard/libgcc.a(_dvmd_tls.o)
                0x0000000008008e8c                __aeabi_ldiv0
                0x0000000008008e8c                __aeabi_idiv0
 *(.init)
 .init          0x0000000008008e90        0x4 /usr/bin/../lib/gcc/arm-none-eabi/7.3.1/thumb/v7e-m/fpv4-sp/hard/crti.o
                0x0000000008008e90                _init
 .init          0x0000000008008e94        0x8 /usr/bin/../lib/gcc/arm-none-eabi/7.3.1/thumb/v7e-m/fpv4-sp/hard/crtn.o
 *(.fini)
 .fini          0x0000000008008e9c        0x4 /usr/bin/../lib/gcc/arm-none-eabi/7.3.1/thumb/v7e-m/fpv4-sp/hard/crti.o
                0x0000000008008e9c                _fini
 .fini          0x0000000008008ea0        0x8 /usr/bin/../lib/gcc/arm-none-eabi/7.3.1/thumb/v7e-m/fpv4-sp/hard/crtn.o
 *crtbegin.o(.ctors)
 *crtbegin?.o(.ctors)
 *(EXCLUDE_FILE(*crtend.o *crtend?.o) .ctors)
 *(SORT_BY_NAME(.ctors.*))
 *(.ctors)
 *crtbegin.o(.dtors)
 *crtbegin?.o(.dtors)
 *(EXCLUDE_FILE(*crtend.o *crtend?.o) .dtors)
 *(SORT_BY_NAME(.dtors.*))
 *(.dtors)
 *(.rodata*)
 .rodata.main.str1.4
                0x0000000008008ea8       0xf8 obj/main.o
 .rodata.printf.str1.4
                0x0000000008008fa0       0x14 obj/main.o
 .rodata.DisplayHeader.str1.1
                0x0000000008008fb4       0x27 library.a(initialize.o)
 .rodata.Font12_Table
                0x0000000008008fdb      0x474 library.a(stm32f429i_discovery_lcd.o)
                0x0000000008008fdb                Font12_Table
 .rodata.Font16_Table
                0x000000000800944f      0xbe0 library.a(stm32f429i_discovery_lcd.o)
                0x000000000800944f                Font16_Table
 .rodata.Font24_Table
                0x000000000800a02f     0x1ab8 library.a(stm32f429i_discovery_lcd.o)
                0x000000000800a02f                Font24_Table
 .rodata.APBAHBPrescTable
                0x000000000800bae7       0x10 library.a(stm32f4xx_hal_rcc.o)
                0x000000000800bae7                APBAHBPrescTable
 *fill*         0x000000000800baf7        0x1 
 .rodata._global_impure_ptr
                0x000000000800baf8        0x4 /usr/bin/../lib/gcc/arm-none-eabi/7.3.1/../../../../arm-none-eabi/lib/thumb/v7e-m/fpv4-sp/hard/libc.a(lib_a-impure.o)
                0x000000000800baf8                _global_impure_ptr
 .rodata._svfprintf_r.str1.4
                0x000000000800bafc       0x42 /usr/bin/../lib/gcc/arm-none-eabi/7.3.1/../../../../arm-none-eabi/lib/thumb/v7e-m/fpv4-sp/hard/libc.a(lib_a-svfprintf.o)
 *fill*         0x000000000800bb3e        0x2 
 .rodata.blanks.8590
                0x000000000800bb40       0x10 /usr/bin/../lib/gcc/arm-none-eabi/7.3.1/../../../../arm-none-eabi/lib/thumb/v7e-m/fpv4-sp/hard/libc.a(lib_a-svfprintf.o)
 .rodata.zeroes.8591
                0x000000000800bb50       0x10 /usr/bin/../lib/gcc/arm-none-eabi/7.3.1/../../../../arm-none-eabi/lib/thumb/v7e-m/fpv4-sp/hard/libc.a(lib_a-svfprintf.o)
 .rodata._dtoa_r.str1.4
                0x000000000800bb60       0x10 /usr/bin/../lib/gcc/arm-none-eabi/7.3.1/../../../../arm-none-eabi/lib/thumb/v7e-m/fpv4-sp/hard/libc.a(lib_a-dtoa.o)
                                         0x12 (size before relaxing)
 .rodata.__mprec_bigtens
                0x000000000800bb70       0x28 /usr/bin/../lib/gcc/arm-none-eabi/7.3.1/../../../../arm-none-eabi/lib/thumb/v7e-m/fpv4-sp/hard/libc.a(lib_a-mprec.o)
                0x000000000800bb70                __mprec_bigtens
 .rodata.__mprec_tens
                0x000000000800bb98       0xc8 /usr/bin/../lib/gcc/arm-none-eabi/7.3.1/../../../../arm-none-eabi/lib/thumb/v7e-m/fpv4-sp/hard/libc.a(lib_a-mprec.o)
                0x000000000800bb98                __mprec_tens
 .rodata.p05.7367
                0x000000000800bc60        0xc /usr/bin/../lib/gcc/arm-none-eabi/7.3.1/../../../../arm-none-eabi/lib/thumb/v7e-m/fpv4-sp/hard/libc.a(lib_a-mprec.o)
 .rodata._setlocale_r.str1.4
                0x000000000800bc6c        0xa /usr/bin/../lib/gcc/arm-none-eabi/7.3.1/../../../../arm-none-eabi/lib/thumb/v7e-m/fpv4-sp/hard/libc.a(lib_a-locale.o)
                                          0xd (size before relaxing)
 *fill*         0x000000000800bc76        0x2 
 .rodata.str1.4
                0x000000000800bc78        0x4 /usr/bin/../lib/gcc/arm-none-eabi/7.3.1/../../../../arm-none-eabi/lib/thumb/v7e-m/fpv4-sp/hard/libc.a(lib_a-locale.o)
                                          0x2 (size before relaxing)
 .rodata._ctype_
                0x000000000800bc7c      0x101 /usr/bin/../lib/gcc/arm-none-eabi/7.3.1/../../../../arm-none-eabi/lib/thumb/v7e-m/fpv4-sp/hard/libc.a(lib_a-ctype_.o)
                0x000000000800bc7c                _ctype_
 *(.eh_frame*)
 *fill*         0x000000000800bd7d        0x3 
 .eh_frame      0x000000000800bd80        0x0 /usr/bin/../lib/gcc/arm-none-eabi/7.3.1/thumb/v7e-m/fpv4-sp/hard/crtbegin.o
 .eh_frame      0x000000000800bd80        0x4 /usr/bin/../lib/gcc/arm-none-eabi/7.3.1/thumb/v7e-m/fpv4-sp/hard/crtend.o

.glue_7         0x000000000800bd84        0x0
 .glue_7        0x000000000800bd84        0x0 linker stubs

.glue_7t        0x000000000800bd84        0x0
 .glue_7t       0x000000000800bd84        0x0 linker stubs

.vfp11_veneer   0x000000000800bd84        0x0
 .vfp11_veneer  0x000000000800bd84        0x0 linker stubs

.v4_bx          0x000000000800bd84        0x0
 .v4_bx         0x000000000800bd84        0x0 linker stubs

.iplt           0x000000000800bd84        0x0
 .iplt          0x000000000800bd84        0x0 /usr/bin/../lib/gcc/arm-none-eabi/7.3.1/thumb/v7e-m/fpv4-sp/hard/crtbegin.o

.ARM.extab
 *(.ARM.extab* .gnu.linkonce.armextab.*)
                0x000000000800bd84                __exidx_start = .

.ARM.exidx      0x000000000800bd84        0x8
 *(.ARM.exidx* .gnu.linkonce.armexidx.*)
 .ARM.exidx     0x000000000800bd84        0x8 /usr/bin/../lib/gcc/arm-none-eabi/7.3.1/../../../../arm-none-eabi/lib/thumb/v7e-m/fpv4-sp/hard/crt0.o
 .ARM.exidx     0x000000000800bd8c        0x0 /usr/bin/../lib/gcc/arm-none-eabi/7.3.1/thumb/v7e-m/fpv4-sp/hard/libgcc.a(_udivmoddi4.o)
                                          0x8 (size before relaxing)
                0x000000000800bd8c                __exidx_end = .
                0x000000000800bd8c                __etext = .

.rel.dyn        0x000000000800bd8c        0x0
 .rel.iplt      0x000000000800bd8c        0x0 /usr/bin/../lib/gcc/arm-none-eabi/7.3.1/thumb/v7e-m/fpv4-sp/hard/crtbegin.o

.data           0x0000000020000000      0xa20 load address 0x000000000800bd8c
                0x0000000020000000                __data_start__ = .
 *(vtable)
 *(.data*)
 .data.row.6476
                0x0000000020000000        0x4 obj/main.o
 .data.BUTTON_PORT
                0x0000000020000004        0x4 library.a(stm32f429i_discovery.o)
                0x0000000020000004                BUTTON_PORT
 .data.SpixTimeout
                0x0000000020000008        0x4 library.a(stm32f429i_discovery.o)
                0x0000000020000008                SpixTimeout
 .data.Font12   0x000000002000000c        0x8 library.a(stm32f429i_discovery_lcd.o)
                0x000000002000000c                Font12
 .data.Font16   0x0000000020000014        0x8 library.a(stm32f429i_discovery_lcd.o)
                0x0000000020000014                Font16
 .data.Font24   0x000000002000001c        0x8 library.a(stm32f429i_discovery_lcd.o)
                0x000000002000001c                Font24
 .data.SystemCoreClock
                0x0000000020000024        0x4 library.a(system_stm32f4xx.o)
                0x0000000020000024                SystemCoreClock
 .data.ili9341_drv
                0x0000000020000028       0x38 library.a(ili9341.o)
                0x0000000020000028                ili9341_drv
 .data._impure_ptr
                0x0000000020000060        0x4 /usr/bin/../lib/gcc/arm-none-eabi/7.3.1/../../../../arm-none-eabi/lib/thumb/v7e-m/fpv4-sp/hard/libc.a(lib_a-impure.o)
                0x0000000020000060                _impure_ptr
 *fill*         0x0000000020000064        0x4 
 .data.impure_data
                0x0000000020000068      0x428 /usr/bin/../lib/gcc/arm-none-eabi/7.3.1/../../../../arm-none-eabi/lib/thumb/v7e-m/fpv4-sp/hard/libc.a(lib_a-impure.o)
 .data.__atexit_recursive_mutex
                0x0000000020000490        0x4 /usr/bin/../lib/gcc/arm-none-eabi/7.3.1/../../../../arm-none-eabi/lib/thumb/v7e-m/fpv4-sp/hard/libc.a(lib_a-__call_atexit.o)
                0x0000000020000490                __atexit_recursive_mutex
 .data.__malloc_av_
                0x0000000020000494      0x408 /usr/bin/../lib/gcc/arm-none-eabi/7.3.1/../../../../arm-none-eabi/lib/thumb/v7e-m/fpv4-sp/hard/libc.a(lib_a-mallocr.o)
                0x0000000020000494                __malloc_av_
 .data.__malloc_sbrk_base
                0x000000002000089c        0x4 /usr/bin/../lib/gcc/arm-none-eabi/7.3.1/../../../../arm-none-eabi/lib/thumb/v7e-m/fpv4-sp/hard/libc.a(lib_a-mallocr.o)
                0x000000002000089c                __malloc_sbrk_base
 .data.__malloc_trim_threshold
                0x00000000200008a0        0x4 /usr/bin/../lib/gcc/arm-none-eabi/7.3.1/../../../../arm-none-eabi/lib/thumb/v7e-m/fpv4-sp/hard/libc.a(lib_a-mallocr.o)
                0x00000000200008a0                __malloc_trim_threshold
 .data.__global_locale
                0x00000000200008a4      0x16c /usr/bin/../lib/gcc/arm-none-eabi/7.3.1/../../../../arm-none-eabi/lib/thumb/v7e-m/fpv4-sp/hard/libc.a(lib_a-locale.o)
                0x00000000200008a4                __global_locale
                0x0000000020000a10                . = ALIGN (0x4)
                0x0000000020000a10                PROVIDE (__preinit_array_start = .)
 *(.preinit_array)
                0x0000000020000a10                PROVIDE (__preinit_array_end = .)
                0x0000000020000a10                . = ALIGN (0x4)
                0x0000000020000a10                PROVIDE (__init_array_start = .)
 *(SORT_BY_NAME(.init_array.*))
 .init_array.00000
                0x0000000020000a10        0x4 /usr/bin/../lib/gcc/arm-none-eabi/7.3.1/../../../../arm-none-eabi/lib/thumb/v7e-m/fpv4-sp/hard/libc.a(lib_a-__call_atexit.o)
 *(.init_array)
 .init_array    0x0000000020000a14        0x4 /usr/bin/../lib/gcc/arm-none-eabi/7.3.1/thumb/v7e-m/fpv4-sp/hard/crtbegin.o
                0x0000000020000a18                PROVIDE (__init_array_end = .)
                0x0000000020000a18                . = ALIGN (0x8)
                0x0000000020000a18                PROVIDE (__fini_array_start = .)
 *(SORT_BY_NAME(.fini_array.*))
 *(.fini_array)
 .fini_array    0x0000000020000a18        0x4 /usr/bin/../lib/gcc/arm-none-eabi/7.3.1/thumb/v7e-m/fpv4-sp/hard/crtbegin.o
                0x0000000020000a1c                PROVIDE (__fini_array_end = .)
                0x0000000020000a20                . = ALIGN (0x8)
 *fill*         0x0000000020000a1c        0x4 
                0x0000000020000a20                __data_end__ = .

.igot.plt       0x0000000020000a20        0x0 load address 0x000000000800c7ac
 .igot.plt      0x0000000020000a20        0x0 /usr/bin/../lib/gcc/arm-none-eabi/7.3.1/thumb/v7e-m/fpv4-sp/hard/crtbegin.o

.bss            0x0000000020000a20      0x8ec load address 0x000000000800c7ac
                0x0000000020000a20                __bss_start__ = .
 *(.bss*)
 .bss           0x0000000020000a20       0x1c /usr/bin/../lib/gcc/arm-none-eabi/7.3.1/thumb/v7e-m/fpv4-sp/hard/crtbegin.o
 .bss.arg1.6478
                0x0000000020000a3c        0x4 obj/main.o
 .bss.called.6477
                0x0000000020000a40        0x4 obj/main.o
 .bss.buffer    0x0000000020000a44      0x620 library.a(initialize.o)
 .bss.Is_LCD_IO_Initialized
                0x0000000020001064        0x1 library.a(stm32f429i_discovery.o)
 *fill*         0x0000000020001065        0x3 
 .bss.SpiHandle
                0x0000000020001068       0x58 library.a(stm32f429i_discovery.o)
 .bss.ActiveLayer
                0x00000000200010c0        0x4 library.a(stm32f429i_discovery_lcd.o)
 .bss.Dma2dHandler
                0x00000000200010c4       0x40 library.a(stm32f429i_discovery_lcd.o)
 .bss.DrawProp  0x0000000020001104       0x18 library.a(stm32f429i_discovery_lcd.o)
 .bss.LtdcHandler
                0x000000002000111c       0xa8 library.a(stm32f429i_discovery_lcd.o)
 .bss.PeriphClkInitStruct
                0x00000000200011c4       0x30 library.a(stm32f429i_discovery_lcd.o)
 .bss.Command   0x00000000200011f4       0x10 library.a(stm32f429i_discovery_sdram.o)
 .bss.SdramHandle
                0x0000000020001204       0x34 library.a(stm32f429i_discovery_sdram.o)
 .bss.Timing    0x0000000020001238       0x1c library.a(stm32f429i_discovery_sdram.o)
 .bss.dmaHandle.11858
                0x0000000020001254       0x50 library.a(stm32f429i_discovery_sdram.o)
 .bss.uwTick    0x00000000200012a4        0x4 library.a(stm32f4xx_hal.o)
 .bss.__malloc_current_mallinfo
                0x00000000200012a8       0x28 /usr/bin/../lib/gcc/arm-none-eabi/7.3.1/../../../../arm-none-eabi/lib/thumb/v7e-m/fpv4-sp/hard/libc.a(lib_a-mallocr.o)
                0x00000000200012a8                __malloc_current_mallinfo
 .bss.__malloc_max_sbrked_mem
                0x00000000200012d0        0x4 /usr/bin/../lib/gcc/arm-none-eabi/7.3.1/../../../../arm-none-eabi/lib/thumb/v7e-m/fpv4-sp/hard/libc.a(lib_a-mallocr.o)
                0x00000000200012d0                __malloc_max_sbrked_mem
 .bss.__malloc_max_total_mem
                0x00000000200012d4        0x4 /usr/bin/../lib/gcc/arm-none-eabi/7.3.1/../../../../arm-none-eabi/lib/thumb/v7e-m/fpv4-sp/hard/libc.a(lib_a-mallocr.o)
                0x00000000200012d4                __malloc_max_total_mem
 .bss.__malloc_top_pad
                0x00000000200012d8        0x4 /usr/bin/../lib/gcc/arm-none-eabi/7.3.1/../../../../arm-none-eabi/lib/thumb/v7e-m/fpv4-sp/hard/libc.a(lib_a-mallocr.o)
                0x00000000200012d8                __malloc_top_pad
 .bss.heap_end.5377
                0x00000000200012dc        0x4 /usr/bin/../lib/gcc/arm-none-eabi/7.3.1/../../../../arm-none-eabi/lib/thumb/v7e-m/fpv4-sp/hard/libnosys.a(sbrk.o)
 *(COMMON)
 COMMON         0x00000000200012e0        0x4 library.a(stm32f429i_discovery_lcd.o)
                0x00000000200012e0                LcdDrv
 COMMON         0x00000000200012e4       0x21 /usr/bin/../lib/gcc/arm-none-eabi/7.3.1/../../../../arm-none-eabi/lib/thumb/v7e-m/fpv4-sp/hard/libc.a(lib_a-lock.o)
                0x00000000200012e4                __lock___atexit_recursive_mutex
                0x00000000200012e8                __lock___arc4random_mutex
                0x00000000200012ec                __lock___env_recursive_mutex
                0x00000000200012f0                __lock___sinit_recursive_mutex
                0x00000000200012f4                __lock___malloc_recursive_mutex
                0x00000000200012f8                __lock___at_quick_exit_mutex
                0x00000000200012fc                __lock___dd_hash_mutex
                0x0000000020001300                __lock___tz_mutex
                0x0000000020001304                __lock___sfp_recursive_mutex
 *fill*         0x0000000020001305        0x3 
 COMMON         0x0000000020001308        0x4 /usr/bin/../lib/gcc/arm-none-eabi/7.3.1/../../../../arm-none-eabi/lib/thumb/v7e-m/fpv4-sp/hard/libc.a(lib_a-reent.o)
                0x0000000020001308                errno
                0x000000002000130c                __bss_end__ = .

.ccm            0x0000000010000000        0x0
                0x0000000010000000                . = ALIGN (0x4)
                0x0000000010000000                __ccm_start__ = .
 *(.ccm*)
                0x0000000010000000                . = ALIGN (0x4)
                0x0000000010000000                __ccm_end__ = .

.heap           0x0000000010000000      0xc00
                0x0000000010000000                __end__ = .
                0x0000000010000000                end = __end__
 *(.heap*)
 .heap          0x0000000010000000      0xc00 library.a(startup_stm32f429xx.o)
                0x0000000010000000                __HeapBase
                0x0000000010000c00                __HeapLimit = .

.stack_dummy    0x0000000010000000     0x1000
 *(.stack)
 .stack         0x0000000010000000     0x1000 library.a(startup_stm32f429xx.o)
                0x0000000010010000                __StackTop = (ORIGIN (CCM) + LENGTH (CCM))
                0x000000001000f000                __StackLimit = (__StackTop - SIZEOF (.stack_dummy))
                0x0000000010010000                PROVIDE (__stack = __StackTop)
                0x0000000000000001                ASSERT ((__StackLimit >= __HeapLimit), region CCM overflowed with stack)
OUTPUT(output.elf elf32-littlearm)

.ARM.attributes
                0x0000000000000000       0x30
 .ARM.attributes
                0x0000000000000000       0x22 /usr/bin/../lib/gcc/arm-none-eabi/7.3.1/thumb/v7e-m/fpv4-sp/hard/crti.o
 .ARM.attributes
                0x0000000000000022       0x34 /usr/bin/../lib/gcc/arm-none-eabi/7.3.1/thumb/v7e-m/fpv4-sp/hard/crtbegin.o
 .ARM.attributes
                0x0000000000000056       0x20 /usr/bin/../lib/gcc/arm-none-eabi/7.3.1/../../../../arm-none-eabi/lib/thumb/v7e-m/fpv4-sp/hard/crt0.o
 .ARM.attributes
                0x0000000000000076       0x39 obj/main.o
 .ARM.attributes
                0x00000000000000af       0x25 obj/lab2.o
 .ARM.attributes
                0x00000000000000d4       0x39 library.a(initialize.o)
 .ARM.attributes
                0x000000000000010d       0x39 library.a(stm32f429i_discovery.o)
 .ARM.attributes
                0x0000000000000146       0x39 library.a(stm32f429i_discovery_lcd.o)
 .ARM.attributes
                0x000000000000017f       0x39 library.a(stm32f429i_discovery_sdram.o)
 .ARM.attributes
                0x00000000000001b8       0x39 library.a(stm32f4xx_hal.o)
 .ARM.attributes
                0x00000000000001f1       0x39 library.a(stm32f4xx_hal_cortex.o)
 .ARM.attributes
                0x000000000000022a       0x39 library.a(stm32f4xx_hal_dma.o)
 .ARM.attributes
                0x0000000000000263       0x39 library.a(stm32f4xx_hal_dma2d.o)
 .ARM.attributes
                0x000000000000029c       0x39 library.a(stm32f4xx_hal_gpio.o)
 .ARM.attributes
                0x00000000000002d5       0x39 library.a(stm32f4xx_hal_ltdc.o)
 .ARM.attributes
                0x000000000000030e       0x39 library.a(stm32f4xx_hal_rcc.o)
 .ARM.attributes
                0x0000000000000347       0x39 library.a(stm32f4xx_hal_rcc_ex.o)
 .ARM.attributes
                0x0000000000000380       0x39 library.a(stm32f4xx_hal_sdram.o)
 .ARM.attributes
                0x00000000000003b9       0x39 library.a(stm32f4xx_hal_spi.o)
 .ARM.attributes
                0x00000000000003f2       0x39 library.a(stm32f4xx_it.o)
 .ARM.attributes
                0x000000000000042b       0x39 library.a(stm32f4xx_ll_fmc.o)
 .ARM.attributes
                0x0000000000000464       0x39 library.a(system_stm32f4xx.o)
 .ARM.attributes
                0x000000000000049d       0x1f library.a(startup_stm32f429xx.o)
 .ARM.attributes
                0x00000000000004bc       0x39 library.a(ili9341.o)
 .ARM.attributes
                0x00000000000004f5       0x34 /usr/bin/../lib/gcc/arm-none-eabi/7.3.1/../../../../arm-none-eabi/lib/thumb/v7e-m/fpv4-sp/hard/libc.a(lib_a-exit.o)
 .ARM.attributes
                0x0000000000000529       0x34 /usr/bin/../lib/gcc/arm-none-eabi/7.3.1/../../../../arm-none-eabi/lib/thumb/v7e-m/fpv4-sp/hard/libc.a(lib_a-impure.o)
 .ARM.attributes
                0x000000000000055d       0x34 /usr/bin/../lib/gcc/arm-none-eabi/7.3.1/../../../../arm-none-eabi/lib/thumb/v7e-m/fpv4-sp/hard/libc.a(lib_a-init.o)
 .ARM.attributes
                0x0000000000000591       0x34 /usr/bin/../lib/gcc/arm-none-eabi/7.3.1/../../../../arm-none-eabi/lib/thumb/v7e-m/fpv4-sp/hard/libc.a(lib_a-memset.o)
 .ARM.attributes
                0x00000000000005c5       0x34 /usr/bin/../lib/gcc/arm-none-eabi/7.3.1/../../../../arm-none-eabi/lib/thumb/v7e-m/fpv4-sp/hard/libc.a(lib_a-rand.o)
 .ARM.attributes
                0x00000000000005f9       0x34 /usr/bin/../lib/gcc/arm-none-eabi/7.3.1/../../../../arm-none-eabi/lib/thumb/v7e-m/fpv4-sp/hard/libc.a(lib_a-vsprintf.o)
 .ARM.attributes
                0x000000000000062d       0x34 /usr/bin/../lib/gcc/arm-none-eabi/7.3.1/../../../../arm-none-eabi/lib/thumb/v7e-m/fpv4-sp/hard/libc.a(lib_a-__call_atexit.o)
 .ARM.attributes
                0x0000000000000661       0x34 /usr/bin/../lib/gcc/arm-none-eabi/7.3.1/../../../../arm-none-eabi/lib/thumb/v7e-m/fpv4-sp/hard/libc.a(lib_a-atexit.o)
 .ARM.attributes
                0x0000000000000695       0x34 /usr/bin/../lib/gcc/arm-none-eabi/7.3.1/../../../../arm-none-eabi/lib/thumb/v7e-m/fpv4-sp/hard/libc.a(lib_a-fini.o)
 .ARM.attributes
                0x00000000000006c9       0x34 /usr/bin/../lib/gcc/arm-none-eabi/7.3.1/../../../../arm-none-eabi/lib/thumb/v7e-m/fpv4-sp/hard/libc.a(lib_a-lock.o)
 .ARM.attributes
                0x00000000000006fd       0x34 /usr/bin/../lib/gcc/arm-none-eabi/7.3.1/../../../../arm-none-eabi/lib/thumb/v7e-m/fpv4-sp/hard/libc.a(lib_a-svfprintf.o)
 .ARM.attributes
                0x0000000000000731       0x34 /usr/bin/../lib/gcc/arm-none-eabi/7.3.1/../../../../arm-none-eabi/lib/thumb/v7e-m/fpv4-sp/hard/libc.a(lib_a-__atexit.o)
 .ARM.attributes
                0x0000000000000765       0x34 /usr/bin/../lib/gcc/arm-none-eabi/7.3.1/../../../../arm-none-eabi/lib/thumb/v7e-m/fpv4-sp/hard/libc.a(lib_a-dtoa.o)
 .ARM.attributes
                0x0000000000000799       0x34 /usr/bin/../lib/gcc/arm-none-eabi/7.3.1/../../../../arm-none-eabi/lib/thumb/v7e-m/fpv4-sp/hard/libc.a(lib_a-freer.o)
 .ARM.attributes
                0x00000000000007cd       0x34 /usr/bin/../lib/gcc/arm-none-eabi/7.3.1/../../../../arm-none-eabi/lib/thumb/v7e-m/fpv4-sp/hard/libc.a(lib_a-localeconv.o)
 .ARM.attributes
                0x0000000000000801       0x34 /usr/bin/../lib/gcc/arm-none-eabi/7.3.1/../../../../arm-none-eabi/lib/thumb/v7e-m/fpv4-sp/hard/libc.a(lib_a-mallocr.o)
 .ARM.attributes
                0x0000000000000835       0x20 /usr/bin/../lib/gcc/arm-none-eabi/7.3.1/../../../../arm-none-eabi/lib/thumb/v7e-m/fpv4-sp/hard/libc.a(lib_a-memchr.o)
 .ARM.attributes
                0x0000000000000855       0x20 /usr/bin/../lib/gcc/arm-none-eabi/7.3.1/../../../../arm-none-eabi/lib/thumb/v7e-m/fpv4-sp/hard/libc.a(lib_a-memcpy.o)
 .ARM.attributes
                0x0000000000000875       0x34 /usr/bin/../lib/gcc/arm-none-eabi/7.3.1/../../../../arm-none-eabi/lib/thumb/v7e-m/fpv4-sp/hard/libc.a(lib_a-mlock.o)
 .ARM.attributes
                0x00000000000008a9       0x34 /usr/bin/../lib/gcc/arm-none-eabi/7.3.1/../../../../arm-none-eabi/lib/thumb/v7e-m/fpv4-sp/hard/libc.a(lib_a-mprec.o)
 .ARM.attributes
                0x00000000000008dd       0x34 /usr/bin/../lib/gcc/arm-none-eabi/7.3.1/../../../../arm-none-eabi/lib/thumb/v7e-m/fpv4-sp/hard/libc.a(lib_a-s_frexp.o)
 .ARM.attributes
                0x0000000000000911       0x34 /usr/bin/../lib/gcc/arm-none-eabi/7.3.1/../../../../arm-none-eabi/lib/thumb/v7e-m/fpv4-sp/hard/libc.a(lib_a-sbrkr.o)
 .ARM.attributes
                0x0000000000000945       0x20 /usr/bin/../lib/gcc/arm-none-eabi/7.3.1/../../../../arm-none-eabi/lib/thumb/v7e-m/fpv4-sp/hard/libc.a(lib_a-strlen.o)
 .ARM.attributes
                0x0000000000000965       0x34 /usr/bin/../lib/gcc/arm-none-eabi/7.3.1/../../../../arm-none-eabi/lib/thumb/v7e-m/fpv4-sp/hard/libc.a(lib_a-strncpy.o)
 .ARM.attributes
                0x0000000000000999       0x34 /usr/bin/../lib/gcc/arm-none-eabi/7.3.1/../../../../arm-none-eabi/lib/thumb/v7e-m/fpv4-sp/hard/libc.a(lib_a-svfiprintf.o)
 .ARM.attributes
                0x00000000000009cd       0x34 /usr/bin/../lib/gcc/arm-none-eabi/7.3.1/../../../../arm-none-eabi/lib/thumb/v7e-m/fpv4-sp/hard/libc.a(lib_a-callocr.o)
 .ARM.attributes
                0x0000000000000a01       0x34 /usr/bin/../lib/gcc/arm-none-eabi/7.3.1/../../../../arm-none-eabi/lib/thumb/v7e-m/fpv4-sp/hard/libc.a(lib_a-locale.o)
 .ARM.attributes
                0x0000000000000a35       0x34 /usr/bin/../lib/gcc/arm-none-eabi/7.3.1/../../../../arm-none-eabi/lib/thumb/v7e-m/fpv4-sp/hard/libc.a(lib_a-mbtowc_r.o)
 .ARM.attributes
                0x0000000000000a69       0x34 /usr/bin/../lib/gcc/arm-none-eabi/7.3.1/../../../../arm-none-eabi/lib/thumb/v7e-m/fpv4-sp/hard/libc.a(lib_a-memmove.o)
 .ARM.attributes
                0x0000000000000a9d       0x34 /usr/bin/../lib/gcc/arm-none-eabi/7.3.1/../../../../arm-none-eabi/lib/thumb/v7e-m/fpv4-sp/hard/libc.a(lib_a-reallocr.o)
 .ARM.attributes
                0x0000000000000ad1       0x34 /usr/bin/../lib/gcc/arm-none-eabi/7.3.1/../../../../arm-none-eabi/lib/thumb/v7e-m/fpv4-sp/hard/libc.a(lib_a-reent.o)
 .ARM.attributes
                0x0000000000000b05       0x34 /usr/bin/../lib/gcc/arm-none-eabi/7.3.1/../../../../arm-none-eabi/lib/thumb/v7e-m/fpv4-sp/hard/libc.a(lib_a-wctomb_r.o)
 .ARM.attributes
                0x0000000000000b39       0x34 /usr/bin/../lib/gcc/arm-none-eabi/7.3.1/../../../../arm-none-eabi/lib/thumb/v7e-m/fpv4-sp/hard/libc.a(lib_a-ctype_.o)
 .ARM.attributes
                0x0000000000000b6d       0x34 /usr/bin/../lib/gcc/arm-none-eabi/7.3.1/../../../../arm-none-eabi/lib/thumb/v7e-m/fpv4-sp/hard/libnosys.a(sbrk.o)
 .ARM.attributes
                0x0000000000000ba1       0x34 /usr/bin/../lib/gcc/arm-none-eabi/7.3.1/../../../../arm-none-eabi/lib/thumb/v7e-m/fpv4-sp/hard/libnosys.a(_exit.o)
 .ARM.attributes
                0x0000000000000bd5       0x22 /usr/bin/../lib/gcc/arm-none-eabi/7.3.1/thumb/v7e-m/fpv4-sp/hard/libgcc.a(_arm_addsubdf3.o)
 .ARM.attributes
                0x0000000000000bf7       0x22 /usr/bin/../lib/gcc/arm-none-eabi/7.3.1/thumb/v7e-m/fpv4-sp/hard/libgcc.a(_arm_muldivdf3.o)
 .ARM.attributes
                0x0000000000000c19       0x22 /usr/bin/../lib/gcc/arm-none-eabi/7.3.1/thumb/v7e-m/fpv4-sp/hard/libgcc.a(_arm_cmpdf2.o)
 .ARM.attributes
                0x0000000000000c3b       0x22 /usr/bin/../lib/gcc/arm-none-eabi/7.3.1/thumb/v7e-m/fpv4-sp/hard/libgcc.a(_arm_unorddf2.o)
 .ARM.attributes
                0x0000000000000c5d       0x22 /usr/bin/../lib/gcc/arm-none-eabi/7.3.1/thumb/v7e-m/fpv4-sp/hard/libgcc.a(_arm_fixdfsi.o)
 .ARM.attributes
                0x0000000000000c7f       0x22 /usr/bin/../lib/gcc/arm-none-eabi/7.3.1/thumb/v7e-m/fpv4-sp/hard/libgcc.a(_aeabi_uldivmod.o)
 .ARM.attributes
                0x0000000000000ca1       0x34 /usr/bin/../lib/gcc/arm-none-eabi/7.3.1/thumb/v7e-m/fpv4-sp/hard/libgcc.a(_udivmoddi4.o)
 .ARM.attributes
                0x0000000000000cd5       0x22 /usr/bin/../lib/gcc/arm-none-eabi/7.3.1/thumb/v7e-m/fpv4-sp/hard/libgcc.a(_dvmd_tls.o)
 .ARM.attributes
                0x0000000000000cf7       0x34 /usr/bin/../lib/gcc/arm-none-eabi/7.3.1/thumb/v7e-m/fpv4-sp/hard/crtend.o
 .ARM.attributes
                0x0000000000000d2b       0x22 /usr/bin/../lib/gcc/arm-none-eabi/7.3.1/thumb/v7e-m/fpv4-sp/hard/crtn.o

.comment        0x0000000000000000      0x17c
 .comment       0x0000000000000000       0x7f obj/main.o
                                         0x80 (size before relaxing)
 .comment       0x000000000000007f       0x7e library.a(initialize.o)
                                         0x7f (size before relaxing)
 .comment       0x00000000000000fd       0x7f library.a(stm32f429i_discovery.o)
                                         0x80 (size before relaxing)
 .comment       0x000000000000017c       0x80 library.a(stm32f429i_discovery_lcd.o)
 .comment       0x000000000000017c       0x80 library.a(stm32f429i_discovery_sdram.o)
 .comment       0x000000000000017c       0x80 library.a(stm32f4xx_hal.o)
 .comment       0x000000000000017c       0x80 library.a(stm32f4xx_hal_cortex.o)
 .comment       0x000000000000017c       0x80 library.a(stm32f4xx_hal_dma.o)
 .comment       0x000000000000017c       0x80 library.a(stm32f4xx_hal_dma2d.o)
 .comment       0x000000000000017c       0x80 library.a(stm32f4xx_hal_gpio.o)
 .comment       0x000000000000017c       0x80 library.a(stm32f4xx_hal_ltdc.o)
 .comment       0x000000000000017c       0x80 library.a(stm32f4xx_hal_rcc.o)
 .comment       0x000000000000017c       0x80 library.a(stm32f4xx_hal_rcc_ex.o)
 .comment       0x000000000000017c       0x80 library.a(stm32f4xx_hal_sdram.o)
 .comment       0x000000000000017c       0x80 library.a(stm32f4xx_hal_spi.o)
 .comment       0x000000000000017c       0x80 library.a(stm32f4xx_it.o)
 .comment       0x000000000000017c       0x80 library.a(stm32f4xx_ll_fmc.o)
 .comment       0x000000000000017c       0x80 library.a(system_stm32f4xx.o)
 .comment       0x000000000000017c       0x80 library.a(ili9341.o)

.debug_frame    0x0000000000000000      0xcd0
 .debug_frame   0x0000000000000000       0x28 /usr/bin/../lib/gcc/arm-none-eabi/7.3.1/../../../../arm-none-eabi/lib/thumb/v7e-m/fpv4-sp/hard/libc.a(lib_a-exit.o)
 .debug_frame   0x0000000000000028       0x2c /usr/bin/../lib/gcc/arm-none-eabi/7.3.1/../../../../arm-none-eabi/lib/thumb/v7e-m/fpv4-sp/hard/libc.a(lib_a-init.o)
 .debug_frame   0x0000000000000054       0x38 /usr/bin/../lib/gcc/arm-none-eabi/7.3.1/../../../../arm-none-eabi/lib/thumb/v7e-m/fpv4-sp/hard/libc.a(lib_a-memset.o)
 .debug_frame   0x000000000000008c       0x3c /usr/bin/../lib/gcc/arm-none-eabi/7.3.1/../../../../arm-none-eabi/lib/thumb/v7e-m/fpv4-sp/hard/libc.a(lib_a-rand.o)
 .debug_frame   0x00000000000000c8       0x4c /usr/bin/../lib/gcc/arm-none-eabi/7.3.1/../../../../arm-none-eabi/lib/thumb/v7e-m/fpv4-sp/hard/libc.a(lib_a-vsprintf.o)
 .debug_frame   0x0000000000000114       0x5c /usr/bin/../lib/gcc/arm-none-eabi/7.3.1/../../../../arm-none-eabi/lib/thumb/v7e-m/fpv4-sp/hard/libc.a(lib_a-__call_atexit.o)
 .debug_frame   0x0000000000000170       0x20 /usr/bin/../lib/gcc/arm-none-eabi/7.3.1/../../../../arm-none-eabi/lib/thumb/v7e-m/fpv4-sp/hard/libc.a(lib_a-atexit.o)
 .debug_frame   0x0000000000000190       0x34 /usr/bin/../lib/gcc/arm-none-eabi/7.3.1/../../../../arm-none-eabi/lib/thumb/v7e-m/fpv4-sp/hard/libc.a(lib_a-fini.o)
 .debug_frame   0x00000000000001c4       0xb0 /usr/bin/../lib/gcc/arm-none-eabi/7.3.1/../../../../arm-none-eabi/lib/thumb/v7e-m/fpv4-sp/hard/libc.a(lib_a-lock.o)
 .debug_frame   0x0000000000000274       0x40 /usr/bin/../lib/gcc/arm-none-eabi/7.3.1/../../../../arm-none-eabi/lib/thumb/v7e-m/fpv4-sp/hard/libc.a(lib_a-svfprintf.o)
 .debug_frame   0x00000000000002b4       0x34 /usr/bin/../lib/gcc/arm-none-eabi/7.3.1/../../../../arm-none-eabi/lib/thumb/v7e-m/fpv4-sp/hard/libc.a(lib_a-__atexit.o)
 .debug_frame   0x00000000000002e8       0x88 /usr/bin/../lib/gcc/arm-none-eabi/7.3.1/../../../../arm-none-eabi/lib/thumb/v7e-m/fpv4-sp/hard/libc.a(lib_a-dtoa.o)
 .debug_frame   0x0000000000000370       0x80 /usr/bin/../lib/gcc/arm-none-eabi/7.3.1/../../../../arm-none-eabi/lib/thumb/v7e-m/fpv4-sp/hard/libc.a(lib_a-freer.o)
 .debug_frame   0x00000000000003f0       0x40 /usr/bin/../lib/gcc/arm-none-eabi/7.3.1/../../../../arm-none-eabi/lib/thumb/v7e-m/fpv4-sp/hard/libc.a(lib_a-localeconv.o)
 .debug_frame   0x0000000000000430       0x54 /usr/bin/../lib/gcc/arm-none-eabi/7.3.1/../../../../arm-none-eabi/lib/thumb/v7e-m/fpv4-sp/hard/libc.a(lib_a-mallocr.o)
 .debug_frame   0x0000000000000484       0x30 /usr/bin/../lib/gcc/arm-none-eabi/7.3.1/../../../../arm-none-eabi/lib/thumb/v7e-m/fpv4-sp/hard/libc.a(lib_a-mlock.o)
 .debug_frame   0x00000000000004b4      0x25c /usr/bin/../lib/gcc/arm-none-eabi/7.3.1/../../../../arm-none-eabi/lib/thumb/v7e-m/fpv4-sp/hard/libc.a(lib_a-mprec.o)
 .debug_frame   0x0000000000000710       0x2c /usr/bin/../lib/gcc/arm-none-eabi/7.3.1/../../../../arm-none-eabi/lib/thumb/v7e-m/fpv4-sp/hard/libc.a(lib_a-s_frexp.o)
 .debug_frame   0x000000000000073c       0x2c /usr/bin/../lib/gcc/arm-none-eabi/7.3.1/../../../../arm-none-eabi/lib/thumb/v7e-m/fpv4-sp/hard/libc.a(lib_a-sbrkr.o)
 .debug_frame   0x0000000000000768       0x34 /usr/bin/../lib/gcc/arm-none-eabi/7.3.1/../../../../arm-none-eabi/lib/thumb/v7e-m/fpv4-sp/hard/libc.a(lib_a-strncpy.o)
 .debug_frame   0x000000000000079c       0x74 /usr/bin/../lib/gcc/arm-none-eabi/7.3.1/../../../../arm-none-eabi/lib/thumb/v7e-m/fpv4-sp/hard/libc.a(lib_a-svfiprintf.o)
 .debug_frame   0x0000000000000810       0x28 /usr/bin/../lib/gcc/arm-none-eabi/7.3.1/../../../../arm-none-eabi/lib/thumb/v7e-m/fpv4-sp/hard/libc.a(lib_a-callocr.o)
 .debug_frame   0x0000000000000838       0x6c /usr/bin/../lib/gcc/arm-none-eabi/7.3.1/../../../../arm-none-eabi/lib/thumb/v7e-m/fpv4-sp/hard/libc.a(lib_a-locale.o)
 .debug_frame   0x00000000000008a4       0x4c /usr/bin/../lib/gcc/arm-none-eabi/7.3.1/../../../../arm-none-eabi/lib/thumb/v7e-m/fpv4-sp/hard/libc.a(lib_a-mbtowc_r.o)
 .debug_frame   0x00000000000008f0       0x40 /usr/bin/../lib/gcc/arm-none-eabi/7.3.1/../../../../arm-none-eabi/lib/thumb/v7e-m/fpv4-sp/hard/libc.a(lib_a-memmove.o)
 .debug_frame   0x0000000000000930       0x58 /usr/bin/../lib/gcc/arm-none-eabi/7.3.1/../../../../arm-none-eabi/lib/thumb/v7e-m/fpv4-sp/hard/libc.a(lib_a-reallocr.o)
 .debug_frame   0x0000000000000988       0x68 /usr/bin/../lib/gcc/arm-none-eabi/7.3.1/../../../../arm-none-eabi/lib/thumb/v7e-m/fpv4-sp/hard/libc.a(lib_a-reent.o)
 .debug_frame   0x00000000000009f0       0x3c /usr/bin/../lib/gcc/arm-none-eabi/7.3.1/../../../../arm-none-eabi/lib/thumb/v7e-m/fpv4-sp/hard/libc.a(lib_a-wctomb_r.o)
 .debug_frame   0x0000000000000a2c       0x20 /usr/bin/../lib/gcc/arm-none-eabi/7.3.1/../../../../arm-none-eabi/lib/thumb/v7e-m/fpv4-sp/hard/libnosys.a(sbrk.o)
 .debug_frame   0x0000000000000a4c       0x20 /usr/bin/../lib/gcc/arm-none-eabi/7.3.1/../../../../arm-none-eabi/lib/thumb/v7e-m/fpv4-sp/hard/libnosys.a(_exit.o)
 .debug_frame   0x0000000000000a6c       0xac /usr/bin/../lib/gcc/arm-none-eabi/7.3.1/thumb/v7e-m/fpv4-sp/hard/libgcc.a(_arm_addsubdf3.o)
 .debug_frame   0x0000000000000b18       0x50 /usr/bin/../lib/gcc/arm-none-eabi/7.3.1/thumb/v7e-m/fpv4-sp/hard/libgcc.a(_arm_muldivdf3.o)
 .debug_frame   0x0000000000000b68       0xc4 /usr/bin/../lib/gcc/arm-none-eabi/7.3.1/thumb/v7e-m/fpv4-sp/hard/libgcc.a(_arm_cmpdf2.o)
 .debug_frame   0x0000000000000c2c       0x20 /usr/bin/../lib/gcc/arm-none-eabi/7.3.1/thumb/v7e-m/fpv4-sp/hard/libgcc.a(_arm_unorddf2.o)
 .debug_frame   0x0000000000000c4c       0x24 /usr/bin/../lib/gcc/arm-none-eabi/7.3.1/thumb/v7e-m/fpv4-sp/hard/libgcc.a(_arm_fixdfsi.o)
 .debug_frame   0x0000000000000c70       0x2c /usr/bin/../lib/gcc/arm-none-eabi/7.3.1/thumb/v7e-m/fpv4-sp/hard/libgcc.a(_aeabi_uldivmod.o)
 .debug_frame   0x0000000000000c9c       0x34 /usr/bin/../lib/gcc/arm-none-eabi/7.3.1/thumb/v7e-m/fpv4-sp/hard/libgcc.a(_udivmoddi4.o)
