Archive member included to satisfy reference by file (symbol)

library.a(initialize.o)       obj/main.o (InitializeHardware)
library.a(stm32f429i_discovery.o)
                              library.a(initialize.o) (BSP_PB_Init)
library.a(stm32f429i_discovery_lcd.o)
                              library.a(initialize.o) (BSP_LCD_Init)
library.a(stm32f429i_discovery_sdram.o)
                              library.a(stm32f429i_discovery_lcd.o) (BSP_SDRAM_Init)
library.a(stm32f4xx_hal.o)    library.a(initialize.o) (HAL_Init)
library.a(stm32f4xx_hal_cortex.o)
                              library.a(stm32f4xx_hal.o) (HAL_NVIC_SetPriorityGrouping)
library.a(stm32f4xx_hal_dma.o)
                              library.a(stm32f429i_discovery_sdram.o) (HAL_DMA_Init)
library.a(stm32f4xx_hal_dma2d.o)
                              library.a(stm32f429i_discovery_lcd.o) (HAL_DMA2D_Init)
library.a(stm32f4xx_hal_gpio.o)
                              library.a(stm32f429i_discovery.o) (HAL_GPIO_Init)
library.a(stm32f4xx_hal_i2c.o)
                              library.a(stm32f429i_discovery.o) (HAL_I2C_Init)
library.a(stm32f4xx_hal_ltdc.o)
                              library.a(stm32f429i_discovery_lcd.o) (HAL_LTDC_Init)
library.a(stm32f4xx_hal_rcc.o)
                              library.a(initialize.o) (HAL_RCC_OscConfig)
library.a(stm32f4xx_hal_rcc_ex.o)
                              library.a(stm32f429i_discovery_lcd.o) (HAL_RCCEx_PeriphCLKConfig)
library.a(stm32f4xx_hal_sdram.o)
                              library.a(stm32f429i_discovery_sdram.o) (HAL_SDRAM_Init)
library.a(stm32f4xx_hal_spi.o)
                              library.a(stm32f429i_discovery.o) (HAL_SPI_Init)
library.a(stm32f4xx_it.o)     library.a(initialize.o) (IncludeThis)
library.a(stm32f4xx_ll_fmc.o)
                              library.a(stm32f4xx_hal_sdram.o) (FMC_SDRAM_Init)
library.a(system_stm32f4xx.o)
                              library.a(stm32f4xx_hal_rcc.o) (SystemCoreClock)
library.a(startup_stm32f429xx.o)
                              library.a(initialize.o) (Reset_Handler)
library.a(ili9341.o)          library.a(stm32f429i_discovery_lcd.o) (ili9341_drv)
/usr/bin/../lib/gcc/arm-none-eabi/7.3.1/../../../../arm-none-eabi/lib/thumb/v7e-m/fpv4-sp/hard/libc.a(lib_a-exit.o)
                              /usr/bin/../lib/gcc/arm-none-eabi/7.3.1/../../../../arm-none-eabi/lib/thumb/v7e-m/fpv4-sp/hard/crt0.o (exit)
/usr/bin/../lib/gcc/arm-none-eabi/7.3.1/../../../../arm-none-eabi/lib/thumb/v7e-m/fpv4-sp/hard/libc.a(lib_a-impure.o)
                              /usr/bin/../lib/gcc/arm-none-eabi/7.3.1/../../../../arm-none-eabi/lib/thumb/v7e-m/fpv4-sp/hard/libc.a(lib_a-exit.o) (_global_impure_ptr)
/usr/bin/../lib/gcc/arm-none-eabi/7.3.1/../../../../arm-none-eabi/lib/thumb/v7e-m/fpv4-sp/hard/libc.a(lib_a-init.o)
                              /usr/bin/../lib/gcc/arm-none-eabi/7.3.1/../../../../arm-none-eabi/lib/thumb/v7e-m/fpv4-sp/hard/crt0.o (__libc_init_array)
/usr/bin/../lib/gcc/arm-none-eabi/7.3.1/../../../../arm-none-eabi/lib/thumb/v7e-m/fpv4-sp/hard/libc.a(lib_a-memset.o)
                              /usr/bin/../lib/gcc/arm-none-eabi/7.3.1/../../../../arm-none-eabi/lib/thumb/v7e-m/fpv4-sp/hard/crt0.o (memset)
/usr/bin/../lib/gcc/arm-none-eabi/7.3.1/../../../../arm-none-eabi/lib/thumb/v7e-m/fpv4-sp/hard/libc.a(lib_a-printf.o)
                              library.a(initialize.o) (printf)
/usr/bin/../lib/gcc/arm-none-eabi/7.3.1/../../../../arm-none-eabi/lib/thumb/v7e-m/fpv4-sp/hard/libc.a(lib_a-strcpy.o)
                              library.a(initialize.o) (strcpy)
/usr/bin/../lib/gcc/arm-none-eabi/7.3.1/../../../../arm-none-eabi/lib/thumb/v7e-m/fpv4-sp/hard/libc.a(lib_a-vfprintf.o)
                              /usr/bin/../lib/gcc/arm-none-eabi/7.3.1/../../../../arm-none-eabi/lib/thumb/v7e-m/fpv4-sp/hard/libc.a(lib_a-printf.o) (_vfprintf_r)
/usr/bin/../lib/gcc/arm-none-eabi/7.3.1/../../../../arm-none-eabi/lib/thumb/v7e-m/fpv4-sp/hard/libc.a(lib_a-vsprintf.o)
                              obj/main.o (vsprintf)
/usr/bin/../lib/gcc/arm-none-eabi/7.3.1/../../../../arm-none-eabi/lib/thumb/v7e-m/fpv4-sp/hard/libc.a(lib_a-wsetup.o)
                              /usr/bin/../lib/gcc/arm-none-eabi/7.3.1/../../../../arm-none-eabi/lib/thumb/v7e-m/fpv4-sp/hard/libc.a(lib_a-vfprintf.o) (__swsetup_r)
/usr/bin/../lib/gcc/arm-none-eabi/7.3.1/../../../../arm-none-eabi/lib/thumb/v7e-m/fpv4-sp/hard/libc.a(lib_a-__call_atexit.o)
                              /usr/bin/../lib/gcc/arm-none-eabi/7.3.1/../../../../arm-none-eabi/lib/thumb/v7e-m/fpv4-sp/hard/libc.a(lib_a-exit.o) (__call_exitprocs)
/usr/bin/../lib/gcc/arm-none-eabi/7.3.1/../../../../arm-none-eabi/lib/thumb/v7e-m/fpv4-sp/hard/libc.a(lib_a-atexit.o)
                              /usr/bin/../lib/gcc/arm-none-eabi/7.3.1/../../../../arm-none-eabi/lib/thumb/v7e-m/fpv4-sp/hard/libc.a(lib_a-__call_atexit.o) (atexit)
[...]
Memory Configuration

Name             Origin             Length             Attributes
ROM              0x0000000008000000 0x0000000000200000 xr
RAM              0x0000000020000000 0x0000000000030000 xrw
CCM              0x0000000010000000 0x0000000000010000 xrw
*default*        0x0000000000000000 0xffffffffffffffff

Linker script and memory map

LOAD /usr/bin/../lib/gcc/arm-none-eabi/7.3.1/thumb/v7e-m/fpv4-sp/hard/crti.o
LOAD /usr/bin/../lib/gcc/arm-none-eabi/7.3.1/thumb/v7e-m/fpv4-sp/hard/crtbegin.o
LOAD /usr/bin/../lib/gcc/arm-none-eabi/7.3.1/../../../../arm-none-eabi/lib/thumb/v7e-m/fpv4-sp/hard/crt0.o
LOAD obj/fp.o
LOAD obj/main.o
LOAD obj/func.o
LOAD library.a
LOAD library.a
LOAD /usr/bin/../lib/gcc/arm-none-eabi/7.3.1/../../../../arm-none-eabi/lib/thumb/v7e-m/fpv4-sp/hard/libc.a
LOAD /usr/bin/../lib/gcc/arm-none-eabi/7.3.1/../../../../arm-none-eabi/lib/thumb/v7e-m/fpv4-sp/hard/libnosys.a
LOAD /usr/bin/../lib/gcc/arm-none-eabi/7.3.1/../../../../arm-none-eabi/lib/thumb/v7e-m/fpv4-sp/hard/libc.a
START GROUP
LOAD /usr/bin/../lib/gcc/arm-none-eabi/7.3.1/thumb/v7e-m/fpv4-sp/hard/libgcc.a
LOAD /usr/bin/../lib/gcc/arm-none-eabi/7.3.1/../../../../arm-none-eabi/lib/thumb/v7e-m/fpv4-sp/hard/libc.a
END GROUP
LOAD /usr/bin/../lib/gcc/arm-none-eabi/7.3.1/thumb/v7e-m/fpv4-sp/hard/crtend.o
LOAD /usr/bin/../lib/gcc/arm-none-eabi/7.3.1/thumb/v7e-m/fpv4-sp/hard/crtn.o

.text           0x0000000008000000     0xc37c
 *(.isr_vector)
 .isr_vector    0x0000000008000000      0x1ac library.a(startup_stm32f429xx.o)
                0x0000000008000000                __isr_vector
 *(.text*)
 .text          0x00000000080001ac       0x40 /usr/bin/../lib/gcc/arm-none-eabi/7.3.1/thumb/v7e-m/fpv4-sp/hard/crtbegin.o
 .text          0x00000000080001ec       0x74 /usr/bin/../lib/gcc/arm-none-eabi/7.3.1/../../../../arm-none-eabi/lib/thumb/v7e-m/fpv4-sp/hard/crt0.o
                0x00000000080001ec                _mainCRTStartup
                0x00000000080001ec                _start
 .text.AddFloats
                0x0000000008000260      0x214 obj/fp.o
                0x0000000008000260                AddFloats
 .text.MulFloats
                0x0000000008000474      0x1e8 obj/fp.o
                0x0000000008000474                MulFloats
 .text.PutErrMsgAt.constprop.0
                0x000000000800065c       0x50 obj/main.o
 .text.PutStringAt.constprop.1
                0x00000000080006ac       0x34 obj/main.o
 .text.startup.main
                0x00000000080006e0      0x504 obj/main.o
                0x00000000080006e0                main
 .text          0x0000000008000be4       0xb0 obj/func.o
                0x0000000008000bec                HWFlPtPoly
                0x0000000008000c18                SWFlPtPoly
                0x0000000008000c5c                Q16FxdPoly
 .text.DisplayHeader
                0x0000000008000c94       0x80 library.a(initialize.o)
                0x0000000008000c94                DisplayHeader
 .text.DisplayFooter
                0x0000000008000d14       0x58 library.a(initialize.o)
                0x0000000008000d14                DisplayFooter
 .text.InitializeHardware
                0x0000000008000d6c      0x110 library.a(initialize.o)
                0x0000000008000d6c                InitializeHardware
 .text.CountCycles
                0x0000000008000e7c       0x38 library.a(initialize.o)
                0x0000000008000e7c                CountCycles
 .text.CallReturnOverhead
                0x0000000008000eb4        0x2 library.a(initialize.o)
                0x0000000008000eb4                CallReturnOverhead
 *fill*         0x0000000008000eb6        0x2 
 .text.SPIx_Init
                0x0000000008000eb8       0x94 library.a(stm32f429i_discovery.o)
 .text.SPIx_Write
                0x0000000008000f4c       0x30 library.a(stm32f429i_discovery.o)
 .text.BSP_PB_Init
                0x0000000008000f7c       0x70 library.a(stm32f429i_discovery.o)
                0x0000000008000f7c                BSP_PB_Init
 .text.LCD_IO_Init
                0x0000000008000fec       0xb0 library.a(stm32f429i_discovery.o)
                0x0000000008000fec                LCD_IO_Init
 .text.LCD_IO_WriteData
                0x000000000800109c       0x38 library.a(stm32f429i_discovery.o)
                0x000000000800109c                LCD_IO_WriteData
 .text.LCD_IO_WriteReg
                0x00000000080010d4       0x38 library.a(stm32f429i_discovery.o)
                0x00000000080010d4                LCD_IO_WriteReg
 .text.LCD_IO_ReadData
                0x000000000800110c       0x6c library.a(stm32f429i_discovery.o)
                0x000000000800110c                LCD_IO_ReadData
 .text.LCD_Delay
                0x0000000008001178        0x4 library.a(stm32f429i_discovery.o)
                0x0000000008001178                LCD_Delay
 .text.FillBuffer
                0x000000000800117c       0x64 library.a(stm32f429i_discovery_lcd.o)
 .text.BSP_LCD_Init
                0x00000000080011e0      0x1cc library.a(stm32f429i_discovery_lcd.o)
                0x00000000080011e0                BSP_LCD_Init
 .text.BSP_LCD_GetXSize
                0x00000000080013ac       0x10 library.a(stm32f429i_discovery_lcd.o)
                0x00000000080013ac                BSP_LCD_GetXSize
 .text.BSP_LCD_GetYSize
                0x00000000080013bc       0x10 library.a(stm32f429i_discovery_lcd.o)
                0x00000000080013bc                BSP_LCD_GetYSize
 .text.BSP_LCD_LayerDefaultInit
                0x00000000080013cc       0x7c library.a(stm32f429i_discovery_lcd.o)
                0x00000000080013cc                BSP_LCD_LayerDefaultInit
 .text.BSP_LCD_SelectLayer
                0x0000000008001448        0xc library.a(stm32f429i_discovery_lcd.o)
                0x0000000008001448                BSP_LCD_SelectLayer
 .text.BSP_LCD_SetTextColor
                0x0000000008001454       0x18 library.a(stm32f429i_discovery_lcd.o)
                0x0000000008001454                BSP_LCD_SetTextColor
 .text.BSP_LCD_SetBackColor
                0x000000000800146c       0x18 library.a(stm32f429i_discovery_lcd.o)
                0x000000000800146c                BSP_LCD_SetBackColor
 .text.BSP_LCD_SetFont
                0x0000000008001484       0x18 library.a(stm32f429i_discovery_lcd.o)
                0x0000000008001484                BSP_LCD_SetFont
 .text.BSP_LCD_Clear
                0x000000000800149c       0x3c library.a(stm32f429i_discovery_lcd.o)
                0x000000000800149c                BSP_LCD_Clear
 .text.BSP_LCD_FillRect
                0x00000000080014d8       0x5c library.a(stm32f429i_discovery_lcd.o)
                0x00000000080014d8                BSP_LCD_FillRect
 .text.BSP_LCD_DisplayOn
                0x0000000008001534       0x10 library.a(stm32f429i_discovery_lcd.o)
                0x0000000008001534                BSP_LCD_DisplayOn
 .text.BSP_LCD_DrawPixel
                0x0000000008001544       0x2c library.a(stm32f429i_discovery_lcd.o)
                0x0000000008001544                BSP_LCD_DrawPixel
 .text.BSP_LCD_DisplayChar
                0x0000000008001570       0xd0 library.a(stm32f429i_discovery_lcd.o)
                0x0000000008001570                BSP_LCD_DisplayChar
 .text.BSP_LCD_DisplayStringAt
                0x0000000008001640       0xb8 library.a(stm32f429i_discovery_lcd.o)
                0x0000000008001640                BSP_LCD_DisplayStringAt
 .text.BSP_LCD_DrawLine
                0x00000000080016f8       0xd0 library.a(stm32f429i_discovery_lcd.o)
                0x00000000080016f8                BSP_LCD_DrawLine
 .text.BSP_SDRAM_Initialization_sequence
                0x00000000080017c8       0x94 library.a(stm32f429i_discovery_sdram.o)
                0x00000000080017c8                BSP_SDRAM_Initialization_sequence
 .text.BSP_SDRAM_Init
                0x000000000800185c      0x1d4 library.a(stm32f429i_discovery_sdram.o)
                0x000000000800185c                BSP_SDRAM_Init
 .text.HAL_MspInit
                0x0000000008001a30        0x2 library.a(stm32f4xx_hal.o)
                0x0000000008001a30                HAL_MspInit
 .text.HAL_InitTick
                0x0000000008001a32       0x24 library.a(stm32f4xx_hal.o)
                0x0000000008001a32                HAL_InitTick
 *fill*         0x0000000008001a56        0x2 
 .text.HAL_Init
                0x0000000008001a58       0x34 library.a(stm32f4xx_hal.o)
                0x0000000008001a58                HAL_Init
 .text.HAL_IncTick
                0x0000000008001a8c       0x10 library.a(stm32f4xx_hal.o)
                0x0000000008001a8c                HAL_IncTick
 .text.HAL_GetTick
                0x0000000008001a9c        0xc library.a(stm32f4xx_hal.o)
                0x0000000008001a9c                HAL_GetTick
 .text.HAL_Delay
                0x0000000008001aa8       0x1a library.a(stm32f4xx_hal.o)
                0x0000000008001aa8                HAL_Delay
 *fill*         0x0000000008001ac2        0x2 
 .text.HAL_NVIC_SetPriorityGrouping
                0x0000000008001ac4       0x24 library.a(stm32f4xx_hal_cortex.o)
                0x0000000008001ac4                HAL_NVIC_SetPriorityGrouping
 .text.HAL_NVIC_SetPriority
                0x0000000008001ae8       0x68 library.a(stm32f4xx_hal_cortex.o)
                0x0000000008001ae8                HAL_NVIC_SetPriority
 .text.HAL_NVIC_EnableIRQ
                0x0000000008001b50       0x18 library.a(stm32f4xx_hal_cortex.o)
                0x0000000008001b50                HAL_NVIC_EnableIRQ
 .text.HAL_SYSTICK_Config
                0x0000000008001b68       0x2c library.a(stm32f4xx_hal_cortex.o)
                0x0000000008001b68                HAL_SYSTICK_Config
 .text.HAL_DMA_Init
                0x0000000008001b94       0x78 library.a(stm32f4xx_hal_dma.o)
                0x0000000008001b94                HAL_DMA_Init
 .text.HAL_DMA_DeInit
                0x0000000008001c0c      0xac4 library.a(stm32f4xx_hal_dma.o)
                0x0000000008001c0c                HAL_DMA_DeInit
 .text.DMA2D_SetConfig
                0x00000000080026d0       0x80 library.a(stm32f4xx_hal_dma2d.o)
 .text.HAL_DMA2D_MspInit
                0x0000000008002750        0x2 library.a(stm32f4xx_hal_dma2d.o)
                0x0000000008002750                HAL_DMA2D_MspInit
 .text.HAL_DMA2D_Init
                0x0000000008002752       0x5c library.a(stm32f4xx_hal_dma2d.o)
                0x0000000008002752                HAL_DMA2D_Init
 .text.HAL_DMA2D_Start
                0x00000000080027ae       0x40 library.a(stm32f4xx_hal_dma2d.o)
                0x00000000080027ae                HAL_DMA2D_Start
 .text.HAL_DMA2D_PollForTransfer
                0x00000000080027ee       0xc2 library.a(stm32f4xx_hal_dma2d.o)
                0x00000000080027ee                HAL_DMA2D_PollForTransfer
 .text.HAL_DMA2D_ConfigLayer
                0x00000000080028b0       0xe8 library.a(stm32f4xx_hal_dma2d.o)
                0x00000000080028b0                HAL_DMA2D_ConfigLayer
 .text.HAL_GPIO_Init
                0x0000000008002998      0x1d8 library.a(stm32f4xx_hal_gpio.o)
                0x0000000008002998                HAL_GPIO_Init
 .text.HAL_GPIO_WritePin
                0x0000000008002b70        0xa library.a(stm32f4xx_hal_gpio.o)
                0x0000000008002b70                HAL_GPIO_WritePin
 .text.LTDC_SetConfig
                0x0000000008002b7a      0x148 library.a(stm32f4xx_hal_ltdc.o)
 .text.HAL_LTDC_MspInit
                0x0000000008002cc2        0x2 library.a(stm32f4xx_hal_ltdc.o)
                0x0000000008002cc2                HAL_LTDC_MspInit
 .text.HAL_LTDC_Init
                0x0000000008002cc4       0xfc library.a(stm32f4xx_hal_ltdc.o)
                0x0000000008002cc4                HAL_LTDC_Init
 .text.HAL_LTDC_ConfigLayer
                0x0000000008002dc0       0x52 library.a(stm32f4xx_hal_ltdc.o)
                0x0000000008002dc0                HAL_LTDC_ConfigLayer
 *fill*         0x0000000008002e12        0x2 
 .text.HAL_LTDC_EnableDither
                0x0000000008002e14       0x34 library.a(stm32f4xx_hal_ltdc.o)
                0x0000000008002e14                HAL_LTDC_EnableDither
 .text.HAL_RCC_OscConfig
                0x0000000008002e48      0x33c library.a(stm32f4xx_hal_rcc.o)
                0x0000000008002e48                HAL_RCC_OscConfig
 .text.HAL_RCC_ClockConfig
                0x0000000008003184      0x1f8 library.a(stm32f4xx_hal_rcc.o)
                0x0000000008003184                HAL_RCC_ClockConfig
 .text.HAL_RCC_GetSysClockFreq
                0x000000000800337c       0x78 library.a(stm32f4xx_hal_rcc.o)
                0x000000000800337c                HAL_RCC_GetSysClockFreq
 .text.HAL_RCC_GetHCLKFreq
                0x00000000080033f4       0x38 library.a(stm32f4xx_hal_rcc.o)
                0x00000000080033f4                HAL_RCC_GetHCLKFreq
 .text.HAL_RCCEx_PeriphCLKConfig
                0x000000000800342c      0x2e8 library.a(stm32f4xx_hal_rcc_ex.o)
                0x000000000800342c                HAL_RCCEx_PeriphCLKConfig
 .text.HAL_SDRAM_MspInit
                0x0000000008003714        0x2 library.a(stm32f4xx_hal_sdram.o)
                0x0000000008003714                HAL_SDRAM_MspInit
 .text.HAL_SDRAM_Init
                0x0000000008003716       0x40 library.a(stm32f4xx_hal_sdram.o)
                0x0000000008003716                HAL_SDRAM_Init
 .text.HAL_SDRAM_SendCommand
                0x0000000008003756       0x2e library.a(stm32f4xx_hal_sdram.o)
                0x0000000008003756                HAL_SDRAM_SendCommand
 .text.HAL_SDRAM_ProgramRefreshRate
                0x0000000008003784       0x24 library.a(stm32f4xx_hal_sdram.o)
                0x0000000008003784                HAL_SDRAM_ProgramRefreshRate
 .text.SPI_WaitOnFlagUntilTimeout
                0x00000000080037a8       0x94 library.a(stm32f4xx_hal_spi.o)
 .text.HAL_SPI_MspInit
                0x000000000800383c        0x2 library.a(stm32f4xx_hal_spi.o)
                0x000000000800383c                HAL_SPI_MspInit
 .text.HAL_SPI_Init
                0x000000000800383e       0x82 library.a(stm32f4xx_hal_spi.o)
                0x000000000800383e                HAL_SPI_Init
 .text.HAL_SPI_MspDeInit
                0x00000000080038c0        0x2 library.a(stm32f4xx_hal_spi.o)
                0x00000000080038c0                HAL_SPI_MspDeInit
 .text.HAL_SPI_DeInit
                0x00000000080038c2       0x26 library.a(stm32f4xx_hal_spi.o)
                0x00000000080038c2                HAL_SPI_DeInit
 .text.HAL_SPI_Transmit
                0x00000000080038e8      0x148 library.a(stm32f4xx_hal_spi.o)
                0x00000000080038e8                HAL_SPI_Transmit
 .text.HAL_SPI_TransmitReceive
                0x0000000008003a30      0x2c4 library.a(stm32f4xx_hal_spi.o)
                0x0000000008003a30                HAL_SPI_TransmitReceive
 .text.HAL_SPI_Receive
                0x0000000008003cf4      0x1d0 library.a(stm32f4xx_hal_spi.o)
                0x0000000008003cf4                HAL_SPI_Receive
 .text.HAL_SPI_GetState
                0x0000000008003ec4        0x6 library.a(stm32f4xx_hal_spi.o)
                0x0000000008003ec4                HAL_SPI_GetState
 .text.NMI_Handler
                0x0000000008003eca        0x2 library.a(stm32f4xx_it.o)
                0x0000000008003eca                NMI_Handler
 .text.SVC_Handler
                0x0000000008003ecc        0x2 library.a(stm32f4xx_it.o)
                0x0000000008003ecc                SVC_Handler
 .text.DebugMon_Handler
                0x0000000008003ece        0x2 library.a(stm32f4xx_it.o)
                0x0000000008003ece                DebugMon_Handler
 .text.PendSV_Handler
                0x0000000008003ed0        0x2 library.a(stm32f4xx_it.o)
                0x0000000008003ed0                PendSV_Handler
 .text.SysTick_Handler
                0x0000000008003ed2        0x4 library.a(stm32f4xx_it.o)
                0x0000000008003ed2                SysTick_Handler
 *fill*         0x0000000008003ed6        0x2 
 .text.FMC_SDRAM_Init
                0x0000000008003ed8       0x6c library.a(stm32f4xx_ll_fmc.o)
                0x0000000008003ed8                FMC_SDRAM_Init
 .text.FMC_SDRAM_Timing_Init
                0x0000000008003f44       0x70 library.a(stm32f4xx_ll_fmc.o)
                0x0000000008003f44                FMC_SDRAM_Timing_Init
 .text.FMC_SDRAM_SendCommand
                0x0000000008003fb4       0x4c library.a(stm32f4xx_ll_fmc.o)
                0x0000000008003fb4                FMC_SDRAM_SendCommand
 .text.FMC_SDRAM_ProgramRefreshRate
                0x0000000008004000        0xc library.a(stm32f4xx_ll_fmc.o)
                0x0000000008004000                FMC_SDRAM_ProgramRefreshRate
 .text.SystemInit
                0x000000000800400c       0x4c library.a(system_stm32f4xx.o)
                0x000000000800400c                SystemInit
 .text          0x0000000008004058      0x118 library.a(startup_stm32f429xx.o)
                0x0000000008004058                Reset_Handler
                0x00000000080040a8                HardFault_Handler
                0x00000000080040aa                MemManage_Handler
                0x00000000080040ac                BusFault_Handler
                0x00000000080040ae                UsageFault_Handler
                0x00000000080040b0                Default_Handler
                0x00000000080040b2                WWDG_IRQHandler
                0x00000000080040b4                PVD_IRQHandler
                0x00000000080040b6                TAMP_STAMP_IRQHandler
                0x00000000080040b8                RTC_WKUP_IRQHandler
                0x00000000080040ba                FLASH_IRQHandler
                0x00000000080040bc                RCC_IRQHandler
                0x00000000080040be                EXTI0_IRQHandler
                0x00000000080040c0                EXTI1_IRQHandler
                0x00000000080040c2                EXTI2_IRQHandler
                0x00000000080040c4                EXTI3_IRQHandler
                0x00000000080040c6                EXTI4_IRQHandler
                0x00000000080040c8                DMA1_Stream0_IRQHandler
                0x00000000080040ca                DMA1_Stream1_IRQHandler
                0x00000000080040cc                DMA1_Stream2_IRQHandler
                0x00000000080040ce                DMA1_Stream3_IRQHandler
                0x00000000080040d0                DMA1_Stream4_IRQHandler
                0x00000000080040d2                DMA1_Stream5_IRQHandler
                0x00000000080040d4                DMA1_Stream6_IRQHandler
                0x00000000080040d6                ADC_IRQHandler
                0x00000000080040d8                CAN1_TX_IRQHandler
                0x00000000080040da                CAN1_RX0_IRQHandler
                0x00000000080040dc                CAN1_RX1_IRQHandler
                0x00000000080040de                CAN1_SCE_IRQHandler
                0x00000000080040e0                EXTI9_5_IRQHandler
                0x00000000080040e2                TIM1_BRK_TIM9_IRQHandler
                0x00000000080040e4                TIM1_UP_TIM10_IRQHandler
                0x00000000080040e6                TIM1_TRG_COM_TIM11_IRQHandler
                0x00000000080040e8                TIM1_CC_IRQHandler
                0x00000000080040ea                TIM2_IRQHandler
                0x00000000080040ec                TIM3_IRQHandler
                0x00000000080040ee                TIM4_IRQHandler
                0x00000000080040f0                I2C1_EV_IRQHandler
                0x00000000080040f2                I2C1_ER_IRQHandler
                0x00000000080040f4                I2C2_EV_IRQHandler
                0x00000000080040f6                I2C2_ER_IRQHandler
                0x00000000080040f8                SPI1_IRQHandler
                0x00000000080040fa                SPI2_IRQHandler
                0x00000000080040fc                USART1_IRQHandler
                0x00000000080040fe                USART2_IRQHandler
                0x0000000008004100                USART3_IRQHandler
                0x0000000008004102                EXTI15_10_IRQHandler
                0x0000000008004104                RTC_Alarm_IRQHandler
                0x0000000008004106                OTG_FS_WKUP_IRQHandler
                0x0000000008004108                TIM8_BRK_TIM12_IRQHandler
                0x000000000800410a                TIM8_UP_TIM13_IRQHandler
                0x000000000800410c                TIM8_TRG_COM_TIM14_IRQHandler
                0x000000000800410e                TIM8_CC_IRQHandler
                0x0000000008004110                DMA1_Stream7_IRQHandler
                0x0000000008004112                FSMC_IRQHandler
                0x0000000008004114                SDIO_IRQHandler
                0x0000000008004116                TIM5_IRQHandler
                0x0000000008004118                SPI3_IRQHandler
                0x000000000800411a                UART4_IRQHandler
                0x000000000800411c                UART5_IRQHandler
                0x000000000800411e                TIM6_DAC_IRQHandler
                0x0000000008004120                TIM7_IRQHandler
                0x0000000008004122                DMA2_Stream0_IRQHandler
                0x0000000008004124                DMA2_Stream1_IRQHandler
                0x0000000008004126                DMA2_Stream2_IRQHandler
                0x0000000008004128                DMA2_Stream3_IRQHandler
                0x000000000800412a                DMA2_Stream4_IRQHandler
                0x000000000800412c                ETH_IRQHandler
                0x000000000800412e                ETH_WKUP_IRQHandler
                0x0000000008004130                CAN2_TX_IRQHandler
                0x0000000008004132                CAN2_RX0_IRQHandler
                0x0000000008004134                CAN2_RX1_IRQHandler
                0x0000000008004136                CAN2_SCE_IRQHandler
                0x0000000008004138                OTG_FS_IRQHandler
                0x000000000800413a                DMA2_Stream5_IRQHandler
                0x000000000800413c                DMA2_Stream6_IRQHandler
                0x000000000800413e                DMA2_Stream7_IRQHandler
                0x0000000008004140                USART6_IRQHandler
                0x0000000008004142                I2C3_EV_IRQHandler
                0x0000000008004144                I2C3_ER_IRQHandler
                0x0000000008004146                OTG_HS_EP1_OUT_IRQHandler
                0x0000000008004148                OTG_HS_EP1_IN_IRQHandler
                0x000000000800414a                OTG_HS_WKUP_IRQHandler
                0x000000000800414c                OTG_HS_IRQHandler
                0x000000000800414e                DCMI_IRQHandler
                0x0000000008004150                CRYP_IRQHandler
                0x0000000008004152                HASH_RNG_IRQHandler
                0x0000000008004154                FPU_IRQHandler
                0x0000000008004156                UART7_IRQHandler
                0x0000000008004158                UART8_IRQHandler
                0x000000000800415a                SPI4_IRQHandler
                0x000000000800415c                SPI5_IRQHandler
                0x000000000800415e                SPI6_IRQHandler
                0x0000000008004160                SAI1_IRQHandler
                0x0000000008004162                LTDC_IRQHandler
                0x0000000008004164                LTDC_ER_IRQHandler
                0x0000000008004166                DMA2D_IRQHandler
 .text.ili9341_GetLcdPixelWidth
                0x0000000008004170        0x4 library.a(ili9341.o)
                0x0000000008004170                ili9341_GetLcdPixelWidth
 .text.ili9341_GetLcdPixelHeight
                0x0000000008004174        0x6 library.a(ili9341.o)
                0x0000000008004174                ili9341_GetLcdPixelHeight
 .text.ili9341_DisplayOn
                0x000000000800417a        0x6 library.a(ili9341.o)
                0x000000000800417a                ili9341_DisplayOn
 .text.ili9341_DisplayOff
                0x0000000008004180        0x6 library.a(ili9341.o)
                0x0000000008004180                ili9341_DisplayOff
 .text.ili9341_Init
                0x0000000008004186      0x292 library.a(ili9341.o)
                0x0000000008004186                ili9341_Init
 .text.ili9341_ReadID
                0x0000000008004418       0x12 library.a(ili9341.o)
                0x0000000008004418                ili9341_ReadID
 *fill*         0x000000000800442a        0x2 
 .text.exit     0x000000000800442c       0x20 /usr/bin/../lib/gcc/arm-none-eabi/7.3.1/../../../../arm-none-eabi/lib/thumb/v7e-m/fpv4-sp/hard/libc.a(lib_a-exit.o)
                0x000000000800442c                exit
 .text.__libc_init_array
                0x000000000800444c       0x48 /usr/bin/../lib/gcc/arm-none-eabi/7.3.1/../../../../arm-none-eabi/lib/thumb/v7e-m/fpv4-sp/hard/libc.a(lib_a-init.o)
                0x000000000800444c                __libc_init_array
 .text.memset   0x0000000008004494       0x94 /usr/bin/../lib/gcc/arm-none-eabi/7.3.1/../../../../arm-none-eabi/lib/thumb/v7e-m/fpv4-sp/hard/libc.a(lib_a-memset.o)
                0x0000000008004494                memset
 .text._vsprintf_r
                0x0000000008004528       0x28 /usr/bin/../lib/gcc/arm-none-eabi/7.3.1/../../../../arm-none-eabi/lib/thumb/v7e-m/fpv4-sp/hard/libc.a(lib_a-vsprintf.o)
                0x0000000008004528                _vsprintf_r
 .text.vsprintf
                0x0000000008004550       0x18 /usr/bin/../lib/gcc/arm-none-eabi/7.3.1/../../../../arm-none-eabi/lib/thumb/v7e-m/fpv4-sp/hard/libc.a(lib_a-vsprintf.o)
                0x0000000008004550                vsprintf
 .text.startup.register_fini
                0x0000000008004568       0x14 /usr/bin/../lib/gcc/arm-none-eabi/7.3.1/../../../../arm-none-eabi/lib/thumb/v7e-m/fpv4-sp/hard/libc.a(lib_a-__call_atexit.o)
 .text.__call_exitprocs
                0x000000000800457c       0xe8 /usr/bin/../lib/gcc/arm-none-eabi/7.3.1/../../../../arm-none-eabi/lib/thumb/v7e-m/fpv4-sp/hard/libc.a(lib_a-__call_atexit.o)
                0x000000000800457c                __call_exitprocs
 .text.atexit   0x0000000008004664        0xc /usr/bin/../lib/gcc/arm-none-eabi/7.3.1/../../../../arm-none-eabi/lib/thumb/v7e-m/fpv4-sp/hard/libc.a(lib_a-atexit.o)
                0x0000000008004664                atexit
 .text.quorem   0x0000000008004670      0x124 /usr/bin/../lib/gcc/arm-none-eabi/7.3.1/../../../../arm-none-eabi/lib/thumb/v7e-m/fpv4-sp/hard/libc.a(lib_a-dtoa.o)
 *fill*         0x0000000008004794        0x4 
 .text._dtoa_r  0x0000000008004798      0xe20 /usr/bin/../lib/gcc/arm-none-eabi/7.3.1/../../../../arm-none-eabi/lib/thumb/v7e-m/fpv4-sp/hard/libc.a(lib_a-dtoa.o)
                0x0000000008004798                _dtoa_r
 .text.__libc_fini_array
                0x00000000080055b8       0x34 /usr/bin/../lib/gcc/arm-none-eabi/7.3.1/../../../../arm-none-eabi/lib/thumb/v7e-m/fpv4-sp/hard/libc.a(lib_a-fini.o)
                0x00000000080055b8                __libc_fini_array
 .text._malloc_trim_r
                0x00000000080055ec       0xa0 /usr/bin/../lib/gcc/arm-none-eabi/7.3.1/../../../../arm-none-eabi/lib/thumb/v7e-m/fpv4-sp/hard/libc.a(lib_a-freer.o)
                0x00000000080055ec                _malloc_trim_r
 .text._free_r  0x000000000800568c      0x1e8 /usr/bin/../lib/gcc/arm-none-eabi/7.3.1/../../../../arm-none-eabi/lib/thumb/v7e-m/fpv4-sp/hard/libc.a(lib_a-freer.o)
                0x000000000800568c                _free_r
 .text._localeconv_r
                0x0000000008005874       0x1c /usr/bin/../lib/gcc/arm-none-eabi/7.3.1/../../../../arm-none-eabi/lib/thumb/v7e-m/fpv4-sp/hard/libc.a(lib_a-localeconv.o)
                0x0000000008005874                _localeconv_r
 .text.__retarget_lock_acquire_recursive
                0x0000000008005890        0x4 /usr/bin/../lib/gcc/arm-none-eabi/7.3.1/../../../../arm-none-eabi/lib/thumb/v7e-m/fpv4-sp/hard/libc.a(lib_a-lock.o)
                0x0000000008005890                __retarget_lock_acquire_recursive
 .text.__retarget_lock_release_recursive
                0x0000000008005894        0x4 /usr/bin/../lib/gcc/arm-none-eabi/7.3.1/../../../../arm-none-eabi/lib/thumb/v7e-m/fpv4-sp/hard/libc.a(lib_a-lock.o)
                0x0000000008005894                __retarget_lock_release_recursive
 .text._malloc_r
                0x0000000008005898      0x548 /usr/bin/../lib/gcc/arm-none-eabi/7.3.1/../../../../arm-none-eabi/lib/thumb/v7e-m/fpv4-sp/hard/libc.a(lib_a-mallocr.o)
                0x0000000008005898                _malloc_r
 .text          0x0000000008005de0       0xa0 /usr/bin/../lib/gcc/arm-none-eabi/7.3.1/../../../../arm-none-eabi/lib/thumb/v7e-m/fpv4-sp/hard/libc.a(lib_a-memchr.o)
                0x0000000008005de0                memchr
 .text          0x0000000008005e80      0x134 /usr/bin/../lib/gcc/arm-none-eabi/7.3.1/../../../../arm-none-eabi/lib/thumb/v7e-m/fpv4-sp/hard/libc.a(lib_a-memcpy.o)
                0x0000000008005e80                memcpy
 .text.__malloc_lock
                0x0000000008005fb4        0xc /usr/bin/../lib/gcc/arm-none-eabi/7.3.1/../../../../arm-none-eabi/lib/thumb/v7e-m/fpv4-sp/hard/libc.a(lib_a-mlock.o)
                0x0000000008005fb4                __malloc_lock
 .text.__malloc_unlock
                0x0000000008005fc0        0xc /usr/bin/../lib/gcc/arm-none-eabi/7.3.1/../../../../arm-none-eabi/lib/thumb/v7e-m/fpv4-sp/hard/libc.a(lib_a-mlock.o)
                0x0000000008005fc0                __malloc_unlock
 .text._Balloc  0x0000000008005fcc       0x4c /usr/bin/../lib/gcc/arm-none-eabi/7.3.1/../../../../arm-none-eabi/lib/thumb/v7e-m/fpv4-sp/hard/libc.a(lib_a-mprec.o)
                0x0000000008005fcc                _Balloc
 .text._Bfree   0x0000000008006018       0x14 /usr/bin/../lib/gcc/arm-none-eabi/7.3.1/../../../../arm-none-eabi/lib/thumb/v7e-m/fpv4-sp/hard/libc.a(lib_a-mprec.o)
                0x0000000008006018                _Bfree
 .text.__multadd
                0x000000000800602c       0x80 /usr/bin/../lib/gcc/arm-none-eabi/7.3.1/../../../../arm-none-eabi/lib/thumb/v7e-m/fpv4-sp/hard/libc.a(lib_a-mprec.o)
                0x000000000800602c                __multadd
 .text.__hi0bits
                0x00000000080060ac       0x40 /usr/bin/../lib/gcc/arm-none-eabi/7.3.1/../../../../arm-none-eabi/lib/thumb/v7e-m/fpv4-sp/hard/libc.a(lib_a-mprec.o)
                0x00000000080060ac                __hi0bits
 .text.__lo0bits
                0x00000000080060ec       0x60 /usr/bin/../lib/gcc/arm-none-eabi/7.3.1/../../../../arm-none-eabi/lib/thumb/v7e-m/fpv4-sp/hard/libc.a(lib_a-mprec.o)
                0x00000000080060ec                __lo0bits
 .text.__i2b    0x000000000800614c       0x14 /usr/bin/../lib/gcc/arm-none-eabi/7.3.1/../../../../arm-none-eabi/lib/thumb/v7e-m/fpv4-sp/hard/libc.a(lib_a-mprec.o)
                0x000000000800614c                __i2b
 .text.__multiply
                0x0000000008006160      0x14c /usr/bin/../lib/gcc/arm-none-eabi/7.3.1/../../../../arm-none-eabi/lib/thumb/v7e-m/fpv4-sp/hard/libc.a(lib_a-mprec.o)
                0x0000000008006160                __multiply
 .text.__pow5mult
                0x00000000080062ac       0xa0 /usr/bin/../lib/gcc/arm-none-eabi/7.3.1/../../../../arm-none-eabi/lib/thumb/v7e-m/fpv4-sp/hard/libc.a(lib_a-mprec.o)
                0x00000000080062ac                __pow5mult
 .text.__lshift
                0x000000000800634c       0xac /usr/bin/../lib/gcc/arm-none-eabi/7.3.1/../../../../arm-none-eabi/lib/thumb/v7e-m/fpv4-sp/hard/libc.a(lib_a-mprec.o)
                0x000000000800634c                __lshift
 .text.__mcmp   0x00000000080063f8       0x38 /usr/bin/../lib/gcc/arm-none-eabi/7.3.1/../../../../arm-none-eabi/lib/thumb/v7e-m/fpv4-sp/hard/libc.a(lib_a-mprec.o)
                0x00000000080063f8                __mcmp
 .text.__mdiff  0x0000000008006430       0xec /usr/bin/../lib/gcc/arm-none-eabi/7.3.1/../../../../arm-none-eabi/lib/thumb/v7e-m/fpv4-sp/hard/libc.a(lib_a-mprec.o)
                0x0000000008006430                __mdiff
 .text.__d2b    0x000000000800651c       0xc4 /usr/bin/../lib/gcc/arm-none-eabi/7.3.1/../../../../arm-none-eabi/lib/thumb/v7e-m/fpv4-sp/hard/libc.a(lib_a-mprec.o)
                0x000000000800651c                __d2b
 .text.frexp    0x00000000080065e0       0x68 /usr/bin/../lib/gcc/arm-none-eabi/7.3.1/../../../../arm-none-eabi/lib/thumb/v7e-m/fpv4-sp/hard/libc.a(lib_a-s_frexp.o)
                0x00000000080065e0                frexp
 .text._sbrk_r  0x0000000008006648       0x24 /usr/bin/../lib/gcc/arm-none-eabi/7.3.1/../../../../arm-none-eabi/lib/thumb/v7e-m/fpv4-sp/hard/libc.a(lib_a-sbrkr.o)
                0x0000000008006648                _sbrk_r
 *fill*         0x000000000800666c       0x14 
 .text          0x0000000008006680       0xdc /usr/bin/../lib/gcc/arm-none-eabi/7.3.1/../../../../arm-none-eabi/lib/thumb/v7e-m/fpv4-sp/hard/libc.a(lib_a-strlen.o)
                0x0000000008006680                strlen
 .text.strncpy  0x000000000800675c       0x64 /usr/bin/../lib/gcc/arm-none-eabi/7.3.1/../../../../arm-none-eabi/lib/thumb/v7e-m/fpv4-sp/hard/libc.a(lib_a-strncpy.o)
                0x000000000800675c                strncpy
 .text._svfprintf_r
                0x00000000080067c0     0x19cc /usr/bin/../lib/gcc/arm-none-eabi/7.3.1/../../../../arm-none-eabi/lib/thumb/v7e-m/fpv4-sp/hard/libc.a(lib_a-svfprintf.o)
                0x00000000080067c0                _svfprintf_r
 .text.__register_exitproc
                0x000000000800818c       0xc0 /usr/bin/../lib/gcc/arm-none-eabi/7.3.1/../../../../arm-none-eabi/lib/thumb/v7e-m/fpv4-sp/hard/libc.a(lib_a-__atexit.o)
                0x000000000800818c                __register_exitproc
 .text._calloc_r
                0x000000000800824c       0x68 /usr/bin/../lib/gcc/arm-none-eabi/7.3.1/../../../../arm-none-eabi/lib/thumb/v7e-m/fpv4-sp/hard/libc.a(lib_a-callocr.o)
                0x000000000800824c                _calloc_r
 .text.__ascii_mbtowc
                0x00000000080082b4       0x2c /usr/bin/../lib/gcc/arm-none-eabi/7.3.1/../../../../arm-none-eabi/lib/thumb/v7e-m/fpv4-sp/hard/libc.a(lib_a-mbtowc_r.o)
                0x00000000080082b4                __ascii_mbtowc
 .text.memmove  0x00000000080082e0       0xc8 /usr/bin/../lib/gcc/arm-none-eabi/7.3.1/../../../../arm-none-eabi/lib/thumb/v7e-m/fpv4-sp/hard/libc.a(lib_a-memmove.o)
                0x00000000080082e0                memmove
 .text._realloc_r
                0x00000000080083a8      0x35c /usr/bin/../lib/gcc/arm-none-eabi/7.3.1/../../../../arm-none-eabi/lib/thumb/v7e-m/fpv4-sp/hard/libc.a(lib_a-reallocr.o)
                0x00000000080083a8                _realloc_r
 .text.__ssprint_r
                0x0000000008008704       0xf4 /usr/bin/../lib/gcc/arm-none-eabi/7.3.1/../../../../arm-none-eabi/lib/thumb/v7e-m/fpv4-sp/hard/libc.a(lib_a-svfiprintf.o)
                0x0000000008008704                __ssprint_r
 .text.__ascii_wctomb
                0x00000000080087f8       0x1c /usr/bin/../lib/gcc/arm-none-eabi/7.3.1/../../../../arm-none-eabi/lib/thumb/v7e-m/fpv4-sp/hard/libc.a(lib_a-wctomb_r.o)
                0x00000000080087f8                __ascii_wctomb
 .text._sbrk    0x0000000008008814       0x1c /usr/bin/../lib/gcc/arm-none-eabi/7.3.1/../../../../arm-none-eabi/lib/thumb/v7e-m/fpv4-sp/hard/libnosys.a(sbrk.o)
                0x0000000008008814                _sbrk
 .text._exit    0x0000000008008830        0x4 /usr/bin/../lib/gcc/arm-none-eabi/7.3.1/../../../../arm-none-eabi/lib/thumb/v7e-m/fpv4-sp/hard/libnosys.a(_exit.o)
                0x0000000008008830                _exit
 .text          0x0000000008008834      0x378 /usr/bin/../lib/gcc/arm-none-eabi/7.3.1/thumb/v7e-m/fpv4-sp/hard/libgcc.a(_arm_addsubdf3.o)
                0x0000000008008834                __aeabi_drsub
                0x000000000800883c                __aeabi_dsub
                0x000000000800883c                __subdf3
                0x0000000008008840                __adddf3
                0x0000000008008840                __aeabi_dadd
                0x0000000008008ab8                __aeabi_ui2d
                0x0000000008008ab8                __floatunsidf
                0x0000000008008ad8                __floatsidf
                0x0000000008008ad8                __aeabi_i2d
                0x0000000008008afc                __extendsfdf2
                0x0000000008008afc                __aeabi_f2d
                0x0000000008008b40                __aeabi_ul2d
                0x0000000008008b40                __floatundidf
                0x0000000008008b50                __floatdidf
                0x0000000008008b50                __aeabi_l2d
 .text          0x0000000008008bac      0x424 /usr/bin/../lib/gcc/arm-none-eabi/7.3.1/thumb/v7e-m/fpv4-sp/hard/libgcc.a(_arm_muldivdf3.o)
                0x0000000008008bac                __aeabi_dmul
                0x0000000008008bac                __muldf3
                0x0000000008008e00                __aeabi_ddiv
                0x0000000008008e00                __divdf3
 .text          0x0000000008008fd0      0x110 /usr/bin/../lib/gcc/arm-none-eabi/7.3.1/thumb/v7e-m/fpv4-sp/hard/libgcc.a(_arm_cmpdf2.o)
                0x0000000008008fd0                __gtdf2
                0x0000000008008fd0                __gedf2
                0x0000000008008fd8                __ltdf2
                0x0000000008008fd8                __ledf2
                0x0000000008008fe0                __cmpdf2
                0x0000000008008fe0                __eqdf2
                0x0000000008008fe0                __nedf2
                0x000000000800905c                __aeabi_cdrcmple
                0x000000000800906c                __aeabi_cdcmple
                0x000000000800906c                __aeabi_cdcmpeq
                0x000000000800907c                __aeabi_dcmpeq
                0x0000000008009090                __aeabi_dcmplt
                0x00000000080090a4                __aeabi_dcmple
                0x00000000080090b8                __aeabi_dcmpge
                0x00000000080090cc                __aeabi_dcmpgt
 .text          0x00000000080090e0       0x2c /usr/bin/../lib/gcc/arm-none-eabi/7.3.1/thumb/v7e-m/fpv4-sp/hard/libgcc.a(_arm_unorddf2.o)
                0x00000000080090e0                __aeabi_dcmpun
                0x00000000080090e0                __unorddf2
 .text          0x000000000800910c       0x50 /usr/bin/../lib/gcc/arm-none-eabi/7.3.1/thumb/v7e-m/fpv4-sp/hard/libgcc.a(_arm_fixdfsi.o)
                0x000000000800910c                __fixdfsi
                0x000000000800910c                __aeabi_d2iz
 .text          0x000000000800915c       0x30 /usr/bin/../lib/gcc/arm-none-eabi/7.3.1/thumb/v7e-m/fpv4-sp/hard/libgcc.a(_aeabi_uldivmod.o)
                0x000000000800915c                __aeabi_uldivmod
 .text          0x000000000800918c      0x2cc /usr/bin/../lib/gcc/arm-none-eabi/7.3.1/thumb/v7e-m/fpv4-sp/hard/libgcc.a(_udivmoddi4.o)
                0x000000000800918c                __udivmoddi4
 .text          0x0000000008009458        0x4 /usr/bin/../lib/gcc/arm-none-eabi/7.3.1/thumb/v7e-m/fpv4-sp/hard/libgcc.a(_dvmd_tls.o)
                0x0000000008009458                __aeabi_ldiv0
                0x0000000008009458                __aeabi_idiv0
 *(.init)
 .init          0x000000000800945c        0x4 /usr/bin/../lib/gcc/arm-none-eabi/7.3.1/thumb/v7e-m/fpv4-sp/hard/crti.o
                0x000000000800945c                _init
 .init          0x0000000008009460        0x8 /usr/bin/../lib/gcc/arm-none-eabi/7.3.1/thumb/v7e-m/fpv4-sp/hard/crtn.o
 *(.fini)
 .fini          0x0000000008009468        0x4 /usr/bin/../lib/gcc/arm-none-eabi/7.3.1/thumb/v7e-m/fpv4-sp/hard/crti.o
                0x0000000008009468                _fini
 .fini          0x000000000800946c        0x8 /usr/bin/../lib/gcc/arm-none-eabi/7.3.1/thumb/v7e-m/fpv4-sp/hard/crtn.o
 *crtbegin.o(.ctors)
 *crtbegin?.o(.ctors)
 *(EXCLUDE_FILE(*crtend.o *crtend?.o) .ctors)
 *(SORT_BY_NAME(.ctors.*))
 *(.ctors)
 *crtbegin.o(.dtors)
 *crtbegin?.o(.dtors)
 *(EXCLUDE_FILE(*crtend.o *crtend?.o) .dtors)
 *(SORT_BY_NAME(.dtors.*))
 *(.dtors)
 *(.rodata*)
 .rodata.main.str1.4
                0x0000000008009474      0x133 obj/main.o
 .rodata.DisplayHeader.str1.1
                0x00000000080095a7       0x27 library.a(initialize.o)
 .rodata.Font12_Table
                0x00000000080095ce      0x474 library.a(stm32f429i_discovery_lcd.o)
                0x00000000080095ce                Font12_Table
 .rodata.Font16_Table
                0x0000000008009a42      0xbe0 library.a(stm32f429i_discovery_lcd.o)
                0x0000000008009a42                Font16_Table
 .rodata.Font24_Table
                0x000000000800a622     0x1ab8 library.a(stm32f429i_discovery_lcd.o)
                0x000000000800a622                Font24_Table
 .rodata.APBAHBPrescTable
                0x000000000800c0da       0x10 library.a(stm32f4xx_hal_rcc.o)
                0x000000000800c0da                APBAHBPrescTable
 *fill*         0x000000000800c0ea        0x2 
 .rodata._global_impure_ptr
                0x000000000800c0ec        0x4 /usr/bin/../lib/gcc/arm-none-eabi/7.3.1/../../../../arm-none-eabi/lib/thumb/v7e-m/fpv4-sp/hard/libc.a(lib_a-impure.o)
                0x000000000800c0ec                _global_impure_ptr
 .rodata._dtoa_r.str1.4
                0x000000000800c0f0       0x12 /usr/bin/../lib/gcc/arm-none-eabi/7.3.1/../../../../arm-none-eabi/lib/thumb/v7e-m/fpv4-sp/hard/libc.a(lib_a-dtoa.o)
 *fill*         0x000000000800c102        0x6 
 .rodata.__mprec_bigtens
                0x000000000800c108       0x28 /usr/bin/../lib/gcc/arm-none-eabi/7.3.1/../../../../arm-none-eabi/lib/thumb/v7e-m/fpv4-sp/hard/libc.a(lib_a-mprec.o)
                0x000000000800c108                __mprec_bigtens
 .rodata.__mprec_tens
                0x000000000800c130       0xc8 /usr/bin/../lib/gcc/arm-none-eabi/7.3.1/../../../../arm-none-eabi/lib/thumb/v7e-m/fpv4-sp/hard/libc.a(lib_a-mprec.o)
                0x000000000800c130                __mprec_tens
 .rodata.p05.7367
                0x000000000800c1f8        0xc /usr/bin/../lib/gcc/arm-none-eabi/7.3.1/../../../../arm-none-eabi/lib/thumb/v7e-m/fpv4-sp/hard/libc.a(lib_a-mprec.o)
 .rodata._svfprintf_r.str1.4
                0x000000000800c204       0x3f /usr/bin/../lib/gcc/arm-none-eabi/7.3.1/../../../../arm-none-eabi/lib/thumb/v7e-m/fpv4-sp/hard/libc.a(lib_a-svfprintf.o)
                                         0x42 (size before relaxing)
 *fill*         0x000000000800c243        0x1 
 .rodata.blanks.8590
                0x000000000800c244       0x10 /usr/bin/../lib/gcc/arm-none-eabi/7.3.1/../../../../arm-none-eabi/lib/thumb/v7e-m/fpv4-sp/hard/libc.a(lib_a-svfprintf.o)
 .rodata.zeroes.8591
                0x000000000800c254       0x10 /usr/bin/../lib/gcc/arm-none-eabi/7.3.1/../../../../arm-none-eabi/lib/thumb/v7e-m/fpv4-sp/hard/libc.a(lib_a-svfprintf.o)
 .rodata._setlocale_r.str1.4
                0x000000000800c264        0xa /usr/bin/../lib/gcc/arm-none-eabi/7.3.1/../../../../arm-none-eabi/lib/thumb/v7e-m/fpv4-sp/hard/libc.a(lib_a-locale.o)
                                          0xd (size before relaxing)
 *fill*         0x000000000800c26e        0x2 
 .rodata.str1.4
                0x000000000800c270        0x4 /usr/bin/../lib/gcc/arm-none-eabi/7.3.1/../../../../arm-none-eabi/lib/thumb/v7e-m/fpv4-sp/hard/libc.a(lib_a-locale.o)
                                          0x2 (size before relaxing)
 .rodata._ctype_
                0x000000000800c274      0x101 /usr/bin/../lib/gcc/arm-none-eabi/7.3.1/../../../../arm-none-eabi/lib/thumb/v7e-m/fpv4-sp/hard/libc.a(lib_a-ctype_.o)
                0x000000000800c274                _ctype_
 *(.eh_frame*)
 *fill*         0x000000000800c375        0x3 
 .eh_frame      0x000000000800c378        0x0 /usr/bin/../lib/gcc/arm-none-eabi/7.3.1/thumb/v7e-m/fpv4-sp/hard/crtbegin.o
 .eh_frame      0x000000000800c378        0x4 /usr/bin/../lib/gcc/arm-none-eabi/7.3.1/thumb/v7e-m/fpv4-sp/hard/crtend.o

.glue_7         0x000000000800c37c        0x0
 .glue_7        0x000000000800c37c        0x0 linker stubs

.glue_7t        0x000000000800c37c        0x0
 .glue_7t       0x000000000800c37c        0x0 linker stubs

.vfp11_veneer   0x000000000800c37c        0x0
 .vfp11_veneer  0x000000000800c37c        0x0 linker stubs

.v4_bx          0x000000000800c37c        0x0
 .v4_bx         0x000000000800c37c        0x0 linker stubs

.iplt           0x000000000800c37c        0x0
 .iplt          0x000000000800c37c        0x0 /usr/bin/../lib/gcc/arm-none-eabi/7.3.1/thumb/v7e-m/fpv4-sp/hard/crtbegin.o

.ARM.extab
 *(.ARM.extab* .gnu.linkonce.armextab.*)
                0x000000000800c37c                __exidx_start = .

.ARM.exidx      0x000000000800c37c        0x8
 *(.ARM.exidx* .gnu.linkonce.armexidx.*)
 .ARM.exidx     0x000000000800c37c        0x8 /usr/bin/../lib/gcc/arm-none-eabi/7.3.1/../../../../arm-none-eabi/lib/thumb/v7e-m/fpv4-sp/hard/crt0.o
 .ARM.exidx     0x000000000800c384        0x0 /usr/bin/../lib/gcc/arm-none-eabi/7.3.1/thumb/v7e-m/fpv4-sp/hard/libgcc.a(_udivmoddi4.o)
                                          0x8 (size before relaxing)
                0x000000000800c384                __exidx_end = .
                0x000000000800c384                __etext = .

.rel.dyn        0x000000000800c384        0x0
 .rel.iplt      0x000000000800c384        0x0 /usr/bin/../lib/gcc/arm-none-eabi/7.3.1/thumb/v7e-m/fpv4-sp/hard/crtbegin.o

.data           0x0000000020000000      0xbd0 load address 0x000000000800c384
                0x0000000020000000                __data_start__ = .
 *(vtable)
 *(.data*)
 .data.inf.6149
                0x0000000020000000        0x4 obj/fp.o
 .data.nINF     0x0000000020000004        0x4 obj/fp.o
 .data.nZRO     0x0000000020000008        0x4 obj/fp.o
 .data.pINF     0x000000002000000c        0x4 obj/fp.o
 .data.qNaN     0x0000000020000010        0x4 obj/fp.o
 .data.tbl.6104
                0x0000000020000014       0x90 obj/fp.o
 .data.tbl.6150
                0x00000000200000a4       0x90 obj/fp.o
 .data.coef.6212
                0x0000000020000134       0x20 obj/main.o
 .data.coef.6223
                0x0000000020000154       0x20 obj/main.o
 .data.coef.6235
                0x0000000020000174       0x20 obj/main.o
 .data.iparams.6213
                0x0000000020000194        0x8 obj/main.o
 .data.iparams.6224
                0x000000002000019c        0xc obj/main.o
 .data.iparams.6236
                0x00000000200001a8        0xc obj/main.o
 .data.BUTTON_PORT
                0x00000000200001b4        0x4 library.a(stm32f429i_discovery.o)
                0x00000000200001b4                BUTTON_PORT
 .data.SpixTimeout
                0x00000000200001b8        0x4 library.a(stm32f429i_discovery.o)
                0x00000000200001b8                SpixTimeout
 .data.Font12   0x00000000200001bc        0x8 library.a(stm32f429i_discovery_lcd.o)
                0x00000000200001bc                Font12
 .data.Font16   0x00000000200001c4        0x8 library.a(stm32f429i_discovery_lcd.o)
                0x00000000200001c4                Font16
 .data.Font24   0x00000000200001cc        0x8 library.a(stm32f429i_discovery_lcd.o)
                0x00000000200001cc                Font24
 .data.SystemCoreClock
                0x00000000200001d4        0x4 library.a(system_stm32f4xx.o)
                0x00000000200001d4                SystemCoreClock
 .data.ili9341_drv
                0x00000000200001d8       0x38 library.a(ili9341.o)
                0x00000000200001d8                ili9341_drv
 .data._impure_ptr
                0x0000000020000210        0x4 /usr/bin/../lib/gcc/arm-none-eabi/7.3.1/../../../../arm-none-eabi/lib/thumb/v7e-m/fpv4-sp/hard/libc.a(lib_a-impure.o)
                0x0000000020000210                _impure_ptr
 *fill*         0x0000000020000214        0x4 
 .data.impure_data
                0x0000000020000218      0x428 /usr/bin/../lib/gcc/arm-none-eabi/7.3.1/../../../../arm-none-eabi/lib/thumb/v7e-m/fpv4-sp/hard/libc.a(lib_a-impure.o)
 .data.__atexit_recursive_mutex
                0x0000000020000640        0x4 /usr/bin/../lib/gcc/arm-none-eabi/7.3.1/../../../../arm-none-eabi/lib/thumb/v7e-m/fpv4-sp/hard/libc.a(lib_a-__call_atexit.o)
                0x0000000020000640                __atexit_recursive_mutex
 .data.__malloc_av_
                0x0000000020000644      0x408 /usr/bin/../lib/gcc/arm-none-eabi/7.3.1/../../../../arm-none-eabi/lib/thumb/v7e-m/fpv4-sp/hard/libc.a(lib_a-mallocr.o)
                0x0000000020000644                __malloc_av_
 .data.__malloc_sbrk_base
                0x0000000020000a4c        0x4 /usr/bin/../lib/gcc/arm-none-eabi/7.3.1/../../../../arm-none-eabi/lib/thumb/v7e-m/fpv4-sp/hard/libc.a(lib_a-mallocr.o)
                0x0000000020000a4c                __malloc_sbrk_base
 .data.__malloc_trim_threshold
                0x0000000020000a50        0x4 /usr/bin/../lib/gcc/arm-none-eabi/7.3.1/../../../../arm-none-eabi/lib/thumb/v7e-m/fpv4-sp/hard/libc.a(lib_a-mallocr.o)
                0x0000000020000a50                __malloc_trim_threshold
 .data.__global_locale
                0x0000000020000a54      0x16c /usr/bin/../lib/gcc/arm-none-eabi/7.3.1/../../../../arm-none-eabi/lib/thumb/v7e-m/fpv4-sp/hard/libc.a(lib_a-locale.o)
                0x0000000020000a54                __global_locale
                0x0000000020000bc0                . = ALIGN (0x4)
                0x0000000020000bc0                PROVIDE (__preinit_array_start = .)
 *(.preinit_array)
                0x0000000020000bc0                PROVIDE (__preinit_array_end = .)
                0x0000000020000bc0                . = ALIGN (0x4)
                0x0000000020000bc0                PROVIDE (__init_array_start = .)
 *(SORT_BY_NAME(.init_array.*))
 .init_array.00000
                0x0000000020000bc0        0x4 /usr/bin/../lib/gcc/arm-none-eabi/7.3.1/../../../../arm-none-eabi/lib/thumb/v7e-m/fpv4-sp/hard/libc.a(lib_a-__call_atexit.o)
 *(.init_array)
 .init_array    0x0000000020000bc4        0x4 /usr/bin/../lib/gcc/arm-none-eabi/7.3.1/thumb/v7e-m/fpv4-sp/hard/crtbegin.o
                0x0000000020000bc8                PROVIDE (__init_array_end = .)
                0x0000000020000bc8                . = ALIGN (0x8)
                0x0000000020000bc8                PROVIDE (__fini_array_start = .)
 *(SORT_BY_NAME(.fini_array.*))
 *(.fini_array)
 .fini_array    0x0000000020000bc8        0x4 /usr/bin/../lib/gcc/arm-none-eabi/7.3.1/thumb/v7e-m/fpv4-sp/hard/crtbegin.o
                0x0000000020000bcc                PROVIDE (__fini_array_end = .)
                0x0000000020000bd0                . = ALIGN (0x8)
 *fill*         0x0000000020000bcc        0x4 
                0x0000000020000bd0                __data_end__ = .

.igot.plt       0x0000000020000bd0        0x0 load address 0x000000000800cf54
 .igot.plt      0x0000000020000bd0        0x0 /usr/bin/../lib/gcc/arm-none-eabi/7.3.1/thumb/v7e-m/fpv4-sp/hard/crtbegin.o

.bss            0x0000000020000bd0      0x910 load address 0x000000000800cf54
                0x0000000020000bd0                __bss_start__ = .
 *(.bss*)
 .bss           0x0000000020000bd0       0x1c /usr/bin/../lib/gcc/arm-none-eabi/7.3.1/thumb/v7e-m/fpv4-sp/hard/crtbegin.o
 .bss.pZRO      0x0000000020000bec        0x4 obj/fp.o
 .bss.zro.6148  0x0000000020000bf0        0x4 obj/fp.o
 .bss.count.6210
                0x0000000020000bf4        0x4 obj/main.o
 .bss.count.6221
                0x0000000020000bf8        0x4 obj/main.o
 .bss.count.6232
                0x0000000020000bfc        0x4 obj/main.o
 .bss.error.6211
                0x0000000020000c00        0x4 obj/main.o
 .bss.error.6222
                0x0000000020000c04        0x4 obj/main.o
 .bss.error.6233
                0x0000000020000c08        0x4 obj/main.o
 .bss.total.6209
                0x0000000020000c0c        0x4 obj/main.o
 .bss.total.6220
                0x0000000020000c10        0x4 obj/main.o
 .bss.total.6231
                0x0000000020000c14        0x4 obj/main.o
 .bss.buffer    0x0000000020000c18      0x620 library.a(initialize.o)
 .bss.Is_LCD_IO_Initialized
                0x0000000020001238        0x1 library.a(stm32f429i_discovery.o)
 *fill*         0x0000000020001239        0x3 
 .bss.SpiHandle
                0x000000002000123c       0x58 library.a(stm32f429i_discovery.o)
 .bss.ActiveLayer
                0x0000000020001294        0x4 library.a(stm32f429i_discovery_lcd.o)
 .bss.Dma2dHandler
                0x0000000020001298       0x40 library.a(stm32f429i_discovery_lcd.o)
 .bss.DrawProp  0x00000000200012d8       0x18 library.a(stm32f429i_discovery_lcd.o)
 .bss.LtdcHandler
                0x00000000200012f0       0xa8 library.a(stm32f429i_discovery_lcd.o)
 .bss.PeriphClkInitStruct
                0x0000000020001398       0x30 library.a(stm32f429i_discovery_lcd.o)
 .bss.Command   0x00000000200013c8       0x10 library.a(stm32f429i_discovery_sdram.o)
 .bss.SdramHandle
                0x00000000200013d8       0x34 library.a(stm32f429i_discovery_sdram.o)
 .bss.Timing    0x000000002000140c       0x1c library.a(stm32f429i_discovery_sdram.o)
 .bss.dmaHandle.11858
                0x0000000020001428       0x50 library.a(stm32f429i_discovery_sdram.o)
 .bss.uwTick    0x0000000020001478        0x4 library.a(stm32f4xx_hal.o)
 .bss.__malloc_current_mallinfo
                0x000000002000147c       0x28 /usr/bin/../lib/gcc/arm-none-eabi/7.3.1/../../../../arm-none-eabi/lib/thumb/v7e-m/fpv4-sp/hard/libc.a(lib_a-mallocr.o)
                0x000000002000147c                __malloc_current_mallinfo
 .bss.__malloc_max_sbrked_mem
                0x00000000200014a4        0x4 /usr/bin/../lib/gcc/arm-none-eabi/7.3.1/../../../../arm-none-eabi/lib/thumb/v7e-m/fpv4-sp/hard/libc.a(lib_a-mallocr.o)
                0x00000000200014a4                __malloc_max_sbrked_mem
 .bss.__malloc_max_total_mem
                0x00000000200014a8        0x4 /usr/bin/../lib/gcc/arm-none-eabi/7.3.1/../../../../arm-none-eabi/lib/thumb/v7e-m/fpv4-sp/hard/libc.a(lib_a-mallocr.o)
                0x00000000200014a8                __malloc_max_total_mem
 .bss.__malloc_top_pad
                0x00000000200014ac        0x4 /usr/bin/../lib/gcc/arm-none-eabi/7.3.1/../../../../arm-none-eabi/lib/thumb/v7e-m/fpv4-sp/hard/libc.a(lib_a-mallocr.o)
                0x00000000200014ac                __malloc_top_pad
 .bss.heap_end.5377
                0x00000000200014b0        0x4 /usr/bin/../lib/gcc/arm-none-eabi/7.3.1/../../../../arm-none-eabi/lib/thumb/v7e-m/fpv4-sp/hard/libnosys.a(sbrk.o)
 *(COMMON)
 COMMON         0x00000000200014b4        0x4 library.a(stm32f429i_discovery_lcd.o)
                0x00000000200014b4                LcdDrv
 COMMON         0x00000000200014b8       0x21 /usr/bin/../lib/gcc/arm-none-eabi/7.3.1/../../../../arm-none-eabi/lib/thumb/v7e-m/fpv4-sp/hard/libc.a(lib_a-lock.o)
                0x00000000200014b8                __lock___atexit_recursive_mutex
                0x00000000200014bc                __lock___arc4random_mutex
                0x00000000200014c0                __lock___env_recursive_mutex
                0x00000000200014c4                __lock___sinit_recursive_mutex
                0x00000000200014c8                __lock___malloc_recursive_mutex
                0x00000000200014cc                __lock___at_quick_exit_mutex
                0x00000000200014d0                __lock___dd_hash_mutex
                0x00000000200014d4                __lock___tz_mutex
                0x00000000200014d8                __lock___sfp_recursive_mutex
 *fill*         0x00000000200014d9        0x3 
 COMMON         0x00000000200014dc        0x4 /usr/bin/../lib/gcc/arm-none-eabi/7.3.1/../../../../arm-none-eabi/lib/thumb/v7e-m/fpv4-sp/hard/libc.a(lib_a-reent.o)
                0x00000000200014dc                errno
                0x00000000200014e0                __bss_end__ = .

.ccm            0x0000000010000000        0x0
                0x0000000010000000                . = ALIGN (0x4)
                0x0000000010000000                __ccm_start__ = .
 *(.ccm*)
                0x0000000010000000                . = ALIGN (0x4)
                0x0000000010000000                __ccm_end__ = .

.heap           0x0000000010000000      0xc00
                0x0000000010000000                __end__ = .
                0x0000000010000000                end = __end__
 *(.heap*)
 .heap          0x0000000010000000      0xc00 library.a(startup_stm32f429xx.o)
                0x0000000010000000                __HeapBase
                0x0000000010000c00                __HeapLimit = .

.stack_dummy    0x0000000010000000     0x1000
 *(.stack)
 .stack         0x0000000010000000     0x1000 library.a(startup_stm32f429xx.o)
                0x0000000010010000                __StackTop = (ORIGIN (CCM) + LENGTH (CCM))
                0x000000001000f000                __StackLimit = (__StackTop - SIZEOF (.stack_dummy))
                0x0000000010010000                PROVIDE (__stack = __StackTop)
                0x0000000000000001                ASSERT ((__StackLimit >= __HeapLimit), region CCM overflowed with stack)
OUTPUT(output.elf elf32-littlearm)

.ARM.attributes
                0x0000000000000000       0x30
 .ARM.attributes
                0x0000000000000000       0x22 /usr/bin/../lib/gcc/arm-none-eabi/7.3.1/thumb/v7e-m/fpv4-sp/hard/crti.o
 .ARM.attributes
                0x0000000000000022       0x34 /usr/bin/../lib/gcc/arm-none-eabi/7.3.1/thumb/v7e-m/fpv4-sp/hard/crtbegin.o
 .ARM.attributes
                0x0000000000000056       0x20 /usr/bin/../lib/gcc/arm-none-eabi/7.3.1/../../../../arm-none-eabi/lib/thumb/v7e-m/fpv4-sp/hard/crt0.o
 .ARM.attributes
                0x0000000000000076       0x39 obj/fp.o
 .ARM.attributes
                0x00000000000000af       0x39 obj/main.o
 .ARM.attributes
                0x00000000000000e8       0x25 obj/func.o
 .ARM.attributes
                0x000000000000010d       0x39 library.a(initialize.o)
 .ARM.attributes
                0x0000000000000146       0x39 library.a(stm32f429i_discovery.o)
 .ARM.attributes
                0x000000000000017f       0x39 library.a(stm32f429i_discovery_lcd.o)
 .ARM.attributes
                0x00000000000001b8       0x39 library.a(stm32f429i_discovery_sdram.o)
 .ARM.attributes
                0x00000000000001f1       0x39 library.a(stm32f4xx_hal.o)
 .ARM.attributes
                0x000000000000022a       0x39 library.a(stm32f4xx_hal_cortex.o)
 .ARM.attributes
                0x0000000000000263       0x39 library.a(stm32f4xx_hal_dma.o)
 .ARM.attributes
                0x000000000000029c       0x39 library.a(stm32f4xx_hal_dma2d.o)
 .ARM.attributes
                0x00000000000002d5       0x39 library.a(stm32f4xx_hal_gpio.o)
 .ARM.attributes
                0x000000000000030e       0x39 library.a(stm32f4xx_hal_ltdc.o)
 .ARM.attributes
                0x0000000000000347       0x39 library.a(stm32f4xx_hal_rcc.o)
 .ARM.attributes
                0x0000000000000380       0x39 library.a(stm32f4xx_hal_rcc_ex.o)
 .ARM.attributes
                0x00000000000003b9       0x39 library.a(stm32f4xx_hal_sdram.o)
 .ARM.attributes
                0x00000000000003f2       0x39 library.a(stm32f4xx_hal_spi.o)
 .ARM.attributes
                0x000000000000042b       0x39 library.a(stm32f4xx_it.o)
 .ARM.attributes
                0x0000000000000464       0x39 library.a(stm32f4xx_ll_fmc.o)
 .ARM.attributes
                0x000000000000049d       0x39 library.a(system_stm32f4xx.o)
 .ARM.attributes
                0x00000000000004d6       0x1f library.a(startup_stm32f429xx.o)
 .ARM.attributes
                0x00000000000004f5       0x39 library.a(ili9341.o)
 .ARM.attributes
                0x000000000000052e       0x34 /usr/bin/../lib/gcc/arm-none-eabi/7.3.1/../../../../arm-none-eabi/lib/thumb/v7e-m/fpv4-sp/hard/libc.a(lib_a-exit.o)
 .ARM.attributes
                0x0000000000000562       0x34 /usr/bin/../lib/gcc/arm-none-eabi/7.3.1/../../../../arm-none-eabi/lib/thumb/v7e-m/fpv4-sp/hard/libc.a(lib_a-impure.o)
 .ARM.attributes
                0x0000000000000596       0x34 /usr/bin/../lib/gcc/arm-none-eabi/7.3.1/../../../../arm-none-eabi/lib/thumb/v7e-m/fpv4-sp/hard/libc.a(lib_a-init.o)
 .ARM.attributes
                0x00000000000005ca       0x34 /usr/bin/../lib/gcc/arm-none-eabi/7.3.1/../../../../arm-none-eabi/lib/thumb/v7e-m/fpv4-sp/hard/libc.a(lib_a-memset.o)
 .ARM.attributes
                0x00000000000005fe       0x34 /usr/bin/../lib/gcc/arm-none-eabi/7.3.1/../../../../arm-none-eabi/lib/thumb/v7e-m/fpv4-sp/hard/libc.a(lib_a-vsprintf.o)
 .ARM.attributes
                0x0000000000000632       0x34 /usr/bin/../lib/gcc/arm-none-eabi/7.3.1/../../../../arm-none-eabi/lib/thumb/v7e-m/fpv4-sp/hard/libc.a(lib_a-__call_atexit.o)
 .ARM.attributes
                0x0000000000000666       0x34 /usr/bin/../lib/gcc/arm-none-eabi/7.3.1/../../../../arm-none-eabi/lib/thumb/v7e-m/fpv4-sp/hard/libc.a(lib_a-atexit.o)
 .ARM.attributes
                0x000000000000069a       0x34 /usr/bin/../lib/gcc/arm-none-eabi/7.3.1/../../../../arm-none-eabi/lib/thumb/v7e-m/fpv4-sp/hard/libc.a(lib_a-dtoa.o)
 .ARM.attributes
                0x00000000000006ce       0x34 /usr/bin/../lib/gcc/arm-none-eabi/7.3.1/../../../../arm-none-eabi/lib/thumb/v7e-m/fpv4-sp/hard/libc.a(lib_a-fini.o)
 .ARM.attributes
                0x0000000000000702       0x34 /usr/bin/../lib/gcc/arm-none-eabi/7.3.1/../../../../arm-none-eabi/lib/thumb/v7e-m/fpv4-sp/hard/libc.a(lib_a-freer.o)
 .ARM.attributes
                0x0000000000000736       0x34 /usr/bin/../lib/gcc/arm-none-eabi/7.3.1/../../../../arm-none-eabi/lib/thumb/v7e-m/fpv4-sp/hard/libc.a(lib_a-localeconv.o)
 .ARM.attributes
                0x000000000000076a       0x34 /usr/bin/../lib/gcc/arm-none-eabi/7.3.1/../../../../arm-none-eabi/lib/thumb/v7e-m/fpv4-sp/hard/libc.a(lib_a-lock.o)
 .ARM.attributes
                0x000000000000079e       0x34 /usr/bin/../lib/gcc/arm-none-eabi/7.3.1/../../../../arm-none-eabi/lib/thumb/v7e-m/fpv4-sp/hard/libc.a(lib_a-mallocr.o)
 .ARM.attributes
                0x00000000000007d2       0x20 /usr/bin/../lib/gcc/arm-none-eabi/7.3.1/../../../../arm-none-eabi/lib/thumb/v7e-m/fpv4-sp/hard/libc.a(lib_a-memchr.o)
 .ARM.attributes
                0x00000000000007f2       0x20 /usr/bin/../lib/gcc/arm-none-eabi/7.3.1/../../../../arm-none-eabi/lib/thumb/v7e-m/fpv4-sp/hard/libc.a(lib_a-memcpy.o)
 .ARM.attributes
                0x0000000000000812       0x34 /usr/bin/../lib/gcc/arm-none-eabi/7.3.1/../../../../arm-none-eabi/lib/thumb/v7e-m/fpv4-sp/hard/libc.a(lib_a-mlock.o)
 .ARM.attributes
                0x0000000000000846       0x34 /usr/bin/../lib/gcc/arm-none-eabi/7.3.1/../../../../arm-none-eabi/lib/thumb/v7e-m/fpv4-sp/hard/libc.a(lib_a-mprec.o)
 .ARM.attributes
                0x000000000000087a       0x34 /usr/bin/../lib/gcc/arm-none-eabi/7.3.1/../../../../arm-none-eabi/lib/thumb/v7e-m/fpv4-sp/hard/libc.a(lib_a-s_frexp.o)
 .ARM.attributes
                0x00000000000008ae       0x34 /usr/bin/../lib/gcc/arm-none-eabi/7.3.1/../../../../arm-none-eabi/lib/thumb/v7e-m/fpv4-sp/hard/libc.a(lib_a-sbrkr.o)
 .ARM.attributes
                0x00000000000008e2       0x20 /usr/bin/../lib/gcc/arm-none-eabi/7.3.1/../../../../arm-none-eabi/lib/thumb/v7e-m/fpv4-sp/hard/libc.a(lib_a-strlen.o)
 .ARM.attributes
                0x0000000000000902       0x34 /usr/bin/../lib/gcc/arm-none-eabi/7.3.1/../../../../arm-none-eabi/lib/thumb/v7e-m/fpv4-sp/hard/libc.a(lib_a-strncpy.o)
 .ARM.attributes
                0x0000000000000936       0x34 /usr/bin/../lib/gcc/arm-none-eabi/7.3.1/../../../../arm-none-eabi/lib/thumb/v7e-m/fpv4-sp/hard/libc.a(lib_a-svfprintf.o)
 .ARM.attributes
                0x000000000000096a       0x34 /usr/bin/../lib/gcc/arm-none-eabi/7.3.1/../../../../arm-none-eabi/lib/thumb/v7e-m/fpv4-sp/hard/libc.a(lib_a-__atexit.o)
 .ARM.attributes
                0x000000000000099e       0x34 /usr/bin/../lib/gcc/arm-none-eabi/7.3.1/../../../../arm-none-eabi/lib/thumb/v7e-m/fpv4-sp/hard/libc.a(lib_a-callocr.o)
 .ARM.attributes
                0x00000000000009d2       0x34 /usr/bin/../lib/gcc/arm-none-eabi/7.3.1/../../../../arm-none-eabi/lib/thumb/v7e-m/fpv4-sp/hard/libc.a(lib_a-locale.o)
 .ARM.attributes
                0x0000000000000a06       0x34 /usr/bin/../lib/gcc/arm-none-eabi/7.3.1/../../../../arm-none-eabi/lib/thumb/v7e-m/fpv4-sp/hard/libc.a(lib_a-mbtowc_r.o)
 .ARM.attributes
                0x0000000000000a3a       0x34 /usr/bin/../lib/gcc/arm-none-eabi/7.3.1/../../../../arm-none-eabi/lib/thumb/v7e-m/fpv4-sp/hard/libc.a(lib_a-memmove.o)
 .ARM.attributes
                0x0000000000000a6e       0x34 /usr/bin/../lib/gcc/arm-none-eabi/7.3.1/../../../../arm-none-eabi/lib/thumb/v7e-m/fpv4-sp/hard/libc.a(lib_a-reallocr.o)
 .ARM.attributes
                0x0000000000000aa2       0x34 /usr/bin/../lib/gcc/arm-none-eabi/7.3.1/../../../../arm-none-eabi/lib/thumb/v7e-m/fpv4-sp/hard/libc.a(lib_a-reent.o)
 .ARM.attributes
                0x0000000000000ad6       0x34 /usr/bin/../lib/gcc/arm-none-eabi/7.3.1/../../../../arm-none-eabi/lib/thumb/v7e-m/fpv4-sp/hard/libc.a(lib_a-svfiprintf.o)
 .ARM.attributes
                0x0000000000000b0a       0x34 /usr/bin/../lib/gcc/arm-none-eabi/7.3.1/../../../../arm-none-eabi/lib/thumb/v7e-m/fpv4-sp/hard/libc.a(lib_a-wctomb_r.o)
 .ARM.attributes
                0x0000000000000b3e       0x34 /usr/bin/../lib/gcc/arm-none-eabi/7.3.1/../../../../arm-none-eabi/lib/thumb/v7e-m/fpv4-sp/hard/libc.a(lib_a-ctype_.o)
 .ARM.attributes
                0x0000000000000b72       0x34 /usr/bin/../lib/gcc/arm-none-eabi/7.3.1/../../../../arm-none-eabi/lib/thumb/v7e-m/fpv4-sp/hard/libnosys.a(sbrk.o)
 .ARM.attributes
                0x0000000000000ba6       0x34 /usr/bin/../lib/gcc/arm-none-eabi/7.3.1/../../../../arm-none-eabi/lib/thumb/v7e-m/fpv4-sp/hard/libnosys.a(_exit.o)
 .ARM.attributes
                0x0000000000000bda       0x22 /usr/bin/../lib/gcc/arm-none-eabi/7.3.1/thumb/v7e-m/fpv4-sp/hard/libgcc.a(_arm_addsubdf3.o)
 .ARM.attributes
                0x0000000000000bfc       0x22 /usr/bin/../lib/gcc/arm-none-eabi/7.3.1/thumb/v7e-m/fpv4-sp/hard/libgcc.a(_arm_muldivdf3.o)
 .ARM.attributes
                0x0000000000000c1e       0x22 /usr/bin/../lib/gcc/arm-none-eabi/7.3.1/thumb/v7e-m/fpv4-sp/hard/libgcc.a(_arm_cmpdf2.o)
 .ARM.attributes
                0x0000000000000c40       0x22 /usr/bin/../lib/gcc/arm-none-eabi/7.3.1/thumb/v7e-m/fpv4-sp/hard/libgcc.a(_arm_unorddf2.o)
 .ARM.attributes
                0x0000000000000c62       0x22 /usr/bin/../lib/gcc/arm-none-eabi/7.3.1/thumb/v7e-m/fpv4-sp/hard/libgcc.a(_arm_fixdfsi.o)
 .ARM.attributes
                0x0000000000000c84       0x22 /usr/bin/../lib/gcc/arm-none-eabi/7.3.1/thumb/v7e-m/fpv4-sp/hard/libgcc.a(_aeabi_uldivmod.o)
 .ARM.attributes
                0x0000000000000ca6       0x34 /usr/bin/../lib/gcc/arm-none-eabi/7.3.1/thumb/v7e-m/fpv4-sp/hard/libgcc.a(_udivmoddi4.o)
 .ARM.attributes
                0x0000000000000cda       0x22 /usr/bin/../lib/gcc/arm-none-eabi/7.3.1/thumb/v7e-m/fpv4-sp/hard/libgcc.a(_dvmd_tls.o)
 .ARM.attributes
                0x0000000000000cfc       0x34 /usr/bin/../lib/gcc/arm-none-eabi/7.3.1/thumb/v7e-m/fpv4-sp/hard/crtend.o
 .ARM.attributes
                0x0000000000000d30       0x22 /usr/bin/../lib/gcc/arm-none-eabi/7.3.1/thumb/v7e-m/fpv4-sp/hard/crtn.o

.comment        0x0000000000000000      0x17c
 .comment       0x0000000000000000       0x7f obj/fp.o
                                         0x80 (size before relaxing)
 .comment       0x000000000000007f       0x80 obj/main.o
 .comment       0x000000000000007f       0x7e library.a(initialize.o)
                                         0x7f (size before relaxing)
 .comment       0x00000000000000fd       0x7f library.a(stm32f429i_discovery.o)
                                         0x80 (size before relaxing)
 .comment       0x000000000000017c       0x80 library.a(stm32f429i_discovery_lcd.o)
 .comment       0x000000000000017c       0x80 library.a(stm32f429i_discovery_sdram.o)
 .comment       0x000000000000017c       0x80 library.a(stm32f4xx_hal.o)
 .comment       0x000000000000017c       0x80 library.a(stm32f4xx_hal_cortex.o)
 .comment       0x000000000000017c       0x80 library.a(stm32f4xx_hal_dma.o)
 .comment       0x000000000000017c       0x80 library.a(stm32f4xx_hal_dma2d.o)
 .comment       0x000000000000017c       0x80 library.a(stm32f4xx_hal_gpio.o)
 .comment       0x000000000000017c       0x80 library.a(stm32f4xx_hal_ltdc.o)
 .comment       0x000000000000017c       0x80 library.a(stm32f4xx_hal_rcc.o)
 .comment       0x000000000000017c       0x80 library.a(stm32f4xx_hal_rcc_ex.o)
 .comment       0x000000000000017c       0x80 library.a(stm32f4xx_hal_sdram.o)
 .comment       0x000000000000017c       0x80 library.a(stm32f4xx_hal_spi.o)
 .comment       0x000000000000017c       0x80 library.a(stm32f4xx_it.o)
 .comment       0x000000000000017c       0x80 library.a(stm32f4xx_ll_fmc.o)
 .comment       0x000000000000017c       0x80 library.a(system_stm32f4xx.o)
 .comment       0x000000000000017c       0x80 library.a(ili9341.o)

.debug_frame    0x0000000000000000      0xc94
 .debug_frame   0x0000000000000000       0x28 /usr/bin/../lib/gcc/arm-none-eabi/7.3.1/../../../../arm-none-eabi/lib/thumb/v7e-m/fpv4-sp/hard/libc.a(lib_a-exit.o)
 .debug_frame   0x0000000000000028       0x2c /usr/bin/../lib/gcc/arm-none-eabi/7.3.1/../../../../arm-none-eabi/lib/thumb/v7e-m/fpv4-sp/hard/libc.a(lib_a-init.o)
 .debug_frame   0x0000000000000054       0x38 /usr/bin/../lib/gcc/arm-none-eabi/7.3.1/../../../../arm-none-eabi/lib/thumb/v7e-m/fpv4-sp/hard/libc.a(lib_a-memset.o)
 .debug_frame   0x000000000000008c       0x4c /usr/bin/../lib/gcc/arm-none-eabi/7.3.1/../../../../arm-none-eabi/lib/thumb/v7e-m/fpv4-sp/hard/libc.a(lib_a-vsprintf.o)
 .debug_frame   0x00000000000000d8       0x5c /usr/bin/../lib/gcc/arm-none-eabi/7.3.1/../../../../arm-none-eabi/lib/thumb/v7e-m/fpv4-sp/hard/libc.a(lib_a-__call_atexit.o)
 .debug_frame   0x0000000000000134       0x20 /usr/bin/../lib/gcc/arm-none-eabi/7.3.1/../../../../arm-none-eabi/lib/thumb/v7e-m/fpv4-sp/hard/libc.a(lib_a-atexit.o)
 .debug_frame   0x0000000000000154       0x88 /usr/bin/../lib/gcc/arm-none-eabi/7.3.1/../../../../arm-none-eabi/lib/thumb/v7e-m/fpv4-sp/hard/libc.a(lib_a-dtoa.o)
 .debug_frame   0x00000000000001dc       0x34 /usr/bin/../lib/gcc/arm-none-eabi/7.3.1/../../../../arm-none-eabi/lib/thumb/v7e-m/fpv4-sp/hard/libc.a(lib_a-fini.o)
 .debug_frame   0x0000000000000210       0x80 /usr/bin/../lib/gcc/arm-none-eabi/7.3.1/../../../../arm-none-eabi/lib/thumb/v7e-m/fpv4-sp/hard/libc.a(lib_a-freer.o)
 .debug_frame   0x0000000000000290       0x40 /usr/bin/../lib/gcc/arm-none-eabi/7.3.1/../../../../arm-none-eabi/lib/thumb/v7e-m/fpv4-sp/hard/libc.a(lib_a-localeconv.o)
 .debug_frame   0x00000000000002d0       0xb0 /usr/bin/../lib/gcc/arm-none-eabi/7.3.1/../../../../arm-none-eabi/lib/thumb/v7e-m/fpv4-sp/hard/libc.a(lib_a-lock.o)
 .debug_frame   0x0000000000000380       0x54 /usr/bin/../lib/gcc/arm-none-eabi/7.3.1/../../../../arm-none-eabi/lib/thumb/v7e-m/fpv4-sp/hard/libc.a(lib_a-mallocr.o)
 .debug_frame   0x00000000000003d4       0x30 /usr/bin/../lib/gcc/arm-none-eabi/7.3.1/../../../../arm-none-eabi/lib/thumb/v7e-m/fpv4-sp/hard/libc.a(lib_a-mlock.o)
 .debug_frame   0x0000000000000404      0x25c /usr/bin/../lib/gcc/arm-none-eabi/7.3.1/../../../../arm-none-eabi/lib/thumb/v7e-m/fpv4-sp/hard/libc.a(lib_a-mprec.o)
 .debug_frame   0x0000000000000660       0x2c /usr/bin/../lib/gcc/arm-none-eabi/7.3.1/../../../../arm-none-eabi/lib/thumb/v7e-m/fpv4-sp/hard/libc.a(lib_a-s_frexp.o)
 .debug_frame   0x000000000000068c       0x2c /usr/bin/../lib/gcc/arm-none-eabi/7.3.1/../../../../arm-none-eabi/lib/thumb/v7e-m/fpv4-sp/hard/libc.a(lib_a-sbrkr.o)
 .debug_frame   0x00000000000006b8       0x34 /usr/bin/../lib/gcc/arm-none-eabi/7.3.1/../../../../arm-none-eabi/lib/thumb/v7e-m/fpv4-sp/hard/libc.a(lib_a-strncpy.o)
 .debug_frame   0x00000000000006ec       0x40 /usr/bin/../lib/gcc/arm-none-eabi/7.3.1/../../../../arm-none-eabi/lib/thumb/v7e-m/fpv4-sp/hard/libc.a(lib_a-svfprintf.o)
 .debug_frame   0x000000000000072c       0x34 /usr/bin/../lib/gcc/arm-none-eabi/7.3.1/../../../../arm-none-eabi/lib/thumb/v7e-m/fpv4-sp/hard/libc.a(lib_a-__atexit.o)
 .debug_frame   0x0000000000000760       0x28 /usr/bin/../lib/gcc/arm-none-eabi/7.3.1/../../../../arm-none-eabi/lib/thumb/v7e-m/fpv4-sp/hard/libc.a(lib_a-callocr.o)
 .debug_frame   0x0000000000000788       0x6c /usr/bin/../lib/gcc/arm-none-eabi/7.3.1/../../../../arm-none-eabi/lib/thumb/v7e-m/fpv4-sp/hard/libc.a(lib_a-locale.o)
 .debug_frame   0x00000000000007f4       0x4c /usr/bin/../lib/gcc/arm-none-eabi/7.3.1/../../../../arm-none-eabi/lib/thumb/v7e-m/fpv4-sp/hard/libc.a(lib_a-mbtowc_r.o)
 .debug_frame   0x0000000000000840       0x40 /usr/bin/../lib/gcc/arm-none-eabi/7.3.1/../../../../arm-none-eabi/lib/thumb/v7e-m/fpv4-sp/hard/libc.a(lib_a-memmove.o)
 .debug_frame   0x0000000000000880       0x58 /usr/bin/../lib/gcc/arm-none-eabi/7.3.1/../../../../arm-none-eabi/lib/thumb/v7e-m/fpv4-sp/hard/libc.a(lib_a-reallocr.o)
 .debug_frame   0x00000000000008d8       0x68 /usr/bin/../lib/gcc/arm-none-eabi/7.3.1/../../../../arm-none-eabi/lib/thumb/v7e-m/fpv4-sp/hard/libc.a(lib_a-reent.o)
 .debug_frame   0x0000000000000940       0x74 /usr/bin/../lib/gcc/arm-none-eabi/7.3.1/../../../../arm-none-eabi/lib/thumb/v7e-m/fpv4-sp/hard/libc.a(lib_a-svfiprintf.o)
 .debug_frame   0x00000000000009b4       0x3c /usr/bin/../lib/gcc/arm-none-eabi/7.3.1/../../../../arm-none-eabi/lib/thumb/v7e-m/fpv4-sp/hard/libc.a(lib_a-wctomb_r.o)
 .debug_frame   0x00000000000009f0       0x20 /usr/bin/../lib/gcc/arm-none-eabi/7.3.1/../../../../arm-none-eabi/lib/thumb/v7e-m/fpv4-sp/hard/libnosys.a(sbrk.o)
 .debug_frame   0x0000000000000a10       0x20 /usr/bin/../lib/gcc/arm-none-eabi/7.3.1/../../../../arm-none-eabi/lib/thumb/v7e-m/fpv4-sp/hard/libnosys.a(_exit.o)
 .debug_frame   0x0000000000000a30       0xac /usr/bin/../lib/gcc/arm-none-eabi/7.3.1/thumb/v7e-m/fpv4-sp/hard/libgcc.a(_arm_addsubdf3.o)
 .debug_frame   0x0000000000000adc       0x50 /usr/bin/../lib/gcc/arm-none-eabi/7.3.1/thumb/v7e-m/fpv4-sp/hard/libgcc.a(_arm_muldivdf3.o)
 .debug_frame   0x0000000000000b2c       0xc4 /usr/bin/../lib/gcc/arm-none-eabi/7.3.1/thumb/v7e-m/fpv4-sp/hard/libgcc.a(_arm_cmpdf2.o)
 .debug_frame   0x0000000000000bf0       0x20 /usr/bin/../lib/gcc/arm-none-eabi/7.3.1/thumb/v7e-m/fpv4-sp/hard/libgcc.a(_arm_unorddf2.o)
 .debug_frame   0x0000000000000c10       0x24 /usr/bin/../lib/gcc/arm-none-eabi/7.3.1/thumb/v7e-m/fpv4-sp/hard/libgcc.a(_arm_fixdfsi.o)
 .debug_frame   0x0000000000000c34       0x2c /usr/bin/../lib/gcc/arm-none-eabi/7.3.1/thumb/v7e-m/fpv4-sp/hard/libgcc.a(_aeabi_uldivmod.o)
 .debug_frame   0x0000000000000c60       0x34 /usr/bin/../lib/gcc/arm-none-eabi/7.3.1/thumb/v7e-m/fpv4-sp/hard/libgcc.a(_udivmoddi4.o)

.stabstr        0x0000000000000000      0x117
 .stabstr       0x0000000000000000      0x117 /usr/bin/../lib/gcc/arm-none-eabi/7.3.1/../../../../arm-none-eabi/lib/thumb/v7e-m/fpv4-sp/hard/libnosys.a(close.o)
