Archive member included to satisfy reference by file (symbol)

library.a(initialize.o)       obj/main.o (InitializeHardware)
library.a(stm32f429i_discovery.o)
                              library.a(initialize.o) (BSP_PB_Init)
library.a(stm32f429i_discovery_lcd.o)
                              library.a(initialize.o) (BSP_LCD_Init)
library.a(stm32f429i_discovery_sdram.o)
                              library.a(stm32f429i_discovery_lcd.o) (BSP_SDRAM_Init)
library.a(stm32f4xx_hal.o)    library.a(initialize.o) (HAL_Init)
library.a(stm32f4xx_hal_cortex.o)
                              library.a(stm32f4xx_hal.o) (HAL_NVIC_SetPriorityGrouping)
library.a(stm32f4xx_hal_dma.o)
                              library.a(stm32f429i_discovery_sdram.o) (HAL_DMA_Init)
library.a(stm32f4xx_hal_dma2d.o)
                              library.a(stm32f429i_discovery_lcd.o) (HAL_DMA2D_Init)
library.a(stm32f4xx_hal_gpio.o)
                              library.a(stm32f429i_discovery.o) (HAL_GPIO_Init)
library.a(stm32f4xx_hal_i2c.o)
                              library.a(stm32f429i_discovery.o) (HAL_I2C_Init)
library.a(stm32f4xx_hal_ltdc.o)
                              library.a(stm32f429i_discovery_lcd.o) (HAL_LTDC_Init)
library.a(stm32f4xx_hal_rcc.o)
                              library.a(initialize.o) (HAL_RCC_OscConfig)
library.a(stm32f4xx_hal_rcc_ex.o)
                              library.a(stm32f429i_discovery_lcd.o) (HAL_RCCEx_PeriphCLKConfig)
library.a(stm32f4xx_hal_sdram.o)
                              library.a(stm32f429i_discovery_sdram.o) (HAL_SDRAM_Init)
library.a(stm32f4xx_hal_spi.o)
                              library.a(stm32f429i_discovery.o) (HAL_SPI_Init)
library.a(stm32f4xx_it.o)     library.a(initialize.o) (IncludeThis)
library.a(stm32f4xx_ll_fmc.o)
                              library.a(stm32f4xx_hal_sdram.o) (FMC_SDRAM_Init)
library.a(system_stm32f4xx.o)
                              library.a(stm32f4xx_hal_rcc.o) (SystemCoreClock)
library.a(startup_stm32f429xx.o)
                              library.a(initialize.o) (Reset_Handler)
library.a(ili9341.o)          library.a(stm32f429i_discovery_lcd.o) (ili9341_drv)
/usr/bin/../lib/gcc/arm-none-eabi/7.3.1/../../../../arm-none-eabi/lib/thumb/v7e-m/fpv4-sp/hard/libc.a(lib_a-exit.o)
                              /usr/bin/../lib/gcc/arm-none-eabi/7.3.1/../../../../arm-none-eabi/lib/thumb/v7e-m/fpv4-sp/hard/crt0.o (exit)
/usr/bin/../lib/gcc/arm-none-eabi/7.3.1/../../../../arm-none-eabi/lib/thumb/v7e-m/fpv4-sp/hard/libc.a(lib_a-impure.o)
                              /usr/bin/../lib/gcc/arm-none-eabi/7.3.1/../../../../arm-none-eabi/lib/thumb/v7e-m/fpv4-sp/hard/libc.a(lib_a-exit.o) (_global_impure_ptr)
/usr/bin/../lib/gcc/arm-none-eabi/7.3.1/../../../../arm-none-eabi/lib/thumb/v7e-m/fpv4-sp/hard/libc.a(lib_a-init.o)
                              /usr/bin/../lib/gcc/arm-none-eabi/7.3.1/../../../../arm-none-eabi/lib/thumb/v7e-m/fpv4-sp/hard/crt0.o (__libc_init_array)
/usr/bin/../lib/gcc/arm-none-eabi/7.3.1/../../../../arm-none-eabi/lib/thumb/v7e-m/fpv4-sp/hard/libc.a(lib_a-memset.o)
                              /usr/bin/../lib/gcc/arm-none-eabi/7.3.1/../../../../arm-none-eabi/lib/thumb/v7e-m/fpv4-sp/hard/crt0.o (memset)
/usr/bin/../lib/gcc/arm-none-eabi/7.3.1/../../../../arm-none-eabi/lib/thumb/v7e-m/fpv4-sp/hard/libc.a(lib_a-printf.o)
                              library.a(initialize.o) (printf)
/usr/bin/../lib/gcc/arm-none-eabi/7.3.1/../../../../arm-none-eabi/lib/thumb/v7e-m/fpv4-sp/hard/libc.a(lib_a-sprintf.o)
                              obj/main.o (sprintf)
/usr/bin/../lib/gcc/arm-none-eabi/7.3.1/../../../../arm-none-eabi/lib/thumb/v7e-m/fpv4-sp/hard/libc.a(lib_a-strcpy.o)
                              library.a(initialize.o) (strcpy)
/usr/bin/../lib/gcc/arm-none-eabi/7.3.1/../../../../arm-none-eabi/lib/thumb/v7e-m/fpv4-sp/hard/libc.a(lib_a-strlen.o)
                              obj/main.o (strlen)
/usr/bin/../lib/gcc/arm-none-eabi/7.3.1/../../../../arm-none-eabi/lib/thumb/v7e-m/fpv4-sp/hard/libc.a(lib_a-svfprintf.o)
                              /usr/bin/../lib/gcc/arm-none-eabi/7.3.1/../../../../arm-none-eabi/lib/thumb/v7e-m/fpv4-sp/hard/libc.a(lib_a-sprintf.o) (_svfprintf_r)
/usr/bin/../lib/gcc/arm-none-eabi/7.3.1/../../../../arm-none-eabi/lib/thumb/v7e-m/fpv4-sp/hard/libc.a(lib_a-vfprintf.o)
                              /usr/bin/../lib/gcc/arm-none-eabi/7.3.1/../../../../arm-none-eabi/lib/thumb/v7e-m/fpv4-sp/hard/libc.a(lib_a-printf.o) (_vfprintf_r)
/usr/bin/../lib/gcc/arm-none-eabi/7.3.1/../../../../arm-none-eabi/lib/thumb/v7e-m/fpv4-sp/hard/libc.a(lib_a-wsetup.o)
                              /usr/bin/../lib/gcc/arm-none-eabi/7.3.1/../../../../arm-none-eabi/lib/thumb/v7e-m/fpv4-sp/hard/libc.a(lib_a-vfprintf.o) (__swsetup_r)
/usr/bin/../lib/gcc/arm-none-eabi/7.3.1/../../../../arm-none-eabi/lib/thumb/v7e-m/fpv4-sp/hard/libc.a(lib_a-__call_atexit.o)
[...]
Memory Configuration

Name             Origin             Length             Attributes
ROM              0x0000000008000000 0x0000000000200000 xr
RAM              0x0000000020000000 0x0000000000030000 xrw
CCM              0x0000000010000000 0x0000000000010000 xrw
*default*        0x0000000000000000 0xffffffffffffffff

Linker script and memory map

LOAD /usr/bin/../lib/gcc/arm-none-eabi/7.3.1/thumb/v7e-m/fpv4-sp/hard/crti.o
LOAD /usr/bin/../lib/gcc/arm-none-eabi/7.3.1/thumb/v7e-m/fpv4-sp/hard/crtbegin.o
LOAD /usr/bin/../lib/gcc/arm-none-eabi/7.3.1/../../../../arm-none-eabi/lib/thumb/v7e-m/fpv4-sp/hard/crt0.o
LOAD obj/main.o
LOAD obj/func.o
LOAD library.a
LOAD library.a
LOAD /usr/bin/../lib/gcc/arm-none-eabi/7.3.1/../../../../arm-none-eabi/lib/thumb/v7e-m/fpv4-sp/hard/libc.a
LOAD /usr/bin/../lib/gcc/arm-none-eabi/7.3.1/../../../../arm-none-eabi/lib/thumb/v7e-m/fpv4-sp/hard/libnosys.a
LOAD /usr/bin/../lib/gcc/arm-none-eabi/7.3.1/../../../../arm-none-eabi/lib/thumb/v7e-m/fpv4-sp/hard/libc.a
START GROUP
LOAD /usr/bin/../lib/gcc/arm-none-eabi/7.3.1/thumb/v7e-m/fpv4-sp/hard/libgcc.a
LOAD /usr/bin/../lib/gcc/arm-none-eabi/7.3.1/../../../../arm-none-eabi/lib/thumb/v7e-m/fpv4-sp/hard/libc.a
END GROUP
LOAD /usr/bin/../lib/gcc/arm-none-eabi/7.3.1/thumb/v7e-m/fpv4-sp/hard/crtend.o
LOAD /usr/bin/../lib/gcc/arm-none-eabi/7.3.1/thumb/v7e-m/fpv4-sp/hard/crtn.o

.text           0x0000000008000000     0xc3f4
 *(.isr_vector)
 .isr_vector    0x0000000008000000      0x1ac library.a(startup_stm32f429xx.o)
                0x0000000008000000                __isr_vector
 *(.text*)
 .text          0x00000000080001ac       0x40 /usr/bin/../lib/gcc/arm-none-eabi/7.3.1/thumb/v7e-m/fpv4-sp/hard/crtbegin.o
 .text          0x00000000080001ec       0x74 /usr/bin/../lib/gcc/arm-none-eabi/7.3.1/../../../../arm-none-eabi/lib/thumb/v7e-m/fpv4-sp/hard/crt0.o
                0x00000000080001ec                _mainCRTStartup
                0x00000000080001ec                _start
 .text.SanityChecksOK
                0x0000000008000260       0xf8 obj/main.o
 .text.startup.main
                0x0000000008000358      0x768 obj/main.o
                0x0000000008000358                main
 .text          0x0000000008000ac0       0x4c obj/func.o
                0x0000000008000ac0                PutNibble
                0x0000000008000ae4                GetNibble
 .text.DisplayHeader
                0x0000000008000b0c       0x80 library.a(initialize.o)
                0x0000000008000b0c                DisplayHeader
 .text.DisplayFooter
                0x0000000008000b8c       0x58 library.a(initialize.o)
                0x0000000008000b8c                DisplayFooter
 .text.InitializeHardware
                0x0000000008000be4      0x110 library.a(initialize.o)
                0x0000000008000be4                InitializeHardware
 .text.PushButtonPressed
                0x0000000008000cf4       0x10 library.a(initialize.o)
                0x0000000008000cf4                PushButtonPressed
 .text.GetClockCycleCount
                0x0000000008000d04        0xc library.a(initialize.o)
                0x0000000008000d04                GetClockCycleCount
 .text.GetRandomNumber
                0x0000000008000d10       0x18 library.a(initialize.o)
                0x0000000008000d10                GetRandomNumber
 .text.SPIx_Init
                0x0000000008000d28       0x94 library.a(stm32f429i_discovery.o)
 .text.SPIx_WriteRead
                0x0000000008000dbc       0x40 library.a(stm32f429i_discovery.o)
 .text.SPIx_Write
                0x0000000008000dfc       0x30 library.a(stm32f429i_discovery.o)
 .text.BSP_PB_Init
                0x0000000008000e2c       0x70 library.a(stm32f429i_discovery.o)
                0x0000000008000e2c                BSP_PB_Init
 .text.BSP_PB_GetState
                0x0000000008000e9c       0x14 library.a(stm32f429i_discovery.o)
                0x0000000008000e9c                BSP_PB_GetState
 .text.LCD_IO_Init
                0x0000000008000eb0       0xb0 library.a(stm32f429i_discovery.o)
                0x0000000008000eb0                LCD_IO_Init
 .text.LCD_IO_WriteData
                0x0000000008000f60       0x38 library.a(stm32f429i_discovery.o)
                0x0000000008000f60                LCD_IO_WriteData
 .text.LCD_IO_WriteReg
                0x0000000008000f98       0x38 library.a(stm32f429i_discovery.o)
                0x0000000008000f98                LCD_IO_WriteReg
 .text.LCD_IO_ReadData
                0x0000000008000fd0       0x6c library.a(stm32f429i_discovery.o)
                0x0000000008000fd0                LCD_IO_ReadData
 .text.LCD_Delay
                0x000000000800103c        0x4 library.a(stm32f429i_discovery.o)
                0x000000000800103c                LCD_Delay
 .text.GYRO_IO_Init
                0x0000000008001040       0x74 library.a(stm32f429i_discovery.o)
                0x0000000008001040                GYRO_IO_Init
 .text.GYRO_IO_Write
                0x00000000080010b4       0x44 library.a(stm32f429i_discovery.o)
                0x00000000080010b4                GYRO_IO_Write
 .text.GYRO_IO_Read
                0x00000000080010f8       0x48 library.a(stm32f429i_discovery.o)
                0x00000000080010f8                GYRO_IO_Read
 .text.FillBuffer
                0x0000000008001140       0x64 library.a(stm32f429i_discovery_lcd.o)
 .text.BSP_LCD_Init
                0x00000000080011a4      0x1cc library.a(stm32f429i_discovery_lcd.o)
                0x00000000080011a4                BSP_LCD_Init
 .text.BSP_LCD_GetXSize
                0x0000000008001370       0x10 library.a(stm32f429i_discovery_lcd.o)
                0x0000000008001370                BSP_LCD_GetXSize
 .text.BSP_LCD_GetYSize
                0x0000000008001380       0x10 library.a(stm32f429i_discovery_lcd.o)
                0x0000000008001380                BSP_LCD_GetYSize
 .text.BSP_LCD_LayerDefaultInit
                0x0000000008001390       0x7c library.a(stm32f429i_discovery_lcd.o)
                0x0000000008001390                BSP_LCD_LayerDefaultInit
 .text.BSP_LCD_SelectLayer
                0x000000000800140c        0xc library.a(stm32f429i_discovery_lcd.o)
                0x000000000800140c                BSP_LCD_SelectLayer
 .text.BSP_LCD_SetTextColor
                0x0000000008001418       0x18 library.a(stm32f429i_discovery_lcd.o)
                0x0000000008001418                BSP_LCD_SetTextColor
 .text.BSP_LCD_SetBackColor
                0x0000000008001430       0x18 library.a(stm32f429i_discovery_lcd.o)
                0x0000000008001430                BSP_LCD_SetBackColor
 .text.BSP_LCD_SetFont
                0x0000000008001448       0x18 library.a(stm32f429i_discovery_lcd.o)
                0x0000000008001448                BSP_LCD_SetFont
 .text.BSP_LCD_Clear
                0x0000000008001460       0x3c library.a(stm32f429i_discovery_lcd.o)
                0x0000000008001460                BSP_LCD_Clear
 .text.BSP_LCD_DrawHLine
                0x000000000800149c       0x50 library.a(stm32f429i_discovery_lcd.o)
                0x000000000800149c                BSP_LCD_DrawHLine
 .text.BSP_LCD_FillRect
                0x00000000080014ec       0x5c library.a(stm32f429i_discovery_lcd.o)
                0x00000000080014ec                BSP_LCD_FillRect
 .text.BSP_LCD_DisplayOn
                0x0000000008001548       0x10 library.a(stm32f429i_discovery_lcd.o)
                0x0000000008001548                BSP_LCD_DisplayOn
 .text.BSP_LCD_DrawPixel
                0x0000000008001558       0x2c library.a(stm32f429i_discovery_lcd.o)
                0x0000000008001558                BSP_LCD_DrawPixel
 .text.BSP_LCD_DisplayChar
                0x0000000008001584       0xd0 library.a(stm32f429i_discovery_lcd.o)
                0x0000000008001584                BSP_LCD_DisplayChar
 .text.BSP_LCD_DisplayStringAt
                0x0000000008001654       0xb8 library.a(stm32f429i_discovery_lcd.o)
                0x0000000008001654                BSP_LCD_DisplayStringAt
 .text.BSP_LCD_DrawCircle
                0x000000000800170c      0x138 library.a(stm32f429i_discovery_lcd.o)
                0x000000000800170c                BSP_LCD_DrawCircle
 .text.BSP_LCD_FillCircle
                0x0000000008001844       0xaa library.a(stm32f429i_discovery_lcd.o)
                0x0000000008001844                BSP_LCD_FillCircle
 *fill*         0x00000000080018ee        0x2 
 .text.BSP_SDRAM_Initialization_sequence
                0x00000000080018f0       0x94 library.a(stm32f429i_discovery_sdram.o)
                0x00000000080018f0                BSP_SDRAM_Initialization_sequence
 .text.BSP_SDRAM_Init
                0x0000000008001984      0x1d4 library.a(stm32f429i_discovery_sdram.o)
                0x0000000008001984                BSP_SDRAM_Init
 .text.HAL_MspInit
                0x0000000008001b58        0x2 library.a(stm32f4xx_hal.o)
                0x0000000008001b58                HAL_MspInit
 .text.HAL_InitTick
                0x0000000008001b5a       0x24 library.a(stm32f4xx_hal.o)
                0x0000000008001b5a                HAL_InitTick
 *fill*         0x0000000008001b7e        0x2 
 .text.HAL_Init
                0x0000000008001b80       0x34 library.a(stm32f4xx_hal.o)
                0x0000000008001b80                HAL_Init
 .text.HAL_IncTick
                0x0000000008001bb4       0x10 library.a(stm32f4xx_hal.o)
                0x0000000008001bb4                HAL_IncTick
 .text.HAL_GetTick
                0x0000000008001bc4        0xc library.a(stm32f4xx_hal.o)
                0x0000000008001bc4                HAL_GetTick
 .text.HAL_Delay
                0x0000000008001bd0       0x1a library.a(stm32f4xx_hal.o)
                0x0000000008001bd0                HAL_Delay
 *fill*         0x0000000008001bea        0x2 
 .text.HAL_NVIC_SetPriorityGrouping
                0x0000000008001bec       0x24 library.a(stm32f4xx_hal_cortex.o)
                0x0000000008001bec                HAL_NVIC_SetPriorityGrouping
 .text.HAL_NVIC_SetPriority
                0x0000000008001c10       0x68 library.a(stm32f4xx_hal_cortex.o)
                0x0000000008001c10                HAL_NVIC_SetPriority
 .text.HAL_NVIC_EnableIRQ
                0x0000000008001c78       0x18 library.a(stm32f4xx_hal_cortex.o)
                0x0000000008001c78                HAL_NVIC_EnableIRQ
 .text.HAL_SYSTICK_Config
                0x0000000008001c90       0x2c library.a(stm32f4xx_hal_cortex.o)
                0x0000000008001c90                HAL_SYSTICK_Config
 .text.HAL_DMA_Init
                0x0000000008001cbc       0x78 library.a(stm32f4xx_hal_dma.o)
                0x0000000008001cbc                HAL_DMA_Init
 .text.HAL_DMA_DeInit
                0x0000000008001d34      0xac4 library.a(stm32f4xx_hal_dma.o)
                0x0000000008001d34                HAL_DMA_DeInit
 .text.DMA2D_SetConfig
                0x00000000080027f8       0x80 library.a(stm32f4xx_hal_dma2d.o)
 .text.HAL_DMA2D_MspInit
                0x0000000008002878        0x2 library.a(stm32f4xx_hal_dma2d.o)
                0x0000000008002878                HAL_DMA2D_MspInit
 .text.HAL_DMA2D_Init
                0x000000000800287a       0x5c library.a(stm32f4xx_hal_dma2d.o)
                0x000000000800287a                HAL_DMA2D_Init
 .text.HAL_DMA2D_Start
                0x00000000080028d6       0x40 library.a(stm32f4xx_hal_dma2d.o)
                0x00000000080028d6                HAL_DMA2D_Start
 .text.HAL_DMA2D_PollForTransfer
                0x0000000008002916       0xc2 library.a(stm32f4xx_hal_dma2d.o)
                0x0000000008002916                HAL_DMA2D_PollForTransfer
 .text.HAL_DMA2D_ConfigLayer
                0x00000000080029d8       0xe8 library.a(stm32f4xx_hal_dma2d.o)
                0x00000000080029d8                HAL_DMA2D_ConfigLayer
 .text.HAL_GPIO_Init
                0x0000000008002ac0      0x1d8 library.a(stm32f4xx_hal_gpio.o)
                0x0000000008002ac0                HAL_GPIO_Init
 .text.HAL_GPIO_ReadPin
                0x0000000008002c98        0xc library.a(stm32f4xx_hal_gpio.o)
                0x0000000008002c98                HAL_GPIO_ReadPin
 .text.HAL_GPIO_WritePin
                0x0000000008002ca4        0xa library.a(stm32f4xx_hal_gpio.o)
                0x0000000008002ca4                HAL_GPIO_WritePin
 .text.LTDC_SetConfig
                0x0000000008002cae      0x148 library.a(stm32f4xx_hal_ltdc.o)
 .text.HAL_LTDC_MspInit
                0x0000000008002df6        0x2 library.a(stm32f4xx_hal_ltdc.o)
                0x0000000008002df6                HAL_LTDC_MspInit
 .text.HAL_LTDC_Init
                0x0000000008002df8       0xfc library.a(stm32f4xx_hal_ltdc.o)
                0x0000000008002df8                HAL_LTDC_Init
 .text.HAL_LTDC_ConfigLayer
                0x0000000008002ef4       0x52 library.a(stm32f4xx_hal_ltdc.o)
                0x0000000008002ef4                HAL_LTDC_ConfigLayer
 *fill*         0x0000000008002f46        0x2 
 .text.HAL_LTDC_EnableDither
                0x0000000008002f48       0x34 library.a(stm32f4xx_hal_ltdc.o)
                0x0000000008002f48                HAL_LTDC_EnableDither
 .text.HAL_RCC_OscConfig
                0x0000000008002f7c      0x33c library.a(stm32f4xx_hal_rcc.o)
                0x0000000008002f7c                HAL_RCC_OscConfig
 .text.HAL_RCC_ClockConfig
                0x00000000080032b8      0x1f8 library.a(stm32f4xx_hal_rcc.o)
                0x00000000080032b8                HAL_RCC_ClockConfig
 .text.HAL_RCC_GetSysClockFreq
                0x00000000080034b0       0x78 library.a(stm32f4xx_hal_rcc.o)
                0x00000000080034b0                HAL_RCC_GetSysClockFreq
 .text.HAL_RCC_GetHCLKFreq
                0x0000000008003528       0x38 library.a(stm32f4xx_hal_rcc.o)
                0x0000000008003528                HAL_RCC_GetHCLKFreq
 .text.HAL_RCCEx_PeriphCLKConfig
                0x0000000008003560      0x2e8 library.a(stm32f4xx_hal_rcc_ex.o)
                0x0000000008003560                HAL_RCCEx_PeriphCLKConfig
 .text.HAL_SDRAM_MspInit
                0x0000000008003848        0x2 library.a(stm32f4xx_hal_sdram.o)
                0x0000000008003848                HAL_SDRAM_MspInit
 .text.HAL_SDRAM_Init
                0x000000000800384a       0x40 library.a(stm32f4xx_hal_sdram.o)
                0x000000000800384a                HAL_SDRAM_Init
 .text.HAL_SDRAM_SendCommand
                0x000000000800388a       0x2e library.a(stm32f4xx_hal_sdram.o)
                0x000000000800388a                HAL_SDRAM_SendCommand
 .text.HAL_SDRAM_ProgramRefreshRate
                0x00000000080038b8       0x24 library.a(stm32f4xx_hal_sdram.o)
                0x00000000080038b8                HAL_SDRAM_ProgramRefreshRate
 .text.SPI_WaitOnFlagUntilTimeout
                0x00000000080038dc       0x94 library.a(stm32f4xx_hal_spi.o)
 .text.HAL_SPI_MspInit
                0x0000000008003970        0x2 library.a(stm32f4xx_hal_spi.o)
                0x0000000008003970                HAL_SPI_MspInit
 .text.HAL_SPI_Init
                0x0000000008003972       0x82 library.a(stm32f4xx_hal_spi.o)
                0x0000000008003972                HAL_SPI_Init
 .text.HAL_SPI_MspDeInit
                0x00000000080039f4        0x2 library.a(stm32f4xx_hal_spi.o)
                0x00000000080039f4                HAL_SPI_MspDeInit
 .text.HAL_SPI_DeInit
                0x00000000080039f6       0x26 library.a(stm32f4xx_hal_spi.o)
                0x00000000080039f6                HAL_SPI_DeInit
 .text.HAL_SPI_Transmit
                0x0000000008003a1c      0x148 library.a(stm32f4xx_hal_spi.o)
                0x0000000008003a1c                HAL_SPI_Transmit
 .text.HAL_SPI_TransmitReceive
                0x0000000008003b64      0x2c4 library.a(stm32f4xx_hal_spi.o)
                0x0000000008003b64                HAL_SPI_TransmitReceive
 .text.HAL_SPI_Receive
                0x0000000008003e28      0x1d0 library.a(stm32f4xx_hal_spi.o)
                0x0000000008003e28                HAL_SPI_Receive
 .text.HAL_SPI_GetState
                0x0000000008003ff8        0x6 library.a(stm32f4xx_hal_spi.o)
                0x0000000008003ff8                HAL_SPI_GetState
 .text.NMI_Handler
                0x0000000008003ffe        0x2 library.a(stm32f4xx_it.o)
                0x0000000008003ffe                NMI_Handler
 .text.SVC_Handler
                0x0000000008004000        0x2 library.a(stm32f4xx_it.o)
                0x0000000008004000                SVC_Handler
 .text.DebugMon_Handler
                0x0000000008004002        0x2 library.a(stm32f4xx_it.o)
                0x0000000008004002                DebugMon_Handler
 .text.PendSV_Handler
                0x0000000008004004        0x2 library.a(stm32f4xx_it.o)
                0x0000000008004004                PendSV_Handler
 .text.SysTick_Handler
                0x0000000008004006        0x4 library.a(stm32f4xx_it.o)
                0x0000000008004006                SysTick_Handler
 *fill*         0x000000000800400a        0x2 
 .text.FMC_SDRAM_Init
                0x000000000800400c       0x6c library.a(stm32f4xx_ll_fmc.o)
                0x000000000800400c                FMC_SDRAM_Init
 .text.FMC_SDRAM_Timing_Init
                0x0000000008004078       0x70 library.a(stm32f4xx_ll_fmc.o)
                0x0000000008004078                FMC_SDRAM_Timing_Init
 .text.FMC_SDRAM_SendCommand
                0x00000000080040e8       0x4c library.a(stm32f4xx_ll_fmc.o)
                0x00000000080040e8                FMC_SDRAM_SendCommand
 .text.FMC_SDRAM_ProgramRefreshRate
                0x0000000008004134        0xc library.a(stm32f4xx_ll_fmc.o)
                0x0000000008004134                FMC_SDRAM_ProgramRefreshRate
 .text.SystemInit
                0x0000000008004140       0x4c library.a(system_stm32f4xx.o)
                0x0000000008004140                SystemInit
 .text          0x000000000800418c      0x118 library.a(startup_stm32f429xx.o)
                0x000000000800418c                Reset_Handler
                0x00000000080041dc                HardFault_Handler
                0x00000000080041de                MemManage_Handler
                0x00000000080041e0                BusFault_Handler
                0x00000000080041e2                UsageFault_Handler
                0x00000000080041e4                Default_Handler
                0x00000000080041e6                WWDG_IRQHandler
                0x00000000080041e8                PVD_IRQHandler
                0x00000000080041ea                TAMP_STAMP_IRQHandler
                0x00000000080041ec                RTC_WKUP_IRQHandler
                0x00000000080041ee                FLASH_IRQHandler
                0x00000000080041f0                RCC_IRQHandler
                0x00000000080041f2                EXTI0_IRQHandler
                0x00000000080041f4                EXTI1_IRQHandler
                0x00000000080041f6                EXTI2_IRQHandler
                0x00000000080041f8                EXTI3_IRQHandler
                0x00000000080041fa                EXTI4_IRQHandler
                0x00000000080041fc                DMA1_Stream0_IRQHandler
                0x00000000080041fe                DMA1_Stream1_IRQHandler
                0x0000000008004200                DMA1_Stream2_IRQHandler
                0x0000000008004202                DMA1_Stream3_IRQHandler
                0x0000000008004204                DMA1_Stream4_IRQHandler
                0x0000000008004206                DMA1_Stream5_IRQHandler
                0x0000000008004208                DMA1_Stream6_IRQHandler
                0x000000000800420a                ADC_IRQHandler
                0x000000000800420c                CAN1_TX_IRQHandler
                0x000000000800420e                CAN1_RX0_IRQHandler
                0x0000000008004210                CAN1_RX1_IRQHandler
                0x0000000008004212                CAN1_SCE_IRQHandler
                0x0000000008004214                EXTI9_5_IRQHandler
                0x0000000008004216                TIM1_BRK_TIM9_IRQHandler
                0x0000000008004218                TIM1_UP_TIM10_IRQHandler
                0x000000000800421a                TIM1_TRG_COM_TIM11_IRQHandler
                0x000000000800421c                TIM1_CC_IRQHandler
                0x000000000800421e                TIM2_IRQHandler
                0x0000000008004220                TIM3_IRQHandler
                0x0000000008004222                TIM4_IRQHandler
                0x0000000008004224                I2C1_EV_IRQHandler
                0x0000000008004226                I2C1_ER_IRQHandler
                0x0000000008004228                I2C2_EV_IRQHandler
                0x000000000800422a                I2C2_ER_IRQHandler
                0x000000000800422c                SPI1_IRQHandler
                0x000000000800422e                SPI2_IRQHandler
                0x0000000008004230                USART1_IRQHandler
                0x0000000008004232                USART2_IRQHandler
                0x0000000008004234                USART3_IRQHandler
                0x0000000008004236                EXTI15_10_IRQHandler
                0x0000000008004238                RTC_Alarm_IRQHandler
                0x000000000800423a                OTG_FS_WKUP_IRQHandler
                0x000000000800423c                TIM8_BRK_TIM12_IRQHandler
                0x000000000800423e                TIM8_UP_TIM13_IRQHandler
                0x0000000008004240                TIM8_TRG_COM_TIM14_IRQHandler
                0x0000000008004242                TIM8_CC_IRQHandler
                0x0000000008004244                DMA1_Stream7_IRQHandler
                0x0000000008004246                FSMC_IRQHandler
                0x0000000008004248                SDIO_IRQHandler
                0x000000000800424a                TIM5_IRQHandler
                0x000000000800424c                SPI3_IRQHandler
                0x000000000800424e                UART4_IRQHandler
                0x0000000008004250                UART5_IRQHandler
                0x0000000008004252                TIM6_DAC_IRQHandler
                0x0000000008004254                TIM7_IRQHandler
                0x0000000008004256                DMA2_Stream0_IRQHandler
                0x0000000008004258                DMA2_Stream1_IRQHandler
                0x000000000800425a                DMA2_Stream2_IRQHandler
                0x000000000800425c                DMA2_Stream3_IRQHandler
                0x000000000800425e                DMA2_Stream4_IRQHandler
                0x0000000008004260                ETH_IRQHandler
                0x0000000008004262                ETH_WKUP_IRQHandler
                0x0000000008004264                CAN2_TX_IRQHandler
                0x0000000008004266                CAN2_RX0_IRQHandler
                0x0000000008004268                CAN2_RX1_IRQHandler
                0x000000000800426a                CAN2_SCE_IRQHandler
                0x000000000800426c                OTG_FS_IRQHandler
                0x000000000800426e                DMA2_Stream5_IRQHandler
                0x0000000008004270                DMA2_Stream6_IRQHandler
                0x0000000008004272                DMA2_Stream7_IRQHandler
                0x0000000008004274                USART6_IRQHandler
                0x0000000008004276                I2C3_EV_IRQHandler
                0x0000000008004278                I2C3_ER_IRQHandler
                0x000000000800427a                OTG_HS_EP1_OUT_IRQHandler
                0x000000000800427c                OTG_HS_EP1_IN_IRQHandler
                0x000000000800427e                OTG_HS_WKUP_IRQHandler
                0x0000000008004280                OTG_HS_IRQHandler
                0x0000000008004282                DCMI_IRQHandler
                0x0000000008004284                CRYP_IRQHandler
                0x0000000008004286                HASH_RNG_IRQHandler
                0x0000000008004288                FPU_IRQHandler
                0x000000000800428a                UART7_IRQHandler
                0x000000000800428c                UART8_IRQHandler
                0x000000000800428e                SPI4_IRQHandler
                0x0000000008004290                SPI5_IRQHandler
                0x0000000008004292                SPI6_IRQHandler
                0x0000000008004294                SAI1_IRQHandler
                0x0000000008004296                LTDC_IRQHandler
                0x0000000008004298                LTDC_ER_IRQHandler
                0x000000000800429a                DMA2D_IRQHandler
 .text.ili9341_GetLcdPixelWidth
                0x00000000080042a4        0x4 library.a(ili9341.o)
                0x00000000080042a4                ili9341_GetLcdPixelWidth
 .text.ili9341_GetLcdPixelHeight
                0x00000000080042a8        0x6 library.a(ili9341.o)
                0x00000000080042a8                ili9341_GetLcdPixelHeight
 .text.ili9341_DisplayOn
                0x00000000080042ae        0x6 library.a(ili9341.o)
                0x00000000080042ae                ili9341_DisplayOn
 .text.ili9341_DisplayOff
                0x00000000080042b4        0x6 library.a(ili9341.o)
                0x00000000080042b4                ili9341_DisplayOff
 .text.ili9341_Init
                0x00000000080042ba      0x292 library.a(ili9341.o)
                0x00000000080042ba                ili9341_Init
 .text.ili9341_ReadID
                0x000000000800454c       0x12 library.a(ili9341.o)
                0x000000000800454c                ili9341_ReadID
 *fill*         0x000000000800455e        0x2 
 .text.exit     0x0000000008004560       0x20 /usr/bin/../lib/gcc/arm-none-eabi/7.3.1/../../../../arm-none-eabi/lib/thumb/v7e-m/fpv4-sp/hard/libc.a(lib_a-exit.o)
                0x0000000008004560                exit
 .text.__libc_init_array
                0x0000000008004580       0x48 /usr/bin/../lib/gcc/arm-none-eabi/7.3.1/../../../../arm-none-eabi/lib/thumb/v7e-m/fpv4-sp/hard/libc.a(lib_a-init.o)
                0x0000000008004580                __libc_init_array
 .text.memset   0x00000000080045c8       0x94 /usr/bin/../lib/gcc/arm-none-eabi/7.3.1/../../../../arm-none-eabi/lib/thumb/v7e-m/fpv4-sp/hard/libc.a(lib_a-memset.o)
                0x00000000080045c8                memset
 .text.sprintf  0x000000000800465c       0x44 /usr/bin/../lib/gcc/arm-none-eabi/7.3.1/../../../../arm-none-eabi/lib/thumb/v7e-m/fpv4-sp/hard/libc.a(lib_a-sprintf.o)
                0x000000000800465c                sprintf
 *fill*         0x00000000080046a0       0x20 
 .text          0x00000000080046c0       0xdc /usr/bin/../lib/gcc/arm-none-eabi/7.3.1/../../../../arm-none-eabi/lib/thumb/v7e-m/fpv4-sp/hard/libc.a(lib_a-strlen.o)
                0x00000000080046c0                strlen
 *fill*         0x000000000800479c        0x4 
 .text._svfprintf_r
                0x00000000080047a0     0x19cc /usr/bin/../lib/gcc/arm-none-eabi/7.3.1/../../../../arm-none-eabi/lib/thumb/v7e-m/fpv4-sp/hard/libc.a(lib_a-svfprintf.o)
                0x00000000080047a0                _svfprintf_r
 .text.startup.register_fini
                0x000000000800616c       0x14 /usr/bin/../lib/gcc/arm-none-eabi/7.3.1/../../../../arm-none-eabi/lib/thumb/v7e-m/fpv4-sp/hard/libc.a(lib_a-__call_atexit.o)
 .text.__call_exitprocs
                0x0000000008006180       0xe8 /usr/bin/../lib/gcc/arm-none-eabi/7.3.1/../../../../arm-none-eabi/lib/thumb/v7e-m/fpv4-sp/hard/libc.a(lib_a-__call_atexit.o)
                0x0000000008006180                __call_exitprocs
 .text.atexit   0x0000000008006268        0xc /usr/bin/../lib/gcc/arm-none-eabi/7.3.1/../../../../arm-none-eabi/lib/thumb/v7e-m/fpv4-sp/hard/libc.a(lib_a-atexit.o)
                0x0000000008006268                atexit
 .text.quorem   0x0000000008006274      0x124 /usr/bin/../lib/gcc/arm-none-eabi/7.3.1/../../../../arm-none-eabi/lib/thumb/v7e-m/fpv4-sp/hard/libc.a(lib_a-dtoa.o)
 .text._dtoa_r  0x0000000008006398      0xe20 /usr/bin/../lib/gcc/arm-none-eabi/7.3.1/../../../../arm-none-eabi/lib/thumb/v7e-m/fpv4-sp/hard/libc.a(lib_a-dtoa.o)
                0x0000000008006398                _dtoa_r
 .text.__libc_fini_array
                0x00000000080071b8       0x34 /usr/bin/../lib/gcc/arm-none-eabi/7.3.1/../../../../arm-none-eabi/lib/thumb/v7e-m/fpv4-sp/hard/libc.a(lib_a-fini.o)
                0x00000000080071b8                __libc_fini_array
 .text._malloc_trim_r
                0x00000000080071ec       0xa0 /usr/bin/../lib/gcc/arm-none-eabi/7.3.1/../../../../arm-none-eabi/lib/thumb/v7e-m/fpv4-sp/hard/libc.a(lib_a-freer.o)
                0x00000000080071ec                _malloc_trim_r
 .text._free_r  0x000000000800728c      0x1e8 /usr/bin/../lib/gcc/arm-none-eabi/7.3.1/../../../../arm-none-eabi/lib/thumb/v7e-m/fpv4-sp/hard/libc.a(lib_a-freer.o)
                0x000000000800728c                _free_r
 .text._localeconv_r
                0x0000000008007474       0x1c /usr/bin/../lib/gcc/arm-none-eabi/7.3.1/../../../../arm-none-eabi/lib/thumb/v7e-m/fpv4-sp/hard/libc.a(lib_a-localeconv.o)
                0x0000000008007474                _localeconv_r
 .text.__retarget_lock_acquire_recursive
                0x0000000008007490        0x4 /usr/bin/../lib/gcc/arm-none-eabi/7.3.1/../../../../arm-none-eabi/lib/thumb/v7e-m/fpv4-sp/hard/libc.a(lib_a-lock.o)
                0x0000000008007490                __retarget_lock_acquire_recursive
 .text.__retarget_lock_release_recursive
                0x0000000008007494        0x4 /usr/bin/../lib/gcc/arm-none-eabi/7.3.1/../../../../arm-none-eabi/lib/thumb/v7e-m/fpv4-sp/hard/libc.a(lib_a-lock.o)
                0x0000000008007494                __retarget_lock_release_recursive
 .text._malloc_r
                0x0000000008007498      0x548 /usr/bin/../lib/gcc/arm-none-eabi/7.3.1/../../../../arm-none-eabi/lib/thumb/v7e-m/fpv4-sp/hard/libc.a(lib_a-mallocr.o)
                0x0000000008007498                _malloc_r
 .text          0x00000000080079e0       0xa0 /usr/bin/../lib/gcc/arm-none-eabi/7.3.1/../../../../arm-none-eabi/lib/thumb/v7e-m/fpv4-sp/hard/libc.a(lib_a-memchr.o)
                0x00000000080079e0                memchr
 .text          0x0000000008007a80      0x134 /usr/bin/../lib/gcc/arm-none-eabi/7.3.1/../../../../arm-none-eabi/lib/thumb/v7e-m/fpv4-sp/hard/libc.a(lib_a-memcpy.o)
                0x0000000008007a80                memcpy
 .text.__malloc_lock
                0x0000000008007bb4        0xc /usr/bin/../lib/gcc/arm-none-eabi/7.3.1/../../../../arm-none-eabi/lib/thumb/v7e-m/fpv4-sp/hard/libc.a(lib_a-mlock.o)
                0x0000000008007bb4                __malloc_lock
 .text.__malloc_unlock
                0x0000000008007bc0        0xc /usr/bin/../lib/gcc/arm-none-eabi/7.3.1/../../../../arm-none-eabi/lib/thumb/v7e-m/fpv4-sp/hard/libc.a(lib_a-mlock.o)
                0x0000000008007bc0                __malloc_unlock
 .text._Balloc  0x0000000008007bcc       0x4c /usr/bin/../lib/gcc/arm-none-eabi/7.3.1/../../../../arm-none-eabi/lib/thumb/v7e-m/fpv4-sp/hard/libc.a(lib_a-mprec.o)
                0x0000000008007bcc                _Balloc
 .text._Bfree   0x0000000008007c18       0x14 /usr/bin/../lib/gcc/arm-none-eabi/7.3.1/../../../../arm-none-eabi/lib/thumb/v7e-m/fpv4-sp/hard/libc.a(lib_a-mprec.o)
                0x0000000008007c18                _Bfree
 .text.__multadd
                0x0000000008007c2c       0x80 /usr/bin/../lib/gcc/arm-none-eabi/7.3.1/../../../../arm-none-eabi/lib/thumb/v7e-m/fpv4-sp/hard/libc.a(lib_a-mprec.o)
                0x0000000008007c2c                __multadd
 .text.__hi0bits
                0x0000000008007cac       0x40 /usr/bin/../lib/gcc/arm-none-eabi/7.3.1/../../../../arm-none-eabi/lib/thumb/v7e-m/fpv4-sp/hard/libc.a(lib_a-mprec.o)
                0x0000000008007cac                __hi0bits
 .text.__lo0bits
                0x0000000008007cec       0x60 /usr/bin/../lib/gcc/arm-none-eabi/7.3.1/../../../../arm-none-eabi/lib/thumb/v7e-m/fpv4-sp/hard/libc.a(lib_a-mprec.o)
                0x0000000008007cec                __lo0bits
 .text.__i2b    0x0000000008007d4c       0x14 /usr/bin/../lib/gcc/arm-none-eabi/7.3.1/../../../../arm-none-eabi/lib/thumb/v7e-m/fpv4-sp/hard/libc.a(lib_a-mprec.o)
                0x0000000008007d4c                __i2b
 .text.__multiply
                0x0000000008007d60      0x14c /usr/bin/../lib/gcc/arm-none-eabi/7.3.1/../../../../arm-none-eabi/lib/thumb/v7e-m/fpv4-sp/hard/libc.a(lib_a-mprec.o)
                0x0000000008007d60                __multiply
 .text.__pow5mult
                0x0000000008007eac       0xa0 /usr/bin/../lib/gcc/arm-none-eabi/7.3.1/../../../../arm-none-eabi/lib/thumb/v7e-m/fpv4-sp/hard/libc.a(lib_a-mprec.o)
                0x0000000008007eac                __pow5mult
 .text.__lshift
                0x0000000008007f4c       0xac /usr/bin/../lib/gcc/arm-none-eabi/7.3.1/../../../../arm-none-eabi/lib/thumb/v7e-m/fpv4-sp/hard/libc.a(lib_a-mprec.o)
                0x0000000008007f4c                __lshift
 .text.__mcmp   0x0000000008007ff8       0x38 /usr/bin/../lib/gcc/arm-none-eabi/7.3.1/../../../../arm-none-eabi/lib/thumb/v7e-m/fpv4-sp/hard/libc.a(lib_a-mprec.o)
                0x0000000008007ff8                __mcmp
 .text.__mdiff  0x0000000008008030       0xec /usr/bin/../lib/gcc/arm-none-eabi/7.3.1/../../../../arm-none-eabi/lib/thumb/v7e-m/fpv4-sp/hard/libc.a(lib_a-mprec.o)
                0x0000000008008030                __mdiff
 .text.__d2b    0x000000000800811c       0xc4 /usr/bin/../lib/gcc/arm-none-eabi/7.3.1/../../../../arm-none-eabi/lib/thumb/v7e-m/fpv4-sp/hard/libc.a(lib_a-mprec.o)
                0x000000000800811c                __d2b
 .text.frexp    0x00000000080081e0       0x68 /usr/bin/../lib/gcc/arm-none-eabi/7.3.1/../../../../arm-none-eabi/lib/thumb/v7e-m/fpv4-sp/hard/libc.a(lib_a-s_frexp.o)
                0x00000000080081e0                frexp
 .text._sbrk_r  0x0000000008008248       0x24 /usr/bin/../lib/gcc/arm-none-eabi/7.3.1/../../../../arm-none-eabi/lib/thumb/v7e-m/fpv4-sp/hard/libc.a(lib_a-sbrkr.o)
                0x0000000008008248                _sbrk_r
 .text.strncpy  0x000000000800826c       0x64 /usr/bin/../lib/gcc/arm-none-eabi/7.3.1/../../../../arm-none-eabi/lib/thumb/v7e-m/fpv4-sp/hard/libc.a(lib_a-strncpy.o)
                0x000000000800826c                strncpy
 .text.__ssprint_r
                0x00000000080082d0       0xf4 /usr/bin/../lib/gcc/arm-none-eabi/7.3.1/../../../../arm-none-eabi/lib/thumb/v7e-m/fpv4-sp/hard/libc.a(lib_a-svfiprintf.o)
                0x00000000080082d0                __ssprint_r
 .text.__register_exitproc
                0x00000000080083c4       0xc0 /usr/bin/../lib/gcc/arm-none-eabi/7.3.1/../../../../arm-none-eabi/lib/thumb/v7e-m/fpv4-sp/hard/libc.a(lib_a-__atexit.o)
                0x00000000080083c4                __register_exitproc
 .text._calloc_r
                0x0000000008008484       0x68 /usr/bin/../lib/gcc/arm-none-eabi/7.3.1/../../../../arm-none-eabi/lib/thumb/v7e-m/fpv4-sp/hard/libc.a(lib_a-callocr.o)
                0x0000000008008484                _calloc_r
 .text.__ascii_mbtowc
                0x00000000080084ec       0x2c /usr/bin/../lib/gcc/arm-none-eabi/7.3.1/../../../../arm-none-eabi/lib/thumb/v7e-m/fpv4-sp/hard/libc.a(lib_a-mbtowc_r.o)
                0x00000000080084ec                __ascii_mbtowc
 .text.memmove  0x0000000008008518       0xc8 /usr/bin/../lib/gcc/arm-none-eabi/7.3.1/../../../../arm-none-eabi/lib/thumb/v7e-m/fpv4-sp/hard/libc.a(lib_a-memmove.o)
                0x0000000008008518                memmove
 .text._realloc_r
                0x00000000080085e0      0x35c /usr/bin/../lib/gcc/arm-none-eabi/7.3.1/../../../../arm-none-eabi/lib/thumb/v7e-m/fpv4-sp/hard/libc.a(lib_a-reallocr.o)
                0x00000000080085e0                _realloc_r
 .text.__ascii_wctomb
                0x000000000800893c       0x1c /usr/bin/../lib/gcc/arm-none-eabi/7.3.1/../../../../arm-none-eabi/lib/thumb/v7e-m/fpv4-sp/hard/libc.a(lib_a-wctomb_r.o)
                0x000000000800893c                __ascii_wctomb
 .text._sbrk    0x0000000008008958       0x1c /usr/bin/../lib/gcc/arm-none-eabi/7.3.1/../../../../arm-none-eabi/lib/thumb/v7e-m/fpv4-sp/hard/libnosys.a(sbrk.o)
                0x0000000008008958                _sbrk
 .text._exit    0x0000000008008974        0x4 /usr/bin/../lib/gcc/arm-none-eabi/7.3.1/../../../../arm-none-eabi/lib/thumb/v7e-m/fpv4-sp/hard/libnosys.a(_exit.o)
                0x0000000008008974                _exit
 .text          0x0000000008008978      0x378 /usr/bin/../lib/gcc/arm-none-eabi/7.3.1/thumb/v7e-m/fpv4-sp/hard/libgcc.a(_arm_addsubdf3.o)
                0x0000000008008978                __aeabi_drsub
                0x0000000008008980                __aeabi_dsub
                0x0000000008008980                __subdf3
                0x0000000008008984                __adddf3
                0x0000000008008984                __aeabi_dadd
                0x0000000008008bfc                __aeabi_ui2d
                0x0000000008008bfc                __floatunsidf
                0x0000000008008c1c                __floatsidf
                0x0000000008008c1c                __aeabi_i2d
                0x0000000008008c40                __extendsfdf2
                0x0000000008008c40                __aeabi_f2d
                0x0000000008008c84                __aeabi_ul2d
                0x0000000008008c84                __floatundidf
                0x0000000008008c94                __floatdidf
                0x0000000008008c94                __aeabi_l2d
 .text          0x0000000008008cf0      0x424 /usr/bin/../lib/gcc/arm-none-eabi/7.3.1/thumb/v7e-m/fpv4-sp/hard/libgcc.a(_arm_muldivdf3.o)
                0x0000000008008cf0                __aeabi_dmul
                0x0000000008008cf0                __muldf3
                0x0000000008008f44                __aeabi_ddiv
                0x0000000008008f44                __divdf3
 .text          0x0000000008009114      0x110 /usr/bin/../lib/gcc/arm-none-eabi/7.3.1/thumb/v7e-m/fpv4-sp/hard/libgcc.a(_arm_cmpdf2.o)
                0x0000000008009114                __gtdf2
                0x0000000008009114                __gedf2
                0x000000000800911c                __ltdf2
                0x000000000800911c                __ledf2
                0x0000000008009124                __cmpdf2
                0x0000000008009124                __eqdf2
                0x0000000008009124                __nedf2
                0x00000000080091a0                __aeabi_cdrcmple
                0x00000000080091b0                __aeabi_cdcmple
                0x00000000080091b0                __aeabi_cdcmpeq
                0x00000000080091c0                __aeabi_dcmpeq
                0x00000000080091d4                __aeabi_dcmplt
                0x00000000080091e8                __aeabi_dcmple
                0x00000000080091fc                __aeabi_dcmpge
                0x0000000008009210                __aeabi_dcmpgt
 .text          0x0000000008009224       0x2c /usr/bin/../lib/gcc/arm-none-eabi/7.3.1/thumb/v7e-m/fpv4-sp/hard/libgcc.a(_arm_unorddf2.o)
                0x0000000008009224                __aeabi_dcmpun
                0x0000000008009224                __unorddf2
 .text          0x0000000008009250       0x50 /usr/bin/../lib/gcc/arm-none-eabi/7.3.1/thumb/v7e-m/fpv4-sp/hard/libgcc.a(_arm_fixdfsi.o)
                0x0000000008009250                __fixdfsi
                0x0000000008009250                __aeabi_d2iz
 .text          0x00000000080092a0       0x30 /usr/bin/../lib/gcc/arm-none-eabi/7.3.1/thumb/v7e-m/fpv4-sp/hard/libgcc.a(_aeabi_uldivmod.o)
                0x00000000080092a0                __aeabi_uldivmod
 .text          0x00000000080092d0      0x2cc /usr/bin/../lib/gcc/arm-none-eabi/7.3.1/thumb/v7e-m/fpv4-sp/hard/libgcc.a(_udivmoddi4.o)
                0x00000000080092d0                __udivmoddi4
 .text          0x000000000800959c        0x4 /usr/bin/../lib/gcc/arm-none-eabi/7.3.1/thumb/v7e-m/fpv4-sp/hard/libgcc.a(_dvmd_tls.o)
                0x000000000800959c                __aeabi_ldiv0
                0x000000000800959c                __aeabi_idiv0
 *(.init)
 .init          0x00000000080095a0        0x4 /usr/bin/../lib/gcc/arm-none-eabi/7.3.1/thumb/v7e-m/fpv4-sp/hard/crti.o
                0x00000000080095a0                _init
 .init          0x00000000080095a4        0x8 /usr/bin/../lib/gcc/arm-none-eabi/7.3.1/thumb/v7e-m/fpv4-sp/hard/crtn.o
 *(.fini)
 .fini          0x00000000080095ac        0x4 /usr/bin/../lib/gcc/arm-none-eabi/7.3.1/thumb/v7e-m/fpv4-sp/hard/crti.o
                0x00000000080095ac                _fini
 .fini          0x00000000080095b0        0x8 /usr/bin/../lib/gcc/arm-none-eabi/7.3.1/thumb/v7e-m/fpv4-sp/hard/crtn.o
 *crtbegin.o(.ctors)
 *crtbegin?.o(.ctors)
 *(EXCLUDE_FILE(*crtend.o *crtend?.o) .ctors)
 *(SORT_BY_NAME(.ctors.*))
 *(.ctors)
 *crtbegin.o(.dtors)
 *crtbegin?.o(.dtors)
 *(EXCLUDE_FILE(*crtend.o *crtend?.o) .dtors)
 *(SORT_BY_NAME(.dtors.*))
 *(.dtors)
 *(.rodata*)
 .rodata.SanityChecksOK.str1.4
                0x00000000080095b8       0x35 obj/main.o
 *fill*         0x00000000080095ed        0x3 
 .rodata.main.str1.4
                0x00000000080095f0       0x32 obj/main.o
 .rodata.DisplayHeader.str1.1
                0x0000000008009622       0x27 library.a(initialize.o)
 .rodata.Font12_Table
                0x0000000008009649      0x474 library.a(stm32f429i_discovery_lcd.o)
                0x0000000008009649                Font12_Table
 .rodata.Font16_Table
                0x0000000008009abd      0xbe0 library.a(stm32f429i_discovery_lcd.o)
                0x0000000008009abd                Font16_Table
 .rodata.Font24_Table
                0x000000000800a69d     0x1ab8 library.a(stm32f429i_discovery_lcd.o)
                0x000000000800a69d                Font24_Table
 .rodata.APBAHBPrescTable
                0x000000000800c155       0x10 library.a(stm32f4xx_hal_rcc.o)
                0x000000000800c155                APBAHBPrescTable
 *fill*         0x000000000800c165        0x3 
 .rodata._global_impure_ptr
                0x000000000800c168        0x4 /usr/bin/../lib/gcc/arm-none-eabi/7.3.1/../../../../arm-none-eabi/lib/thumb/v7e-m/fpv4-sp/hard/libc.a(lib_a-impure.o)
                0x000000000800c168                _global_impure_ptr
 .rodata._svfprintf_r.str1.4
                0x000000000800c16c       0x42 /usr/bin/../lib/gcc/arm-none-eabi/7.3.1/../../../../arm-none-eabi/lib/thumb/v7e-m/fpv4-sp/hard/libc.a(lib_a-svfprintf.o)
 *fill*         0x000000000800c1ae        0x2 
 .rodata.blanks.8590
                0x000000000800c1b0       0x10 /usr/bin/../lib/gcc/arm-none-eabi/7.3.1/../../../../arm-none-eabi/lib/thumb/v7e-m/fpv4-sp/hard/libc.a(lib_a-svfprintf.o)
 .rodata.zeroes.8591
                0x000000000800c1c0       0x10 /usr/bin/../lib/gcc/arm-none-eabi/7.3.1/../../../../arm-none-eabi/lib/thumb/v7e-m/fpv4-sp/hard/libc.a(lib_a-svfprintf.o)
 .rodata._dtoa_r.str1.4
                0x000000000800c1d0       0x10 /usr/bin/../lib/gcc/arm-none-eabi/7.3.1/../../../../arm-none-eabi/lib/thumb/v7e-m/fpv4-sp/hard/libc.a(lib_a-dtoa.o)
                                         0x12 (size before relaxing)
 .rodata.__mprec_bigtens
                0x000000000800c1e0       0x28 /usr/bin/../lib/gcc/arm-none-eabi/7.3.1/../../../../arm-none-eabi/lib/thumb/v7e-m/fpv4-sp/hard/libc.a(lib_a-mprec.o)
                0x000000000800c1e0                __mprec_bigtens
 .rodata.__mprec_tens
                0x000000000800c208       0xc8 /usr/bin/../lib/gcc/arm-none-eabi/7.3.1/../../../../arm-none-eabi/lib/thumb/v7e-m/fpv4-sp/hard/libc.a(lib_a-mprec.o)
                0x000000000800c208                __mprec_tens
 .rodata.p05.7367
                0x000000000800c2d0        0xc /usr/bin/../lib/gcc/arm-none-eabi/7.3.1/../../../../arm-none-eabi/lib/thumb/v7e-m/fpv4-sp/hard/libc.a(lib_a-mprec.o)
 .rodata._setlocale_r.str1.4
                0x000000000800c2dc        0xa /usr/bin/../lib/gcc/arm-none-eabi/7.3.1/../../../../arm-none-eabi/lib/thumb/v7e-m/fpv4-sp/hard/libc.a(lib_a-locale.o)
                                          0xd (size before relaxing)
 *fill*         0x000000000800c2e6        0x2 
 .rodata.str1.4
                0x000000000800c2e8        0x4 /usr/bin/../lib/gcc/arm-none-eabi/7.3.1/../../../../arm-none-eabi/lib/thumb/v7e-m/fpv4-sp/hard/libc.a(lib_a-locale.o)
                                          0x2 (size before relaxing)
 .rodata._ctype_
                0x000000000800c2ec      0x101 /usr/bin/../lib/gcc/arm-none-eabi/7.3.1/../../../../arm-none-eabi/lib/thumb/v7e-m/fpv4-sp/hard/libc.a(lib_a-ctype_.o)
                0x000000000800c2ec                _ctype_
 *(.eh_frame*)
 *fill*         0x000000000800c3ed        0x3 
 .eh_frame      0x000000000800c3f0        0x0 /usr/bin/../lib/gcc/arm-none-eabi/7.3.1/thumb/v7e-m/fpv4-sp/hard/crtbegin.o
 .eh_frame      0x000000000800c3f0        0x4 /usr/bin/../lib/gcc/arm-none-eabi/7.3.1/thumb/v7e-m/fpv4-sp/hard/crtend.o

.glue_7         0x000000000800c3f4        0x0
 .glue_7        0x000000000800c3f4        0x0 linker stubs

.glue_7t        0x000000000800c3f4        0x0
 .glue_7t       0x000000000800c3f4        0x0 linker stubs

.vfp11_veneer   0x000000000800c3f4        0x0
 .vfp11_veneer  0x000000000800c3f4        0x0 linker stubs

.v4_bx          0x000000000800c3f4        0x0
 .v4_bx         0x000000000800c3f4        0x0 linker stubs

.iplt           0x000000000800c3f4        0x0
 .iplt          0x000000000800c3f4        0x0 /usr/bin/../lib/gcc/arm-none-eabi/7.3.1/thumb/v7e-m/fpv4-sp/hard/crtbegin.o

.ARM.extab
 *(.ARM.extab* .gnu.linkonce.armextab.*)
                0x000000000800c3f4                __exidx_start = .

.ARM.exidx      0x000000000800c3f4        0x8
 *(.ARM.exidx* .gnu.linkonce.armexidx.*)
 .ARM.exidx     0x000000000800c3f4        0x8 /usr/bin/../lib/gcc/arm-none-eabi/7.3.1/../../../../arm-none-eabi/lib/thumb/v7e-m/fpv4-sp/hard/crt0.o
 .ARM.exidx     0x000000000800c3fc        0x0 /usr/bin/../lib/gcc/arm-none-eabi/7.3.1/thumb/v7e-m/fpv4-sp/hard/libgcc.a(_udivmoddi4.o)
                                          0x8 (size before relaxing)
                0x000000000800c3fc                __exidx_end = .
                0x000000000800c3fc                __etext = .

.rel.dyn        0x000000000800c3fc        0x0
 .rel.iplt      0x000000000800c3fc        0x0 /usr/bin/../lib/gcc/arm-none-eabi/7.3.1/thumb/v7e-m/fpv4-sp/hard/crtbegin.o

.data           0x0000000020000000      0xa30 load address 0x000000000800c3fc
                0x0000000020000000                __data_start__ = .
 *(vtable)
 *(.data*)
 .data.max.6707
                0x0000000020000000        0xc obj/main.o
 .data.min.6706
                0x000000002000000c        0xc obj/main.o
 .data.BUTTON_PORT
                0x0000000020000018        0x4 library.a(stm32f429i_discovery.o)
                0x0000000020000018                BUTTON_PORT
 .data.SpixTimeout
                0x000000002000001c        0x4 library.a(stm32f429i_discovery.o)
                0x000000002000001c                SpixTimeout
 .data.Font12   0x0000000020000020        0x8 library.a(stm32f429i_discovery_lcd.o)
                0x0000000020000020                Font12
 .data.Font16   0x0000000020000028        0x8 library.a(stm32f429i_discovery_lcd.o)
                0x0000000020000028                Font16
 .data.Font24   0x0000000020000030        0x8 library.a(stm32f429i_discovery_lcd.o)
                0x0000000020000030                Font24
 .data.SystemCoreClock
                0x0000000020000038        0x4 library.a(system_stm32f4xx.o)
                0x0000000020000038                SystemCoreClock
 .data.ili9341_drv
                0x000000002000003c       0x38 library.a(ili9341.o)
                0x000000002000003c                ili9341_drv
 .data._impure_ptr
                0x0000000020000074        0x4 /usr/bin/../lib/gcc/arm-none-eabi/7.3.1/../../../../arm-none-eabi/lib/thumb/v7e-m/fpv4-sp/hard/libc.a(lib_a-impure.o)
                0x0000000020000074                _impure_ptr
 .data.impure_data
                0x0000000020000078      0x428 /usr/bin/../lib/gcc/arm-none-eabi/7.3.1/../../../../arm-none-eabi/lib/thumb/v7e-m/fpv4-sp/hard/libc.a(lib_a-impure.o)
 .data.__atexit_recursive_mutex
                0x00000000200004a0        0x4 /usr/bin/../lib/gcc/arm-none-eabi/7.3.1/../../../../arm-none-eabi/lib/thumb/v7e-m/fpv4-sp/hard/libc.a(lib_a-__call_atexit.o)
                0x00000000200004a0                __atexit_recursive_mutex
 .data.__malloc_av_
                0x00000000200004a4      0x408 /usr/bin/../lib/gcc/arm-none-eabi/7.3.1/../../../../arm-none-eabi/lib/thumb/v7e-m/fpv4-sp/hard/libc.a(lib_a-mallocr.o)
                0x00000000200004a4                __malloc_av_
 .data.__malloc_sbrk_base
                0x00000000200008ac        0x4 /usr/bin/../lib/gcc/arm-none-eabi/7.3.1/../../../../arm-none-eabi/lib/thumb/v7e-m/fpv4-sp/hard/libc.a(lib_a-mallocr.o)
                0x00000000200008ac                __malloc_sbrk_base
 .data.__malloc_trim_threshold
                0x00000000200008b0        0x4 /usr/bin/../lib/gcc/arm-none-eabi/7.3.1/../../../../arm-none-eabi/lib/thumb/v7e-m/fpv4-sp/hard/libc.a(lib_a-mallocr.o)
                0x00000000200008b0                __malloc_trim_threshold
 .data.__global_locale
                0x00000000200008b4      0x16c /usr/bin/../lib/gcc/arm-none-eabi/7.3.1/../../../../arm-none-eabi/lib/thumb/v7e-m/fpv4-sp/hard/libc.a(lib_a-locale.o)
                0x00000000200008b4                __global_locale
                0x0000000020000a20                . = ALIGN (0x4)
                0x0000000020000a20                PROVIDE (__preinit_array_start = .)
 *(.preinit_array)
                0x0000000020000a20                PROVIDE (__preinit_array_end = .)
                0x0000000020000a20                . = ALIGN (0x4)
                0x0000000020000a20                PROVIDE (__init_array_start = .)
 *(SORT_BY_NAME(.init_array.*))
 .init_array.00000
                0x0000000020000a20        0x4 /usr/bin/../lib/gcc/arm-none-eabi/7.3.1/../../../../arm-none-eabi/lib/thumb/v7e-m/fpv4-sp/hard/libc.a(lib_a-__call_atexit.o)
 *(.init_array)
 .init_array    0x0000000020000a24        0x4 /usr/bin/../lib/gcc/arm-none-eabi/7.3.1/thumb/v7e-m/fpv4-sp/hard/crtbegin.o
                0x0000000020000a28                PROVIDE (__init_array_end = .)
                0x0000000020000a28                . = ALIGN (0x8)
                0x0000000020000a28                PROVIDE (__fini_array_start = .)
 *(SORT_BY_NAME(.fini_array.*))
 *(.fini_array)
 .fini_array    0x0000000020000a28        0x4 /usr/bin/../lib/gcc/arm-none-eabi/7.3.1/thumb/v7e-m/fpv4-sp/hard/crtbegin.o
                0x0000000020000a2c                PROVIDE (__fini_array_end = .)
                0x0000000020000a30                . = ALIGN (0x8)
 *fill*         0x0000000020000a2c        0x4 
                0x0000000020000a30                __data_end__ = .

.igot.plt       0x0000000020000a30        0x0 load address 0x000000000800ce2c
 .igot.plt      0x0000000020000a30        0x0 /usr/bin/../lib/gcc/arm-none-eabi/7.3.1/thumb/v7e-m/fpv4-sp/hard/crtbegin.o

.bss            0x0000000020000a30     0x2c98 load address 0x000000000800ce2c
                0x0000000020000a30                __bss_start__ = .
 *(.bss*)
 .bss           0x0000000020000a30       0x1c /usr/bin/../lib/gcc/arm-none-eabi/7.3.1/thumb/v7e-m/fpv4-sp/hard/crtbegin.o
 .bss.count.6709
                0x0000000020000a4c        0x4 obj/main.o
 .bss.total.6708
                0x0000000020000a50        0xc obj/main.o
 .bss.x.6657    0x0000000020000a5c        0x4 obj/main.o
 .bss.y.6658    0x0000000020000a60        0x4 obj/main.o
 .bss.buffer    0x0000000020000a64      0x620 library.a(initialize.o)
 .bss.Is_LCD_IO_Initialized
                0x0000000020001084        0x1 library.a(stm32f429i_discovery.o)
 *fill*         0x0000000020001085        0x3 
 .bss.SpiHandle
                0x0000000020001088       0x58 library.a(stm32f429i_discovery.o)
 .bss.ActiveLayer
                0x00000000200010e0        0x4 library.a(stm32f429i_discovery_lcd.o)
 .bss.Dma2dHandler
                0x00000000200010e4       0x40 library.a(stm32f429i_discovery_lcd.o)
 .bss.DrawProp  0x0000000020001124       0x18 library.a(stm32f429i_discovery_lcd.o)
 .bss.LtdcHandler
                0x000000002000113c       0xa8 library.a(stm32f429i_discovery_lcd.o)
 .bss.PeriphClkInitStruct
                0x00000000200011e4       0x30 library.a(stm32f429i_discovery_lcd.o)
 .bss.Command   0x0000000020001214       0x10 library.a(stm32f429i_discovery_sdram.o)
 .bss.SdramHandle
                0x0000000020001224       0x34 library.a(stm32f429i_discovery_sdram.o)
 .bss.Timing    0x0000000020001258       0x1c library.a(stm32f429i_discovery_sdram.o)
 .bss.dmaHandle.11858
                0x0000000020001274       0x50 library.a(stm32f429i_discovery_sdram.o)
 .bss.uwTick    0x00000000200012c4        0x4 library.a(stm32f4xx_hal.o)
 .bss.__malloc_current_mallinfo
                0x00000000200012c8       0x28 /usr/bin/../lib/gcc/arm-none-eabi/7.3.1/../../../../arm-none-eabi/lib/thumb/v7e-m/fpv4-sp/hard/libc.a(lib_a-mallocr.o)
                0x00000000200012c8                __malloc_current_mallinfo
 .bss.__malloc_max_sbrked_mem
                0x00000000200012f0        0x4 /usr/bin/../lib/gcc/arm-none-eabi/7.3.1/../../../../arm-none-eabi/lib/thumb/v7e-m/fpv4-sp/hard/libc.a(lib_a-mallocr.o)
                0x00000000200012f0                __malloc_max_sbrked_mem
 .bss.__malloc_max_total_mem
                0x00000000200012f4        0x4 /usr/bin/../lib/gcc/arm-none-eabi/7.3.1/../../../../arm-none-eabi/lib/thumb/v7e-m/fpv4-sp/hard/libc.a(lib_a-mallocr.o)
                0x00000000200012f4                __malloc_max_total_mem
 .bss.__malloc_top_pad
                0x00000000200012f8        0x4 /usr/bin/../lib/gcc/arm-none-eabi/7.3.1/../../../../arm-none-eabi/lib/thumb/v7e-m/fpv4-sp/hard/libc.a(lib_a-mallocr.o)
                0x00000000200012f8                __malloc_top_pad
 .bss.heap_end.5377
                0x00000000200012fc        0x4 /usr/bin/../lib/gcc/arm-none-eabi/7.3.1/../../../../arm-none-eabi/lib/thumb/v7e-m/fpv4-sp/hard/libnosys.a(sbrk.o)
 *(COMMON)
 COMMON         0x0000000020001300     0x2399 obj/main.o
                0x0000000020001300                parent
                0x00000000200032a4                flags
 *fill*         0x0000000020003699        0x3 
 COMMON         0x000000002000369c        0x4 library.a(stm32f429i_discovery_lcd.o)
                0x000000002000369c                LcdDrv
 COMMON         0x00000000200036a0       0x21 /usr/bin/../lib/gcc/arm-none-eabi/7.3.1/../../../../arm-none-eabi/lib/thumb/v7e-m/fpv4-sp/hard/libc.a(lib_a-lock.o)
                0x00000000200036a0                __lock___atexit_recursive_mutex
                0x00000000200036a4                __lock___arc4random_mutex
                0x00000000200036a8                __lock___env_recursive_mutex
                0x00000000200036ac                __lock___sinit_recursive_mutex
                0x00000000200036b0                __lock___malloc_recursive_mutex
                0x00000000200036b4                __lock___at_quick_exit_mutex
                0x00000000200036b8                __lock___dd_hash_mutex
                0x00000000200036bc                __lock___tz_mutex
                0x00000000200036c0                __lock___sfp_recursive_mutex
 *fill*         0x00000000200036c1        0x3 
 COMMON         0x00000000200036c4        0x4 /usr/bin/../lib/gcc/arm-none-eabi/7.3.1/../../../../arm-none-eabi/lib/thumb/v7e-m/fpv4-sp/hard/libc.a(lib_a-reent.o)
                0x00000000200036c4                errno
                0x00000000200036c8                __bss_end__ = .

.ccm            0x0000000010000000        0x0
                0x0000000010000000                . = ALIGN (0x4)
                0x0000000010000000                __ccm_start__ = .
 *(.ccm*)
                0x0000000010000000                . = ALIGN (0x4)
                0x0000000010000000                __ccm_end__ = .

.heap           0x0000000010000000      0xc00
                0x0000000010000000                __end__ = .
                0x0000000010000000                end = __end__
 *(.heap*)
 .heap          0x0000000010000000      0xc00 library.a(startup_stm32f429xx.o)
                0x0000000010000000                __HeapBase
                0x0000000010000c00                __HeapLimit = .

.stack_dummy    0x0000000010000000     0x1000
 *(.stack)
 .stack         0x0000000010000000     0x1000 library.a(startup_stm32f429xx.o)
                0x0000000010010000                __StackTop = (ORIGIN (CCM) + LENGTH (CCM))
                0x000000001000f000                __StackLimit = (__StackTop - SIZEOF (.stack_dummy))
                0x0000000010010000                PROVIDE (__stack = __StackTop)
                0x0000000000000001                ASSERT ((__StackLimit >= __HeapLimit), region CCM overflowed with stack)
OUTPUT(output.elf elf32-littlearm)

.ARM.attributes
                0x0000000000000000       0x30
 .ARM.attributes
                0x0000000000000000       0x22 /usr/bin/../lib/gcc/arm-none-eabi/7.3.1/thumb/v7e-m/fpv4-sp/hard/crti.o
 .ARM.attributes
                0x0000000000000022       0x34 /usr/bin/../lib/gcc/arm-none-eabi/7.3.1/thumb/v7e-m/fpv4-sp/hard/crtbegin.o
 .ARM.attributes
                0x0000000000000056       0x20 /usr/bin/../lib/gcc/arm-none-eabi/7.3.1/../../../../arm-none-eabi/lib/thumb/v7e-m/fpv4-sp/hard/crt0.o
 .ARM.attributes
                0x0000000000000076       0x39 obj/main.o
 .ARM.attributes
                0x00000000000000af       0x25 obj/func.o
 .ARM.attributes
                0x00000000000000d4       0x39 library.a(initialize.o)
 .ARM.attributes
                0x000000000000010d       0x39 library.a(stm32f429i_discovery.o)
 .ARM.attributes
                0x0000000000000146       0x39 library.a(stm32f429i_discovery_lcd.o)
 .ARM.attributes
                0x000000000000017f       0x39 library.a(stm32f429i_discovery_sdram.o)
 .ARM.attributes
                0x00000000000001b8       0x39 library.a(stm32f4xx_hal.o)
 .ARM.attributes
                0x00000000000001f1       0x39 library.a(stm32f4xx_hal_cortex.o)
 .ARM.attributes
                0x000000000000022a       0x39 library.a(stm32f4xx_hal_dma.o)
 .ARM.attributes
                0x0000000000000263       0x39 library.a(stm32f4xx_hal_dma2d.o)
 .ARM.attributes
                0x000000000000029c       0x39 library.a(stm32f4xx_hal_gpio.o)
 .ARM.attributes
                0x00000000000002d5       0x39 library.a(stm32f4xx_hal_ltdc.o)
 .ARM.attributes
                0x000000000000030e       0x39 library.a(stm32f4xx_hal_rcc.o)
 .ARM.attributes
                0x0000000000000347       0x39 library.a(stm32f4xx_hal_rcc_ex.o)
 .ARM.attributes
                0x0000000000000380       0x39 library.a(stm32f4xx_hal_sdram.o)
 .ARM.attributes
                0x00000000000003b9       0x39 library.a(stm32f4xx_hal_spi.o)
 .ARM.attributes
                0x00000000000003f2       0x39 library.a(stm32f4xx_it.o)
 .ARM.attributes
                0x000000000000042b       0x39 library.a(stm32f4xx_ll_fmc.o)
 .ARM.attributes
                0x0000000000000464       0x39 library.a(system_stm32f4xx.o)
 .ARM.attributes
                0x000000000000049d       0x1f library.a(startup_stm32f429xx.o)
 .ARM.attributes
                0x00000000000004bc       0x39 library.a(ili9341.o)
 .ARM.attributes
                0x00000000000004f5       0x34 /usr/bin/../lib/gcc/arm-none-eabi/7.3.1/../../../../arm-none-eabi/lib/thumb/v7e-m/fpv4-sp/hard/libc.a(lib_a-exit.o)
 .ARM.attributes
                0x0000000000000529       0x34 /usr/bin/../lib/gcc/arm-none-eabi/7.3.1/../../../../arm-none-eabi/lib/thumb/v7e-m/fpv4-sp/hard/libc.a(lib_a-impure.o)
 .ARM.attributes
                0x000000000000055d       0x34 /usr/bin/../lib/gcc/arm-none-eabi/7.3.1/../../../../arm-none-eabi/lib/thumb/v7e-m/fpv4-sp/hard/libc.a(lib_a-init.o)
 .ARM.attributes
                0x0000000000000591       0x34 /usr/bin/../lib/gcc/arm-none-eabi/7.3.1/../../../../arm-none-eabi/lib/thumb/v7e-m/fpv4-sp/hard/libc.a(lib_a-memset.o)
 .ARM.attributes
                0x00000000000005c5       0x34 /usr/bin/../lib/gcc/arm-none-eabi/7.3.1/../../../../arm-none-eabi/lib/thumb/v7e-m/fpv4-sp/hard/libc.a(lib_a-sprintf.o)
 .ARM.attributes
                0x00000000000005f9       0x20 /usr/bin/../lib/gcc/arm-none-eabi/7.3.1/../../../../arm-none-eabi/lib/thumb/v7e-m/fpv4-sp/hard/libc.a(lib_a-strlen.o)
 .ARM.attributes
                0x0000000000000619       0x34 /usr/bin/../lib/gcc/arm-none-eabi/7.3.1/../../../../arm-none-eabi/lib/thumb/v7e-m/fpv4-sp/hard/libc.a(lib_a-svfprintf.o)
 .ARM.attributes
                0x000000000000064d       0x34 /usr/bin/../lib/gcc/arm-none-eabi/7.3.1/../../../../arm-none-eabi/lib/thumb/v7e-m/fpv4-sp/hard/libc.a(lib_a-__call_atexit.o)
 .ARM.attributes
                0x0000000000000681       0x34 /usr/bin/../lib/gcc/arm-none-eabi/7.3.1/../../../../arm-none-eabi/lib/thumb/v7e-m/fpv4-sp/hard/libc.a(lib_a-atexit.o)
 .ARM.attributes
                0x00000000000006b5       0x34 /usr/bin/../lib/gcc/arm-none-eabi/7.3.1/../../../../arm-none-eabi/lib/thumb/v7e-m/fpv4-sp/hard/libc.a(lib_a-dtoa.o)
 .ARM.attributes
                0x00000000000006e9       0x34 /usr/bin/../lib/gcc/arm-none-eabi/7.3.1/../../../../arm-none-eabi/lib/thumb/v7e-m/fpv4-sp/hard/libc.a(lib_a-fini.o)
 .ARM.attributes
                0x000000000000071d       0x34 /usr/bin/../lib/gcc/arm-none-eabi/7.3.1/../../../../arm-none-eabi/lib/thumb/v7e-m/fpv4-sp/hard/libc.a(lib_a-freer.o)
 .ARM.attributes
                0x0000000000000751       0x34 /usr/bin/../lib/gcc/arm-none-eabi/7.3.1/../../../../arm-none-eabi/lib/thumb/v7e-m/fpv4-sp/hard/libc.a(lib_a-localeconv.o)
 .ARM.attributes
                0x0000000000000785       0x34 /usr/bin/../lib/gcc/arm-none-eabi/7.3.1/../../../../arm-none-eabi/lib/thumb/v7e-m/fpv4-sp/hard/libc.a(lib_a-lock.o)
 .ARM.attributes
                0x00000000000007b9       0x34 /usr/bin/../lib/gcc/arm-none-eabi/7.3.1/../../../../arm-none-eabi/lib/thumb/v7e-m/fpv4-sp/hard/libc.a(lib_a-mallocr.o)
 .ARM.attributes
                0x00000000000007ed       0x20 /usr/bin/../lib/gcc/arm-none-eabi/7.3.1/../../../../arm-none-eabi/lib/thumb/v7e-m/fpv4-sp/hard/libc.a(lib_a-memchr.o)
 .ARM.attributes
                0x000000000000080d       0x20 /usr/bin/../lib/gcc/arm-none-eabi/7.3.1/../../../../arm-none-eabi/lib/thumb/v7e-m/fpv4-sp/hard/libc.a(lib_a-memcpy.o)
 .ARM.attributes
                0x000000000000082d       0x34 /usr/bin/../lib/gcc/arm-none-eabi/7.3.1/../../../../arm-none-eabi/lib/thumb/v7e-m/fpv4-sp/hard/libc.a(lib_a-mlock.o)
 .ARM.attributes
                0x0000000000000861       0x34 /usr/bin/../lib/gcc/arm-none-eabi/7.3.1/../../../../arm-none-eabi/lib/thumb/v7e-m/fpv4-sp/hard/libc.a(lib_a-mprec.o)
 .ARM.attributes
                0x0000000000000895       0x34 /usr/bin/../lib/gcc/arm-none-eabi/7.3.1/../../../../arm-none-eabi/lib/thumb/v7e-m/fpv4-sp/hard/libc.a(lib_a-s_frexp.o)
 .ARM.attributes
                0x00000000000008c9       0x34 /usr/bin/../lib/gcc/arm-none-eabi/7.3.1/../../../../arm-none-eabi/lib/thumb/v7e-m/fpv4-sp/hard/libc.a(lib_a-sbrkr.o)
 .ARM.attributes
                0x00000000000008fd       0x34 /usr/bin/../lib/gcc/arm-none-eabi/7.3.1/../../../../arm-none-eabi/lib/thumb/v7e-m/fpv4-sp/hard/libc.a(lib_a-strncpy.o)
 .ARM.attributes
                0x0000000000000931       0x34 /usr/bin/../lib/gcc/arm-none-eabi/7.3.1/../../../../arm-none-eabi/lib/thumb/v7e-m/fpv4-sp/hard/libc.a(lib_a-svfiprintf.o)
 .ARM.attributes
                0x0000000000000965       0x34 /usr/bin/../lib/gcc/arm-none-eabi/7.3.1/../../../../arm-none-eabi/lib/thumb/v7e-m/fpv4-sp/hard/libc.a(lib_a-__atexit.o)
 .ARM.attributes
                0x0000000000000999       0x34 /usr/bin/../lib/gcc/arm-none-eabi/7.3.1/../../../../arm-none-eabi/lib/thumb/v7e-m/fpv4-sp/hard/libc.a(lib_a-callocr.o)
 .ARM.attributes
                0x00000000000009cd       0x34 /usr/bin/../lib/gcc/arm-none-eabi/7.3.1/../../../../arm-none-eabi/lib/thumb/v7e-m/fpv4-sp/hard/libc.a(lib_a-locale.o)
 .ARM.attributes
                0x0000000000000a01       0x34 /usr/bin/../lib/gcc/arm-none-eabi/7.3.1/../../../../arm-none-eabi/lib/thumb/v7e-m/fpv4-sp/hard/libc.a(lib_a-mbtowc_r.o)
 .ARM.attributes
                0x0000000000000a35       0x34 /usr/bin/../lib/gcc/arm-none-eabi/7.3.1/../../../../arm-none-eabi/lib/thumb/v7e-m/fpv4-sp/hard/libc.a(lib_a-memmove.o)
 .ARM.attributes
                0x0000000000000a69       0x34 /usr/bin/../lib/gcc/arm-none-eabi/7.3.1/../../../../arm-none-eabi/lib/thumb/v7e-m/fpv4-sp/hard/libc.a(lib_a-reallocr.o)
 .ARM.attributes
                0x0000000000000a9d       0x34 /usr/bin/../lib/gcc/arm-none-eabi/7.3.1/../../../../arm-none-eabi/lib/thumb/v7e-m/fpv4-sp/hard/libc.a(lib_a-reent.o)
 .ARM.attributes
                0x0000000000000ad1       0x34 /usr/bin/../lib/gcc/arm-none-eabi/7.3.1/../../../../arm-none-eabi/lib/thumb/v7e-m/fpv4-sp/hard/libc.a(lib_a-wctomb_r.o)
 .ARM.attributes
                0x0000000000000b05       0x34 /usr/bin/../lib/gcc/arm-none-eabi/7.3.1/../../../../arm-none-eabi/lib/thumb/v7e-m/fpv4-sp/hard/libc.a(lib_a-ctype_.o)
 .ARM.attributes
                0x0000000000000b39       0x34 /usr/bin/../lib/gcc/arm-none-eabi/7.3.1/../../../../arm-none-eabi/lib/thumb/v7e-m/fpv4-sp/hard/libnosys.a(sbrk.o)
 .ARM.attributes
                0x0000000000000b6d       0x34 /usr/bin/../lib/gcc/arm-none-eabi/7.3.1/../../../../arm-none-eabi/lib/thumb/v7e-m/fpv4-sp/hard/libnosys.a(_exit.o)
 .ARM.attributes
                0x0000000000000ba1       0x22 /usr/bin/../lib/gcc/arm-none-eabi/7.3.1/thumb/v7e-m/fpv4-sp/hard/libgcc.a(_arm_addsubdf3.o)
 .ARM.attributes
                0x0000000000000bc3       0x22 /usr/bin/../lib/gcc/arm-none-eabi/7.3.1/thumb/v7e-m/fpv4-sp/hard/libgcc.a(_arm_muldivdf3.o)
 .ARM.attributes
                0x0000000000000be5       0x22 /usr/bin/../lib/gcc/arm-none-eabi/7.3.1/thumb/v7e-m/fpv4-sp/hard/libgcc.a(_arm_cmpdf2.o)
 .ARM.attributes
                0x0000000000000c07       0x22 /usr/bin/../lib/gcc/arm-none-eabi/7.3.1/thumb/v7e-m/fpv4-sp/hard/libgcc.a(_arm_unorddf2.o)
 .ARM.attributes
                0x0000000000000c29       0x22 /usr/bin/../lib/gcc/arm-none-eabi/7.3.1/thumb/v7e-m/fpv4-sp/hard/libgcc.a(_arm_fixdfsi.o)
 .ARM.attributes
                0x0000000000000c4b       0x22 /usr/bin/../lib/gcc/arm-none-eabi/7.3.1/thumb/v7e-m/fpv4-sp/hard/libgcc.a(_aeabi_uldivmod.o)
 .ARM.attributes
                0x0000000000000c6d       0x34 /usr/bin/../lib/gcc/arm-none-eabi/7.3.1/thumb/v7e-m/fpv4-sp/hard/libgcc.a(_udivmoddi4.o)
 .ARM.attributes
                0x0000000000000ca1       0x22 /usr/bin/../lib/gcc/arm-none-eabi/7.3.1/thumb/v7e-m/fpv4-sp/hard/libgcc.a(_dvmd_tls.o)
 .ARM.attributes
                0x0000000000000cc3       0x34 /usr/bin/../lib/gcc/arm-none-eabi/7.3.1/thumb/v7e-m/fpv4-sp/hard/crtend.o
 .ARM.attributes
                0x0000000000000cf7       0x22 /usr/bin/../lib/gcc/arm-none-eabi/7.3.1/thumb/v7e-m/fpv4-sp/hard/crtn.o

.comment        0x0000000000000000      0x17c
 .comment       0x0000000000000000       0x7f obj/main.o
                                         0x80 (size before relaxing)
 .comment       0x000000000000007f       0x7e library.a(initialize.o)
                                         0x7f (size before relaxing)
 .comment       0x00000000000000fd       0x7f library.a(stm32f429i_discovery.o)
                                         0x80 (size before relaxing)
 .comment       0x000000000000017c       0x80 library.a(stm32f429i_discovery_lcd.o)
 .comment       0x000000000000017c       0x80 library.a(stm32f429i_discovery_sdram.o)
 .comment       0x000000000000017c       0x80 library.a(stm32f4xx_hal.o)
 .comment       0x000000000000017c       0x80 library.a(stm32f4xx_hal_cortex.o)
 .comment       0x000000000000017c       0x80 library.a(stm32f4xx_hal_dma.o)
 .comment       0x000000000000017c       0x80 library.a(stm32f4xx_hal_dma2d.o)
 .comment       0x000000000000017c       0x80 library.a(stm32f4xx_hal_gpio.o)
 .comment       0x000000000000017c       0x80 library.a(stm32f4xx_hal_ltdc.o)
 .comment       0x000000000000017c       0x80 library.a(stm32f4xx_hal_rcc.o)
 .comment       0x000000000000017c       0x80 library.a(stm32f4xx_hal_rcc_ex.o)
 .comment       0x000000000000017c       0x80 library.a(stm32f4xx_hal_sdram.o)
 .comment       0x000000000000017c       0x80 library.a(stm32f4xx_hal_spi.o)
 .comment       0x000000000000017c       0x80 library.a(stm32f4xx_it.o)
 .comment       0x000000000000017c       0x80 library.a(stm32f4xx_ll_fmc.o)
 .comment       0x000000000000017c       0x80 library.a(system_stm32f4xx.o)
 .comment       0x000000000000017c       0x80 library.a(ili9341.o)

.debug_frame    0x0000000000000000      0xcc8
 .debug_frame   0x0000000000000000       0x28 /usr/bin/../lib/gcc/arm-none-eabi/7.3.1/../../../../arm-none-eabi/lib/thumb/v7e-m/fpv4-sp/hard/libc.a(lib_a-exit.o)
 .debug_frame   0x0000000000000028       0x2c /usr/bin/../lib/gcc/arm-none-eabi/7.3.1/../../../../arm-none-eabi/lib/thumb/v7e-m/fpv4-sp/hard/libc.a(lib_a-init.o)
 .debug_frame   0x0000000000000054       0x38 /usr/bin/../lib/gcc/arm-none-eabi/7.3.1/../../../../arm-none-eabi/lib/thumb/v7e-m/fpv4-sp/hard/libc.a(lib_a-memset.o)
 .debug_frame   0x000000000000008c       0x80 /usr/bin/../lib/gcc/arm-none-eabi/7.3.1/../../../../arm-none-eabi/lib/thumb/v7e-m/fpv4-sp/hard/libc.a(lib_a-sprintf.o)
 .debug_frame   0x000000000000010c       0x40 /usr/bin/../lib/gcc/arm-none-eabi/7.3.1/../../../../arm-none-eabi/lib/thumb/v7e-m/fpv4-sp/hard/libc.a(lib_a-svfprintf.o)
 .debug_frame   0x000000000000014c       0x5c /usr/bin/../lib/gcc/arm-none-eabi/7.3.1/../../../../arm-none-eabi/lib/thumb/v7e-m/fpv4-sp/hard/libc.a(lib_a-__call_atexit.o)
 .debug_frame   0x00000000000001a8       0x20 /usr/bin/../lib/gcc/arm-none-eabi/7.3.1/../../../../arm-none-eabi/lib/thumb/v7e-m/fpv4-sp/hard/libc.a(lib_a-atexit.o)
 .debug_frame   0x00000000000001c8       0x88 /usr/bin/../lib/gcc/arm-none-eabi/7.3.1/../../../../arm-none-eabi/lib/thumb/v7e-m/fpv4-sp/hard/libc.a(lib_a-dtoa.o)
 .debug_frame   0x0000000000000250       0x34 /usr/bin/../lib/gcc/arm-none-eabi/7.3.1/../../../../arm-none-eabi/lib/thumb/v7e-m/fpv4-sp/hard/libc.a(lib_a-fini.o)
 .debug_frame   0x0000000000000284       0x80 /usr/bin/../lib/gcc/arm-none-eabi/7.3.1/../../../../arm-none-eabi/lib/thumb/v7e-m/fpv4-sp/hard/libc.a(lib_a-freer.o)
 .debug_frame   0x0000000000000304       0x40 /usr/bin/../lib/gcc/arm-none-eabi/7.3.1/../../../../arm-none-eabi/lib/thumb/v7e-m/fpv4-sp/hard/libc.a(lib_a-localeconv.o)
 .debug_frame   0x0000000000000344       0xb0 /usr/bin/../lib/gcc/arm-none-eabi/7.3.1/../../../../arm-none-eabi/lib/thumb/v7e-m/fpv4-sp/hard/libc.a(lib_a-lock.o)
 .debug_frame   0x00000000000003f4       0x54 /usr/bin/../lib/gcc/arm-none-eabi/7.3.1/../../../../arm-none-eabi/lib/thumb/v7e-m/fpv4-sp/hard/libc.a(lib_a-mallocr.o)
 .debug_frame   0x0000000000000448       0x30 /usr/bin/../lib/gcc/arm-none-eabi/7.3.1/../../../../arm-none-eabi/lib/thumb/v7e-m/fpv4-sp/hard/libc.a(lib_a-mlock.o)
 .debug_frame   0x0000000000000478      0x25c /usr/bin/../lib/gcc/arm-none-eabi/7.3.1/../../../../arm-none-eabi/lib/thumb/v7e-m/fpv4-sp/hard/libc.a(lib_a-mprec.o)
 .debug_frame   0x00000000000006d4       0x2c /usr/bin/../lib/gcc/arm-none-eabi/7.3.1/../../../../arm-none-eabi/lib/thumb/v7e-m/fpv4-sp/hard/libc.a(lib_a-s_frexp.o)
 .debug_frame   0x0000000000000700       0x2c /usr/bin/../lib/gcc/arm-none-eabi/7.3.1/../../../../arm-none-eabi/lib/thumb/v7e-m/fpv4-sp/hard/libc.a(lib_a-sbrkr.o)
 .debug_frame   0x000000000000072c       0x34 /usr/bin/../lib/gcc/arm-none-eabi/7.3.1/../../../../arm-none-eabi/lib/thumb/v7e-m/fpv4-sp/hard/libc.a(lib_a-strncpy.o)
 .debug_frame   0x0000000000000760       0x74 /usr/bin/../lib/gcc/arm-none-eabi/7.3.1/../../../../arm-none-eabi/lib/thumb/v7e-m/fpv4-sp/hard/libc.a(lib_a-svfiprintf.o)
 .debug_frame   0x00000000000007d4       0x34 /usr/bin/../lib/gcc/arm-none-eabi/7.3.1/../../../../arm-none-eabi/lib/thumb/v7e-m/fpv4-sp/hard/libc.a(lib_a-__atexit.o)
 .debug_frame   0x0000000000000808       0x28 /usr/bin/../lib/gcc/arm-none-eabi/7.3.1/../../../../arm-none-eabi/lib/thumb/v7e-m/fpv4-sp/hard/libc.a(lib_a-callocr.o)
 .debug_frame   0x0000000000000830       0x6c /usr/bin/../lib/gcc/arm-none-eabi/7.3.1/../../../../arm-none-eabi/lib/thumb/v7e-m/fpv4-sp/hard/libc.a(lib_a-locale.o)
 .debug_frame   0x000000000000089c       0x4c /usr/bin/../lib/gcc/arm-none-eabi/7.3.1/../../../../arm-none-eabi/lib/thumb/v7e-m/fpv4-sp/hard/libc.a(lib_a-mbtowc_r.o)
 .debug_frame   0x00000000000008e8       0x40 /usr/bin/../lib/gcc/arm-none-eabi/7.3.1/../../../../arm-none-eabi/lib/thumb/v7e-m/fpv4-sp/hard/libc.a(lib_a-memmove.o)
 .debug_frame   0x0000000000000928       0x58 /usr/bin/../lib/gcc/arm-none-eabi/7.3.1/../../../../arm-none-eabi/lib/thumb/v7e-m/fpv4-sp/hard/libc.a(lib_a-reallocr.o)
 .debug_frame   0x0000000000000980       0x68 /usr/bin/../lib/gcc/arm-none-eabi/7.3.1/../../../../arm-none-eabi/lib/thumb/v7e-m/fpv4-sp/hard/libc.a(lib_a-reent.o)
 .debug_frame   0x00000000000009e8       0x3c /usr/bin/../lib/gcc/arm-none-eabi/7.3.1/../../../../arm-none-eabi/lib/thumb/v7e-m/fpv4-sp/hard/libc.a(lib_a-wctomb_r.o)
 .debug_frame   0x0000000000000a24       0x20 /usr/bin/../lib/gcc/arm-none-eabi/7.3.1/../../../../arm-none-eabi/lib/thumb/v7e-m/fpv4-sp/hard/libnosys.a(sbrk.o)
 .debug_frame   0x0000000000000a44       0x20 /usr/bin/../lib/gcc/arm-none-eabi/7.3.1/../../../../arm-none-eabi/lib/thumb/v7e-m/fpv4-sp/hard/libnosys.a(_exit.o)
 .debug_frame   0x0000000000000a64       0xac /usr/bin/../lib/gcc/arm-none-eabi/7.3.1/thumb/v7e-m/fpv4-sp/hard/libgcc.a(_arm_addsubdf3.o)
 .debug_frame   0x0000000000000b10       0x50 /usr/bin/../lib/gcc/arm-none-eabi/7.3.1/thumb/v7e-m/fpv4-sp/hard/libgcc.a(_arm_muldivdf3.o)
 .debug_frame   0x0000000000000b60       0xc4 /usr/bin/../lib/gcc/arm-none-eabi/7.3.1/thumb/v7e-m/fpv4-sp/hard/libgcc.a(_arm_cmpdf2.o)
 .debug_frame   0x0000000000000c24       0x20 /usr/bin/../lib/gcc/arm-none-eabi/7.3.1/thumb/v7e-m/fpv4-sp/hard/libgcc.a(_arm_unorddf2.o)
 .debug_frame   0x0000000000000c44       0x24 /usr/bin/../lib/gcc/arm-none-eabi/7.3.1/thumb/v7e-m/fpv4-sp/hard/libgcc.a(_arm_fixdfsi.o)
 .debug_frame   0x0000000000000c68       0x2c /usr/bin/../lib/gcc/arm-none-eabi/7.3.1/thumb/v7e-m/fpv4-sp/hard/libgcc.a(_aeabi_uldivmod.o)
 .debug_frame   0x0000000000000c94       0x34 /usr/bin/../lib/gcc/arm-none-eabi/7.3.1/thumb/v7e-m/fpv4-sp/hard/libgcc.a(_udivmoddi4.o)

.stabstr        0x0000000000000000      0x117
 .stabstr       0x0000000000000000      0x117 /usr/bin/../lib/gcc/arm-none-eabi/7.3.1/../../../../arm-none-eabi/lib/thumb/v7e-m/fpv4-sp/hard/libnosys.a(close.o)
